D/BackupManagerService(  809): Received broadcast Intent { act=android.intent.action.PACKAGE_REMOVED dat=package:com.ionicframework.comrevivalxionicpush778226 flg=0x4000010 (has extras) }
W/Settings(  809): Setting install_non_market_apps has moved from android.provider.Settings.Global to android.provider.Settings.Secure, returning read-only value.
I/art     (  809): Explicit concurrent mark sweep GC freed 6292(306KB) AllocSpace objects, 0(0B) LOS objects, 19% free, 65MB/81MB, paused 3.802ms total 95.941ms
I/art     (19789): System.exit called, status: 0
I/AndroidRuntime(19789): VM exiting with result code 0.
D/BackupManagerService(  809): Received broadcast Intent { act=android.intent.action.PACKAGE_ADDED dat=package:com.ionicframework.comrevivalxionicpush778226 flg=0x4000010 (has extras) }
W/BackupManagerService(  809): Removing schedule queue dupe of com.ionicframework.comrevivalxionicpush778226
I/Launcher( 1400): Deferring update until onResume
W/asset   ( 1400): Asset path /data/app/com.myfitnesspal.android-1/base.apk is neither a directory nor file (type=1).
W/PackageManager( 1400): Failure retrieving resources for com.myfitnesspal.android
W/asset   ( 1400): Asset path /data/app/com.google.android.apps.plus-2/base.apk is neither a directory nor file (type=1).
W/PackageManager( 1400): Failure retrieving resources for com.google.android.apps.plus
W/asset   ( 1400): Asset path /data/app/com.google.android.apps.plus-2/base.apk is neither a directory nor file (type=1).
W/PackageManager( 1400): Failure retrieving resources for com.google.android.apps.plus
W/asset   ( 1400): Asset path /data/app/com.google.android.talk-1/base.apk is neither a directory nor file (type=1).
W/PackageManager( 1400): Failure retrieving resources for com.google.android.talk
W/asset   ( 1400): Asset path /data/app/com.google.android.apps.plus-2/base.apk is neither a directory nor file (type=1).
W/PackageManager( 1400): Failure retrieving resources for com.google.android.apps.plus
W/asset   ( 1400): Asset path /data/app/com.google.android.apps.plus-2/base.apk is neither a directory nor file (type=1).
W/PackageManager( 1400): Failure retrieving resources for com.google.android.apps.plus
W/asset   ( 1400): Asset path /data/app/com.andrewshu.android.redditdonation-1/base.apk is neither a directory nor file (type=1).
W/PackageManager( 1400): Failure retrieving resources for com.andrewshu.android.redditdonation
W/asset   ( 1400): Asset path /data/app/com.andrewshu.android.redditdonation-1/base.apk is neither a directory nor file (type=1).
W/PackageManager( 1400): Failure retrieving resources for com.andrewshu.android.redditdonation
W/asset   ( 1400): Asset path /data/app/radiotime.player-2/base.apk is neither a directory nor file (type=1).
W/PackageManager( 1400): Failure retrieving resources for radiotime.player
W/asset   ( 1400): Asset path /data/app/radiotime.player-2/base.apk is neither a directory nor file (type=1).
W/PackageManager( 1400): Failure retrieving resources for radiotime.player
I/Launcher( 1400): Deferring update until onResume
D/AndroidRuntime(19835): >>>>>> START com.android.internal.os.RuntimeInit uid 2000 <<<<<<
D/AndroidRuntime(19835): CheckJNI is OFF
D/AndroidRuntime(19835): Calling main entry com.android.commands.input.Input
I/Input   (19835): injectKeyEvent: KeyEvent { action=ACTION_DOWN, keyCode=KEYCODE_MENU, scanCode=0, metaState=0, flags=0x0, repeatCount=0, eventTime=532153479, downTime=532153479, deviceId=-1, source=0x101 }
W/SyncWapiModule(19814): isPlayServicesEnabled=
I/PowerManagerService(  809): Waking up from dozing (uid 1000)...
I/DisplayPowerController(  809): Blocking screen on until initial contents have been drawn.
V/KeyguardServiceDelegate(  809): onScreenTurnedOn(showListener = com.android.internal.policy.impl.PhoneWindowManager$2@2f6b2f4d)
I/Input   (19835): injectKeyEvent: KeyEvent { action=ACTION_UP, keyCode=KEYCODE_MENU, scanCode=0, metaState=0, flags=0x0, repeatCount=0, eventTime=532153479, downTime=532153479, deviceId=-1, source=0x101 }
W/SyncWapiModule(19814): isPlayServicesEnabled=
D/SurfaceFlinger(  259): Set power mode=2, type=0 flinger=0xb6082000
D/qdhwcomposer(  259): hwc_setPowerMode: Setting mode 2 on display: 0
I/DisplayManagerService(  809): Display device changed: DisplayDeviceInfo{"Built-in Screen": uniqueId="local:0", 1440 x 2560, 60.0 fps, supportedRefreshRates [60.0], density 560, 494.27 x 492.606 dpi, appVsyncOff 7500000, presDeadline 12666667, touch INTERNAL, rotation 0, type BUILT_IN, state ON, FLAG_DEFAULT_DISPLAY, FLAG_ROTATES_WITH_CONTENT, FLAG_SECURE, FLAG_SUPPORTS_PROTECTED_BUFFERS}
V/ActivityManager(  809): Display changed displayId=0
D/AndroidRuntime(19835): Shutting down VM
E/WindowAnimator(  809): Timeout waiting for animation to startup
D/audio_hw_primary(  361): adev_set_parameters: enter: screen_state=on
D/mot_vr_audio_hw(  361): adev_set_parameters: screen_state=on
E/WifiStateMachine(  809): cancelDelayedScan -> 7810
V/KeyguardServiceDelegate(  809): **** SHOWN CALLED ****
D/PhoneStatusBar(29970): disable: < expand ICONS alerts SYSTEM_INFO back HOME RECENT clock SEARCH >
E/native  (  809): do suspend false
D/BluetoothAdapter(29970): 650156838: getState() :  mService = null. Returning STATE_OFF
D/BluetoothAdapter(29970): 650156838: getState() :  mService = null. Returning STATE_OFF
D/qdhwcomposer(  259): hwc_setPowerMode: Done setting mode 2 on display 0
D/SurfaceControl(  809): Excessive delay in setPowerMode(): 232ms
I/qdhwcomposer(  259): handle_blank_event: dpy:0 panel power state: 1
D/PhoneStatusBar(29970): disable: < expand icons* alerts system_info* back HOME RECENT clock SEARCH >
W/GAV2    (19814): Thread[main,5,main]: Need to call initialize() and be in fallback mode to start dispatch.
I/DisplayPowerController(  809): Unblocked screen on after 323 ms
I/DreamManagerService(  809): Gently waking up from dream.
W/Launcher( 1400): setApplicationContext called twice! old=com.google.android.velvet.VelvetApplication@130a19f2 new=com.google.android.velvet.VelvetApplication@130a19f2
E/NetworkScheduler.SchedulerReceiver(21008): Invalid parameter app
E/NetworkScheduler.SchedulerReceiver(21008): Invalid package name : Perhaps you didn't include a PendingIntent in the extras?
D/BuaReceiver(15271): ====== got intent:Intent { act=android.intent.action.PACKAGE_ADDED dat=package:com.ionicframework.comrevivalxionicpush778226 flg=0x4000010 cmp=com.motorola.android.buacontactadapter/.BuaReceiver (has extras) }
D/PackageBroadcastService(21111): Received broadcast action=android.intent.action.PACKAGE_REMOVED and uri=com.ionicframework.comrevivalxionicpush778226
I/ConfigService(21008): onCreate
I/ConfigService(21008): onBind for Intent { act=com.google.android.gms.config.UPDATE pkg=com.google.android.gms } action com.google.android.gms.config.UPDATE
D/PhoneStatusBar(29970): disable: < expand icons alerts system_info back home* recent* clock search* >
I/ConfigService(21008): onBind returning update interface
I/ConfigFetchService(21111): onStartCommand Intent { act=android.intent.action.PACKAGE_REMOVED dat=package:com.ionicframework.comrevivalxionicpush778226 cmp=com.google.android.gms/.config.ConfigFetchService (has extras) }
I/ConfigService(21008): onBind for Intent { act=com.google.android.gms.config.START pkg=com.google.android.gms } action com.google.android.gms.config.START
I/ConfigService(21008): onBind returning service broker
I/DreamManagerService(  809): Leaving dreamland.
I/DreamController(  809): Stopping dream: name=ComponentInfo{com.android.systemui/com.android.systemui.doze.DozeService}, isTest=false, canDoze=true, userId=0
I/ConfigFetchService(21111): service connected
I/Babel   (13619): Creating RTCS
W/InputMethodManagerService(  809): Window already focused, ignoring focus gain of: com.android.internal.view.IInputMethodClient$Stub$Proxy@ee5768a attribute=android.view.inputmethod.EditorInfo@3a8db4fb, token = android.os.BinderProxy@32061a12
I/Babel   (13619): Skipping variant computation; already ran
I/Babel   (13619): Skipping variant computation; already ran
W/GAV2    (19814): Thread[main,5,main]: dispatch call queued.  Need to call GAServiceManager.getInstance().initialize().
I/UpdateIcingCorporaServi( 4959): Updating corpora: APPS=com.ionicframework.comrevivalxionicpush778226, CONTACTS=MAYBE
D/AndroidRuntime(19864): >>>>>> START com.android.internal.os.RuntimeInit uid 2000 <<<<<<
D/AndroidRuntime(19864): CheckJNI is OFF
I/Babel   (13619): Skipping variant computation; already ran
D/NuPlayerDriver(  361): stop(0xb24cf880)
D/NuPlayerDriver(  361): reset(0xb24cf880)
D/NuPlayerDriver(  361): notifyResetComplete(0xb24cf880)
E/WifiStateMachine(  809): WifiStateMachine CMD_START_SCAN source -2 txSuccessRate=9.00 rxSuccessRate=16.50 targetRoamBSSID=any RSSI=-42
E/WifiStateMachine(  809): WifiStateMachine starting scan for "darrel"WPA_PSK with 5745,2437
I/Babel   (13619): Destroying RTCS
D/GCM     (21008): GcmService start Intent { act=com.google.android.gms.gcm.PACKAGE_REPLACED cmp=com.google.android.gms/.gcm.GcmService (has extras) } com.google.android.gms.gcm.PACKAGE_REPLACED
D/PackageBroadcastService(21111): Received broadcast action=android.intent.action.PACKAGE_ADDED and uri=com.ionicframework.comrevivalxionicpush778226
I/ConfigFetchService(21111): onStartCommand Intent { act=android.intent.action.PACKAGE_ADDED dat=package:com.ionicframework.comrevivalxionicpush778226 cmp=com.google.android.gms/.config.ConfigFetchService (has extras) }
I/ConfigFetchService(21111): launchTask
I/ConfigFetchService(21111): service connected
D/ConfigFetchService(21111): ConfigApi connection successful.
W/Launcher( 1400): setApplicationContext called twice! old=com.google.android.velvet.VelvetApplication@130a19f2 new=com.google.android.velvet.VelvetApplication@130a19f2
D/AndroidRuntime(19864): Calling main entry com.android.commands.am.Am
V/ConfigFetchTask(21111): ConfigFetchTask getDeviceDataVersionInfo(): ABFEt1VU3HiKGOqdlhMZvYh2_QwlQuxsvvXMlmNfgDAWaR9Lm4oYW20HswkY-tGNDRAXM7tVsY-jyogi3F7COcPHQYhYflEAZ_y2lxu2ik4EQdaAtd42xnVYKk5ngiPEjw8h8kGXv2WXE5IMbLz0CtWYzNS2HWfaam5kGnCrTATOJOnlIOtY_N5ME3MxUZ43EF4_-bQvOUGp
E/NetworkScheduler.SchedulerReceiver(21008): Invalid parameter app
E/NetworkScheduler.SchedulerReceiver(21008): Invalid package name : Perhaps you didn't include a PendingIntent in the extras?
I/ActivityManager(  809): START u0 {act=android.intent.action.MAIN flg=0x10000000 cmp=com.ionicframework.comrevivalxionicpush778226/.MainActivity} from uid 2000 on display 0
V/WindowManager(  809): addAppToken: AppWindowToken{2361dc06 token=Token{1b62f6e1 ActivityRecord{39bc9848 u0 com.ionicframework.comrevivalxionicpush778226/.MainActivity t1015}}} to stack=1 task=1015 at 0
I/Babel   (13619): Skipping variant computation; already ran
V/WindowManager(  809): Adding window Window{23a3b463 u0 Starting com.ionicframework.comrevivalxionicpush778226} at 22 of 28 (after Window{2476c5e3 u0 com.google.android.talk/com.google.android.apps.hangouts.phone.ConversationActivity})
D/PackageBroadcastService(21111): Received broadcast action=android.intent.action.PACKAGE_REPLACED and uri=com.ionicframework.comrevivalxionicpush778226
I/GoogleURLConnFactory(21111): Using platform SSLCertificateSocketFactory
I/art     (19917): Late-enabling -Xcheck:jni
I/ActivityManager(  809): Start proc 19917:com.ionicframework.comrevivalxionicpush778226/u0a96 for activity com.ionicframework.comrevivalxionicpush778226/.MainActivity
I/Babel   (13619): Creating RTCS
V/UserPresentBroadcastReceiver(21153): Received Intent { act=android.intent.action.USER_PRESENT flg=0x24000010 cmp=com.google.android.gms/.auth.trustagent.UserPresentBroadcastReceiver }.
I/ApplicationLogger( 4959): canRun() : Account = theazad23@gmail.com
I/ApplicationLogger( 4959): isBeforeMinInterval() : Ran less than 24 hours ago
I/Babel   (13619): Destroying RTCS
I/UpdateIcingCorporaServi( 4959): UpdateCorporaTask done [took 261 ms] updated apps [took 260 ms] 
I/Babel   (13619): Skipping variant computation; already ran
I/Babel   (13619): Creating RTCS
I/Babel   (13619): Skipping variant computation; already ran
I/CordovaLog(19917): Changing log level to DEBUG(3)
D/CordovaActivity(19917): CordovaActivity.init()
I/Babel   (13619): Destroying RTCS
I/WebViewFactory(19917): Loading com.google.android.webview version 40 (1808730-arm) (code 423501)
I/LibraryLoader(19917): Time to load native libraries: 2 ms (timestamps 4397-4399)
I/LibraryLoader(19917): Expected native library version number "",actual native library version number ""
V/WebViewChromiumFactoryProvider(19917): Binding Chromium to main looper Looper (main, tid 1) {12708fd}
I/LibraryLoader(19917): Expected native library version number "",actual native library version number ""
I/chromium(19917): [INFO:library_loader_hooks.cc(108)] Chromium logging enabled: level = 0, default verbosity = 0
I/BrowserStartupController(19917): Initializing chromium process, singleProcess=true
W/art     (19917): Attempt to remove local handle scope entry from IRT, ignoring
W/AudioManagerAndroid(19917): Requires BLUETOOTH permission
W/chromium(19917): [WARNING:resource_bundle.cc(304)] locale_file_path.empty()
I/chromium(19917): [INFO:aw_browser_main_parts.cc(63)] Load from apk succesful, fd=31 off=49196 len=3229
I/chromium(19917): [INFO:aw_browser_main_parts.cc(76)] Loading webviewchromium.pak from, fd:32 off:390788 len:1143511
I/Adreno  (19917): EGLInit: QTI Build: 01/29/15, 1bccc5d, I0ba6dce82d
I/ConfigFetchService(21111): fetch service done; releasing wakelock
I/ConfigFetchService(21111): stopping self
W/chromium(19917): [WARNING:data_reduction_proxy_settings.cc(328)] SPDY proxy OFF at startup
W/art     (19917): Attempt to remove local handle scope entry from IRT, ignoring
W/AwContents(19917): onDetachedFromWindow called when already detached. Ignoring
D/CordovaActivity(19917): CordovaActivity.createViews()
D/PluginManager(19917): init()
D/CordovaWebView(19917): CordovaWebView is running on device made by: motorola
W/art     (19917): Attempt to remove local handle scope entry from IRT, ignoring
W/art     (19917): Attempt to remove local handle scope entry from IRT, ignoring
D/CordovaWebView(19917): >>> loadUrl(file:///android_asset/www/index.html)
D/CordovaWebView(19917): >>> loadUrlNow()
D/CordovaActivity(19917): Resuming the App
D/OpenGLRenderer(19917): Use EGL_SWAP_BEHAVIOR_PRESERVED: true
D/Atlas   (19917): Validating map...
V/WindowManager(  809): Adding window Window{21fc42b5 u0 com.ionicframework.comrevivalxionicpush778226/com.ionicframework.comrevivalxionicpush778226.MainActivity} at 22 of 29 (before Window{23a3b463 u0 Starting com.ionicframework.comrevivalxionicpush778226})
D/SoftKeyboardDetect(19917): Ignore this event
I/OpenGLRenderer(19917): Initialized EGL, version 1.4
D/OpenGLRenderer(19917): Enabling debug mode 0
W/IInputConnectionWrapper(13619): showStatusIcon on inactive InputConnection
D/CordovaWebViewClient(19917): onPageStarted(file:///android_asset/www/index.html)
D/CordovaActivity(19917): onMessage(onPageStarted,file:///android_asset/www/index.html)
W/BindingManager(19917): Cannot call determinedVisibility() - never saw a connection for the pid: 19917
I/ActivityManager(  809): Displayed com.ionicframework.comrevivalxionicpush778226/.MainActivity: +550ms
D/SoftKeyboardDetect(19917): Ignore this event
D/AndroidRuntime(19864): Shutting down VM
W/ResourceType(29970): No package identifier when getting value for resource number 0x00000000
W/PackageManager(29970): Failure retrieving resources for com.google.android.talk: Resource ID #0x0
I/Icing   (21111): Indexing 39635575FB3BBDAD59A745166DF12C6486330C95 from com.google.android.googlequicksearchbox
D/JsMessageQueue(19917): Set native->JS mode to OnlineEventsBridgeMode
I/Icing   (21111): Indexing done 39635575FB3BBDAD59A745166DF12C6486330C95
D/CordovaWebViewClient(19917): onPageFinished(file:///android_asset/www/index.html)
D/CordovaActivity(19917): onMessage(onPageFinished,file:///android_asset/www/index.html)
D/CordovaActivity(19917): onMessage(spinner,stop)
I/App     (19917): WARNING: Back Button Default Behavior will be overridden.  The backbutton event will be fired!
D/TaskPersister(  809): removeObsoleteFile: deleting file=1014_task.xml
D/TaskPersister(  809): removeObsoleteFile: deleting file=1014_task_thumbnail.png
D/CordovaActivity(19917): onMessage(spinner,stop)
I/ConfigService(21008): onDestroy
D/Finsky  (16362): [1] 5.onFinished: Installation state replication succeeded.
D/WifiService(  809): acquireWifiLockLocked: WifiLock{NlpWifiLock type=2 binder=android.os.BinderProxy@277f0c8f}
D/WifiService(  809): releaseWifiLockLocked: WifiLock{NlpWifiLock type=2 binder=android.os.BinderProxy@277f0c8f}
E/WifiStateMachine(  809): WifiStateMachine CMD_START_SCAN source -2 txSuccessRate=2.75 rxSuccessRate=5.01 targetRoamBSSID=any RSSI=-40
E/WifiStateMachine(  809): WifiStateMachine CMD_START_SCAN source -2 txSuccessRate=0.86 rxSuccessRate=1.68 targetRoamBSSID=any RSSI=-43
E/WifiStateMachine(  809): WifiStateMachine starting scan for "darrel"WPA_PSK with 5745,2437
D/LocationFilter(21153): Forcing stable location. Original location:Location[fused 38.911597,-92.341478 acc=30 et=+11d23h16m5s333ms] because SMD didn't trigger.
I/GCoreUlr(21153): Successfully inserted location
I/GCoreUlr(21153): Not calling LocationReporter, hasMoved: false, elapsed millis: 1535247, request: Stationary(3600000)
I/PowerManagerService(  809): Going to sleep due to screen timeout (uid 1000)...
E/WifiStateMachine(  809): WifiStateMachine CMD_START_SCAN source -2 txSuccessRate=0.47 rxSuccessRate=3.48 targetRoamBSSID=any RSSI=-43
D/SurfaceFlinger(  259): Set power mode=0, type=0 flinger=0xb6082000
I/DisplayManagerService(  809): Display device changed: DisplayDeviceInfo{"Built-in Screen": uniqueId="local:0", 1440 x 2560, 60.0 fps, supportedRefreshRates [60.0], density 560, 494.27 x 492.606 dpi, appVsyncOff 7500000, presDeadline 12666667, touch INTERNAL, rotation 0, type BUILT_IN, state OFF, FLAG_DEFAULT_DISPLAY, FLAG_ROTATES_WITH_CONTENT, FLAG_SECURE, FLAG_SUPPORTS_PROTECTED_BUFFERS}
D/qdhwcomposer(  259): hwc_setPowerMode: Setting mode 0 on display: 0
V/ActivityManager(  809): Display changed displayId=0
I/qdhwcomposer(  259): handle_blank_event: dpy:0 panel power state: 0
D/qdhwcomposer(  259): hwc_setPowerMode: Done setting mode 0 on display 0
D/SurfaceControl(  809): Excessive delay in setPowerMode(): 277ms
I/DreamManagerService(  809): Entering dreamland.
I/PowerManagerService(  809): Dozing...
I/DreamController(  809): Starting dream: name=ComponentInfo{com.android.systemui/com.android.systemui.doze.DozeService}, isTest=false, canDoze=true, userId=0
D/audio_hw_primary(  361): adev_set_parameters: enter: screen_state=off
D/mot_vr_audio_hw(  361): adev_set_parameters: screen_state=off
E/WifiStateMachine(  809): cancelDelayedScan -> 7816
E/native  (  809): do suspend true
I/art     (  809): Explicit concurrent mark sweep GC freed 55522(2MB) AllocSpace objects, 14(224KB) LOS objects, 18% free, 68MB/84MB, paused 2.045ms total 124.813ms
V/GsmInboundSmsHandler( 1367): bindService() for carrier messaging service succeeded
V/GsmInboundSmsHandler( 1367): onFilterComplete: keepMessage is true
D/MmsService( 1367): getAutoPersisting
I/Babel   (13619): Creating RTCS
E/SQLiteLog(13619): (284) automatic index on conversation_participants_view(conversation_id)
I/Babel   (13619): Destroying RTCS
D/NuPlayerDriver(  361): reset(0xb24cf7c0)
D/NuPlayerDriver(  361): notifyResetComplete(0xb24cf7c0)
I/ValidateNoPeople(  809): Validating: 0|com.google.android.talk|0|com.google.android.talk1:client_generated:sms:3907295378355778916|10020
I/ValidateNoPeople(  809): final affinity: 0.0
E/SQLiteLog(13619): (284) automatic index on conversation_participants_view(conversation_id)
E/MediaPlayer(29970): Should have subtitle controller already set
I/MediaFocusControl(  809):  AudioFocus  requestAudioFocus() from android.media.AudioManager@25fbfee0 req=3flags=0x0
D/AudioManager( 7973): AudioManager dispatching onAudioFocusChange(-3) for android.media.AudioManager@257796afau.com.shiftyjelly.pocketcasts.audio.a@1e2eaabc
D/NuPlayerDriver(  361): start(0xb24cfb80)
I/GenericSource(  361): start
E/MediaPlayer(29970): Should have subtitle controller already set
D/audio_hw_primary(  361): out_set_parameters: enter: usecase(1: low-latency-playback) kvpairs: routing=4194304
D/audio_hw_primary(  361): select_devices: out_snd_device(4: speaker-safe) in_snd_device(0: none)
D/msm8974_platform(  361): platform_send_audio_calibration: sending audio calibration for snd_device(4) acdb_id(15)
E/ACDB-LOADER(  361): Error: ACDB AFE returned = -19
D/audio_hw_primary(  361): enable_snd_device: snd_device(4: speaker-safe)
D/audio_hw_primary(  361): enable_audio_route: apply and update mixer path: low-latency-playback speaker
E/qti_sensors_hal(  809): waitForResponse: pthread_cond_timedwait() rc=110 (cond: 0)
E/qti_sensors_hal(  809): deactivateDpc: ERROR: No response from the request
I/MediaFocusControl(  809):  AudioFocus  abandonAudioFocus() from android.media.AudioManager@25fbfee0
D/AudioManager( 7973): AudioManager dispatching onAudioFocusChange(1) for android.media.AudioManager@257796afau.com.shiftyjelly.pocketcasts.audio.a@1e2eaabc
D/PhoneStatusBar(29970): disable: < expand ICONS* alerts SYSTEM_INFO* back home recent clock search >
D/CordovaActivity(19917): Paused the application!
D/CordovaWebView(19917): Handle the pause
D/PhoneStatusBar(29970): disable: < expand ICONS alerts SYSTEM_INFO back HOME* RECENT* clock SEARCH* >
D/audio_hw_primary(  361): disable_audio_route: reset and update mixer path: low-latency-playback speaker
D/audio_hw_primary(  361): disable_snd_device: snd_device(4: speaker-safe)
I/DisplayPowerController(  809): Blocking screen on until initial contents have been drawn.
D/SurfaceFlinger(  259): Set power mode=1, type=0 flinger=0xb6082000
D/qdhwcomposer(  259): hwc_setPowerMode: Setting mode 1 on display: 0
I/DisplayManagerService(  809): Display device changed: DisplayDeviceInfo{"Built-in Screen": uniqueId="local:0", 1440 x 2560, 60.0 fps, supportedRefreshRates [60.0], density 560, 494.27 x 492.606 dpi, appVsyncOff 7500000, presDeadline 12666667, touch INTERNAL, rotation 0, type BUILT_IN, state DOZE, FLAG_DEFAULT_DISPLAY, FLAG_ROTATES_WITH_CONTENT, FLAG_SECURE, FLAG_SUPPORTS_PROTECTED_BUFFERS}
V/ActivityManager(  809): Display changed displayId=0
I/qdhwcomposer(  259): handle_blank_event: dpy:0 panel power state: 2
D/qdhwcomposer(  259): hwc_setPowerMode: Done setting mode 1 on display 0
D/SurfaceControl(  809): Excessive delay in setPowerMode(): 256ms
I/DisplayPowerController(  809): Unblocked screen on after 284 ms
D/SurfaceFlinger(  259): Set power mode=0, type=0 flinger=0xb6082000
D/qdhwcomposer(  259): hwc_setPowerMode: Setting mode 0 on display: 0
I/DisplayManagerService(  809): Display device changed: DisplayDeviceInfo{"Built-in Screen": uniqueId="local:0", 1440 x 2560, 60.0 fps, supportedRefreshRates [60.0], density 560, 494.27 x 492.606 dpi, appVsyncOff 7500000, presDeadline 12666667, touch INTERNAL, rotation 0, type BUILT_IN, state OFF, FLAG_DEFAULT_DISPLAY, FLAG_ROTATES_WITH_CONTENT, FLAG_SECURE, FLAG_SUPPORTS_PROTECTED_BUFFERS}
V/ActivityManager(  809): Display changed displayId=0
I/qdhwcomposer(  259): handle_blank_event: dpy:0 panel power state: 0
D/qdhwcomposer(  259): hwc_setPowerMode: Done setting mode 0 on display 0
D/SurfaceControl(  809): Excessive delay in setPowerMode(): 270ms
E/qti_sensors_hal(  809): waitForResponse: pthread_cond_timedwait() rc=110 (cond: 0)
E/qti_sensors_hal(  809): deactivateDpc: ERROR: No response from the request
I/DisplayPowerController(  809): Blocking screen on until initial contents have been drawn.
D/SurfaceFlinger(  259): Set power mode=1, type=0 flinger=0xb6082000
D/qdhwcomposer(  259): hwc_setPowerMode: Setting mode 1 on display: 0
I/DisplayManagerService(  809): Display device changed: DisplayDeviceInfo{"Built-in Screen": uniqueId="local:0", 1440 x 2560, 60.0 fps, supportedRefreshRates [60.0], density 560, 494.27 x 492.606 dpi, appVsyncOff 7500000, presDeadline 12666667, touch INTERNAL, rotation 0, type BUILT_IN, state DOZE, FLAG_DEFAULT_DISPLAY, FLAG_ROTATES_WITH_CONTENT, FLAG_SECURE, FLAG_SUPPORTS_PROTECTED_BUFFERS}
V/ActivityManager(  809): Display changed displayId=0
D/qdhwcomposer(  259): hwc_setPowerMode: Done setting mode 1 on display 0
D/SurfaceControl(  809): Excessive delay in setPowerMode(): 264ms
I/qdhwcomposer(  259): handle_blank_event: dpy:0 panel power state: 2
I/DisplayPowerController(  809): Unblocked screen on after 291 ms
E/WifiStateMachine(  809): WifiStateMachine CMD_START_SCAN source -2 txSuccessRate=0.00 rxSuccessRate=0.50 targetRoamBSSID=any RSSI=-43
E/WifiStateMachine(  809): WifiStateMachine L2Connected CMD_START_SCAN source -2 7815, 7816 -> obsolete
I/PowerManagerService(  809): Waking up from dozing (uid 10029)...
I/DisplayManagerService(  809): Display device changed: DisplayDeviceInfo{"Built-in Screen": uniqueId="local:0", 1440 x 2560, 60.0 fps, supportedRefreshRates [60.0], density 560, 494.27 x 492.606 dpi, appVsyncOff 7500000, presDeadline 12666667, touch INTERNAL, rotation 0, type BUILT_IN, state ON, FLAG_DEFAULT_DISPLAY, FLAG_ROTATES_WITH_CONTENT, FLAG_SECURE, FLAG_SUPPORTS_PROTECTED_BUFFERS}
D/SurfaceFlinger(  259): Set power mode=2, type=0 flinger=0xb6082000
D/qdhwcomposer(  259): hwc_setPowerMode: Setting mode 2 on display: 0
V/KeyguardServiceDelegate(  809): onScreenTurnedOn(showListener = com.android.internal.policy.impl.PhoneWindowManager$2@2f6b2f4d)
V/ActivityManager(  809): Display changed displayId=0
D/qdhwcomposer(  259): hwc_setPowerMode: Done setting mode 2 on display 0
I/qdhwcomposer(  259): handle_blank_event: dpy:0 panel power state: 1
D/audio_hw_primary(  361): adev_set_parameters: enter: screen_state=on
D/mot_vr_audio_hw(  361): adev_set_parameters: screen_state=on
E/WifiStateMachine(  809): cancelDelayedScan -> 7817
I/DreamManagerService(  809): Gently waking up from dream.
E/native  (  809): do suspend false
V/KeyguardServiceDelegate(  809): **** SHOWN CALLED ****
I/DreamManagerService(  809): Leaving dreamland.
I/DreamController(  809): Stopping dream: name=ComponentInfo{com.android.systemui/com.android.systemui.doze.DozeService}, isTest=false, canDoze=true, userId=0
E/WifiStateMachine(  809): WifiStateMachine CMD_START_SCAN source -2 txSuccessRate=0.00 rxSuccessRate=3.75 targetRoamBSSID=any RSSI=-42
I/PowerManagerService(  809): Going to sleep due to power button (uid 1000)...
I/DisplayManagerService(  809): Display device changed: DisplayDeviceInfo{"Built-in Screen": uniqueId="local:0", 1440 x 2560, 60.0 fps, supportedRefreshRates [60.0], density 560, 494.27 x 492.606 dpi, appVsyncOff 7500000, presDeadline 12666667, touch INTERNAL, rotation 0, type BUILT_IN, state OFF, FLAG_DEFAULT_DISPLAY, FLAG_ROTATES_WITH_CONTENT, FLAG_SECURE, FLAG_SUPPORTS_PROTECTED_BUFFERS}
V/ActivityManager(  809): Display changed displayId=0
D/SurfaceFlinger(  259): Set power mode=0, type=0 flinger=0xb6082000
D/qdhwcomposer(  259): hwc_setPowerMode: Setting mode 0 on display: 0
I/qdhwcomposer(  259): handle_blank_event: dpy:0 panel power state: 0
D/qdhwcomposer(  259): hwc_setPowerMode: Done setting mode 0 on display 0
D/SurfaceControl(  809): Excessive delay in setPowerMode(): 289ms
I/DreamManagerService(  809): Entering dreamland.
I/PowerManagerService(  809): Dozing...
I/DreamController(  809): Starting dream: name=ComponentInfo{com.android.systemui/com.android.systemui.doze.DozeService}, isTest=false, canDoze=true, userId=0
D/PhoneStatusBar(29970): disable: < expand ICONS alerts SYSTEM_INFO back HOME RECENT clock SEARCH >
D/audio_hw_primary(  361): adev_set_parameters: enter: screen_state=off
D/mot_vr_audio_hw(  361): adev_set_parameters: screen_state=off
E/WifiStateMachine(  809): cancelDelayedScan -> 7820
E/native  (  809): do suspend true
I/art     (21153): Explicit concurrent mark sweep GC freed 46944(2MB) AllocSpace objects, 0(0B) LOS objects, 35% free, 28MB/44MB, paused 1.020ms total 71.842ms
I/DisplayPowerController(  809): Blocking screen on until initial contents have been drawn.
D/SurfaceFlinger(  259): Set power mode=1, type=0 flinger=0xb6082000
D/qdhwcomposer(  259): hwc_setPowerMode: Setting mode 1 on display: 0
I/DisplayManagerService(  809): Display device changed: DisplayDeviceInfo{"Built-in Screen": uniqueId="local:0", 1440 x 2560, 60.0 fps, supportedRefreshRates [60.0], density 560, 494.27 x 492.606 dpi, appVsyncOff 7500000, presDeadline 12666667, touch INTERNAL, rotation 0, type BUILT_IN, state DOZE, FLAG_DEFAULT_DISPLAY, FLAG_ROTATES_WITH_CONTENT, FLAG_SECURE, FLAG_SUPPORTS_PROTECTED_BUFFERS}
V/ActivityManager(  809): Display changed displayId=0
I/qdhwcomposer(  259): handle_blank_event: dpy:0 panel power state: 2
D/qdhwcomposer(  259): hwc_setPowerMode: Done setting mode 1 on display 0
D/SurfaceControl(  809): Excessive delay in setPowerMode(): 258ms
I/DisplayPowerController(  809): Unblocked screen on after 283 ms
E/WifiStateMachine(  809): WifiStateMachine CMD_START_SCAN source -2 txSuccessRate=0.00 rxSuccessRate=0.00 targetRoamBSSID=any RSSI=-42
E/WifiStateMachine(  809): WifiStateMachine L2Connected CMD_START_SCAN source -2 7819, 7820 -> obsolete
I/DisplayManagerService(  809): Display device changed: DisplayDeviceInfo{"Built-in Screen": uniqueId="local:0", 1440 x 2560, 60.0 fps, supportedRefreshRates [60.0], density 560, 494.27 x 492.606 dpi, appVsyncOff 7500000, presDeadline 12666667, touch INTERNAL, rotation 0, type BUILT_IN, state OFF, FLAG_DEFAULT_DISPLAY, FLAG_ROTATES_WITH_CONTENT, FLAG_SECURE, FLAG_SUPPORTS_PROTECTED_BUFFERS}
V/ActivityManager(  809): Display changed displayId=0
D/SurfaceFlinger(  259): Set power mode=0, type=0 flinger=0xb6082000
D/qdhwcomposer(  259): hwc_setPowerMode: Setting mode 0 on display: 0
I/qdhwcomposer(  259): handle_blank_event: dpy:0 panel power state: 0
D/qdhwcomposer(  259): hwc_setPowerMode: Done setting mode 0 on display 0
D/SurfaceControl(  809): Excessive delay in setPowerMode(): 304ms
I/DisplayPowerController(  809): Blocking screen on until initial contents have been drawn.
D/SurfaceFlinger(  259): Set power mode=1, type=0 flinger=0xb6082000
D/qdhwcomposer(  259): hwc_setPowerMode: Setting mode 1 on display: 0
I/DisplayManagerService(  809): Display device changed: DisplayDeviceInfo{"Built-in Screen": uniqueId="local:0", 1440 x 2560, 60.0 fps, supportedRefreshRates [60.0], density 560, 494.27 x 492.606 dpi, appVsyncOff 7500000, presDeadline 12666667, touch INTERNAL, rotation 0, type BUILT_IN, state DOZE, FLAG_DEFAULT_DISPLAY, FLAG_ROTATES_WITH_CONTENT, FLAG_SECURE, FLAG_SUPPORTS_PROTECTED_BUFFERS}
V/ActivityManager(  809): Display changed displayId=0
I/qdhwcomposer(  259): handle_blank_event: dpy:0 panel power state: 2
D/qdhwcomposer(  259): hwc_setPowerMode: Done setting mode 1 on display 0
D/SurfaceControl(  809): Excessive delay in setPowerMode(): 244ms
I/DisplayPowerController(  809): Unblocked screen on after 265 ms
I/DisplayManagerService(  809): Display device changed: DisplayDeviceInfo{"Built-in Screen": uniqueId="local:0", 1440 x 2560, 60.0 fps, supportedRefreshRates [60.0], density 560, 494.27 x 492.606 dpi, appVsyncOff 7500000, presDeadline 12666667, touch INTERNAL, rotation 0, type BUILT_IN, state OFF, FLAG_DEFAULT_DISPLAY, FLAG_ROTATES_WITH_CONTENT, FLAG_SECURE, FLAG_SUPPORTS_PROTECTED_BUFFERS}
D/SurfaceFlinger(  259): Set power mode=0, type=0 flinger=0xb6082000
D/qdhwcomposer(  259): hwc_setPowerMode: Setting mode 0 on display: 0
V/ActivityManager(  809): Display changed displayId=0
I/qdhwcomposer(  259): handle_blank_event: dpy:0 panel power state: 0
D/qdhwcomposer(  259): hwc_setPowerMode: Done setting mode 0 on display 0
D/SurfaceControl(  809): Excessive delay in setPowerMode(): 299ms
V/GsmInboundSmsHandler( 1367): bindService() for carrier messaging service succeeded
V/GsmInboundSmsHandler( 1367): onFilterComplete: keepMessage is true
D/MmsService( 1367): getAutoPersisting
I/Babel   (13619): Creating RTCS
I/Babel   (13619): Destroying RTCS
D/NuPlayerDriver(  361): reset(0xb24cf520)
D/NuPlayerDriver(  361): notifyResetComplete(0xb24cf520)
I/ValidateNoPeople(  809): Validating: 0|com.google.android.talk|0|com.google.android.talk1:client_generated:sms:3907295378355778916|10020
I/ValidateNoPeople(  809): final affinity: 0.0
E/MediaPlayer(29970): Should have subtitle controller already set
I/MediaFocusControl(  809):  AudioFocus  requestAudioFocus() from android.media.AudioManager@4ef13d2 req=3flags=0x0
D/AudioManager( 7973): AudioManager dispatching onAudioFocusChange(-3) for android.media.AudioManager@257796afau.com.shiftyjelly.pocketcasts.audio.a@1e2eaabc
D/NuPlayerDriver(  361): start(0xb24cf520)
I/GenericSource(  361): start
D/NuPlayerDriver(  361): reset(0xb24cfb80)
D/NuPlayerDriver(  361): notifyResetComplete(0xb24cfb80)
E/MediaPlayer(29970): Should have subtitle controller already set
D/audio_hw_primary(  361): out_set_parameters: enter: usecase(1: low-latency-playback) kvpairs: routing=4194304
D/audio_hw_primary(  361): select_devices: out_snd_device(4: speaker-safe) in_snd_device(0: none)
D/msm8974_platform(  361): platform_send_audio_calibration: sending audio calibration for snd_device(4) acdb_id(15)
E/ACDB-LOADER(  361): Error: ACDB AFE returned = -19
D/audio_hw_primary(  361): enable_snd_device: snd_device(4: speaker-safe)
D/audio_hw_primary(  361): enable_audio_route: apply and update mixer path: low-latency-playback speaker
E/qti_sensors_hal(  809): waitForResponse: pthread_cond_timedwait() rc=110 (cond: 0)
E/qti_sensors_hal(  809): deactivateDpc: ERROR: No response from the request
I/DisplayPowerController(  809): Blocking screen on until initial contents have been drawn.
D/SurfaceFlinger(  259): Set power mode=1, type=0 flinger=0xb6082000
D/qdhwcomposer(  259): hwc_setPowerMode: Setting mode 1 on display: 0
I/DisplayManagerService(  809): Display device changed: DisplayDeviceInfo{"Built-in Screen": uniqueId="local:0", 1440 x 2560, 60.0 fps, supportedRefreshRates [60.0], density 560, 494.27 x 492.606 dpi, appVsyncOff 7500000, presDeadline 12666667, touch INTERNAL, rotation 0, type BUILT_IN, state DOZE, FLAG_DEFAULT_DISPLAY, FLAG_ROTATES_WITH_CONTENT, FLAG_SECURE, FLAG_SUPPORTS_PROTECTED_BUFFERS}
V/ActivityManager(  809): Display changed displayId=0
I/qdhwcomposer(  259): handle_blank_event: dpy:0 panel power state: 2
D/qdhwcomposer(  259): hwc_setPowerMode: Done setting mode 1 on display 0
D/SurfaceControl(  809): Excessive delay in setPowerMode(): 259ms
I/DisplayPowerController(  809): Unblocked screen on after 292 ms
I/MediaFocusControl(  809):  AudioFocus  abandonAudioFocus() from android.media.AudioManager@4ef13d2
D/AudioManager( 7973): AudioManager dispatching onAudioFocusChange(1) for android.media.AudioManager@257796afau.com.shiftyjelly.pocketcasts.audio.a@1e2eaabc
I/PowerManagerService(  809): Waking up from dozing (uid 10029)...
D/SurfaceFlinger(  259): Set power mode=2, type=0 flinger=0xb6082000
D/qdhwcomposer(  259): hwc_setPowerMode: Setting mode 2 on display: 0
I/DisplayManagerService(  809): Display device changed: DisplayDeviceInfo{"Built-in Screen": uniqueId="local:0", 1440 x 2560, 60.0 fps, supportedRefreshRates [60.0], density 560, 494.27 x 492.606 dpi, appVsyncOff 7500000, presDeadline 12666667, touch INTERNAL, rotation 0, type BUILT_IN, state ON, FLAG_DEFAULT_DISPLAY, FLAG_ROTATES_WITH_CONTENT, FLAG_SECURE, FLAG_SUPPORTS_PROTECTED_BUFFERS}
V/KeyguardServiceDelegate(  809): onScreenTurnedOn(showListener = com.android.internal.policy.impl.PhoneWindowManager$2@2f6b2f4d)
V/ActivityManager(  809): Display changed displayId=0
D/qdhwcomposer(  259): hwc_setPowerMode: Done setting mode 2 on display 0
I/qdhwcomposer(  259): handle_blank_event: dpy:0 panel power state: 1
D/audio_hw_primary(  361): adev_set_parameters: enter: screen_state=on
D/mot_vr_audio_hw(  361): adev_set_parameters: screen_state=on
I/DreamManagerService(  809): Gently waking up from dream.
E/WifiStateMachine(  809): cancelDelayedScan -> 7821
V/KeyguardServiceDelegate(  809): **** SHOWN CALLED ****
E/native  (  809): do suspend false
I/DreamManagerService(  809): Leaving dreamland.
I/DreamController(  809): Stopping dream: name=ComponentInfo{com.android.systemui/com.android.systemui.doze.DozeService}, isTest=false, canDoze=true, userId=0
D/WifiService(  809): acquireWifiLockLocked: WifiLock{NlpWifiLock type=2 binder=android.os.BinderProxy@18a21af1}
E/WifiStateMachine(  809): WifiStateMachine CMD_START_SCAN source 10014 txSuccessRate=1.50 rxSuccessRate=6.50 targetRoamBSSID=any RSSI=-43
D/audio_hw_primary(  361): disable_audio_route: reset and update mixer path: low-latency-playback speaker
D/audio_hw_primary(  361): disable_snd_device: snd_device(4: speaker-safe)
E/WifiStateMachine(  809): WifiStateMachine CMD_START_SCAN source -2 txSuccessRate=0.75 rxSuccessRate=3.25 targetRoamBSSID=any RSSI=-43
D/WifiService(  809): releaseWifiLockLocked: WifiLock{NlpWifiLock type=2 binder=android.os.BinderProxy@18a21af1}
E/LocSvc_IzatApiV02(  809): E/virtual int izat_core::IzatApiV02::injectLocation(GpsExtLocation):857]: error! inject position failed
I/PowerManagerService(  809): Going to sleep due to power button (uid 1000)...
I/DisplayManagerService(  809): Display device changed: DisplayDeviceInfo{"Built-in Screen": uniqueId="local:0", 1440 x 2560, 60.0 fps, supportedRefreshRates [60.0], density 560, 494.27 x 492.606 dpi, appVsyncOff 7500000, presDeadline 12666667, touch INTERNAL, rotation 0, type BUILT_IN, state OFF, FLAG_DEFAULT_DISPLAY, FLAG_ROTATES_WITH_CONTENT, FLAG_SECURE, FLAG_SUPPORTS_PROTECTED_BUFFERS}
D/SurfaceFlinger(  259): Set power mode=0, type=0 flinger=0xb6082000
D/qdhwcomposer(  259): hwc_setPowerMode: Setting mode 0 on display: 0
V/ActivityManager(  809): Display changed displayId=0
I/qdhwcomposer(  259): handle_blank_event: dpy:0 panel power state: 0
D/qdhwcomposer(  259): hwc_setPowerMode: Done setting mode 0 on display 0
D/SurfaceControl(  809): Excessive delay in setPowerMode(): 262ms
I/DreamManagerService(  809): Entering dreamland.
I/PowerManagerService(  809): Dozing...
I/DreamController(  809): Starting dream: name=ComponentInfo{com.android.systemui/com.android.systemui.doze.DozeService}, isTest=false, canDoze=true, userId=0
D/audio_hw_primary(  361): adev_set_parameters: enter: screen_state=off
D/mot_vr_audio_hw(  361): adev_set_parameters: screen_state=off
E/WifiStateMachine(  809): cancelDelayedScan -> 7824
E/native  (  809): do suspend true
D/PhoneStatusBar(29970): disable: < expand ICONS alerts SYSTEM_INFO back HOME RECENT clock SEARCH >
I/art     (  809): Explicit concurrent mark sweep GC freed 65109(3MB) AllocSpace objects, 15(3MB) LOS objects, 19% free, 66MB/82MB, paused 1.890ms total 91.290ms
D/GCM     (21008): Message class com.google.f.a.a.i
I/DisplayPowerController(  809): Blocking screen on until initial contents have been drawn.
D/SurfaceFlinger(  259): Set power mode=1, type=0 flinger=0xb6082000
D/qdhwcomposer(  259): hwc_setPowerMode: Setting mode 1 on display: 0
I/DisplayManagerService(  809): Display device changed: DisplayDeviceInfo{"Built-in Screen": uniqueId="local:0", 1440 x 2560, 60.0 fps, supportedRefreshRates [60.0], density 560, 494.27 x 492.606 dpi, appVsyncOff 7500000, presDeadline 12666667, touch INTERNAL, rotation 0, type BUILT_IN, state DOZE, FLAG_DEFAULT_DISPLAY, FLAG_ROTATES_WITH_CONTENT, FLAG_SECURE, FLAG_SUPPORTS_PROTECTED_BUFFERS}
V/ActivityManager(  809): Display changed displayId=0
I/qdhwcomposer(  259): handle_blank_event: dpy:0 panel power state: 2
D/qdhwcomposer(  259): hwc_setPowerMode: Done setting mode 1 on display 0
D/SurfaceControl(  809): Excessive delay in setPowerMode(): 252ms
I/DisplayPowerController(  809): Unblocked screen on after 277 ms
E/WifiStateMachine(  809): WifiStateMachine CMD_START_SCAN source -2 txSuccessRate=0.00 rxSuccessRate=0.00 targetRoamBSSID=any RSSI=-39
E/WifiStateMachine(  809): WifiStateMachine L2Connected CMD_START_SCAN source -2 7823, 7824 -> obsolete
D/SurfaceFlinger(  259): Set power mode=0, type=0 flinger=0xb6082000
D/qdhwcomposer(  259): hwc_setPowerMode: Setting mode 0 on display: 0
I/DisplayManagerService(  809): Display device changed: DisplayDeviceInfo{"Built-in Screen": uniqueId="local:0", 1440 x 2560, 60.0 fps, supportedRefreshRates [60.0], density 560, 494.27 x 492.606 dpi, appVsyncOff 7500000, presDeadline 12666667, touch INTERNAL, rotation 0, type BUILT_IN, state OFF, FLAG_DEFAULT_DISPLAY, FLAG_ROTATES_WITH_CONTENT, FLAG_SECURE, FLAG_SUPPORTS_PROTECTED_BUFFERS}
V/ActivityManager(  809): Display changed displayId=0
I/qdhwcomposer(  259): handle_blank_event: dpy:0 panel power state: 0
D/qdhwcomposer(  259): hwc_setPowerMode: Done setting mode 0 on display 0
D/SurfaceControl(  809): Excessive delay in setPowerMode(): 275ms
I/DisplayPowerController(  809): Blocking screen on until initial contents have been drawn.
D/SurfaceFlinger(  259): Set power mode=1, type=0 flinger=0xb6082000
D/qdhwcomposer(  259): hwc_setPowerMode: Setting mode 1 on display: 0
I/DisplayManagerService(  809): Display device changed: DisplayDeviceInfo{"Built-in Screen": uniqueId="local:0", 1440 x 2560, 60.0 fps, supportedRefreshRates [60.0], density 560, 494.27 x 492.606 dpi, appVsyncOff 7500000, presDeadline 12666667, touch INTERNAL, rotation 0, type BUILT_IN, state DOZE, FLAG_DEFAULT_DISPLAY, FLAG_ROTATES_WITH_CONTENT, FLAG_SECURE, FLAG_SUPPORTS_PROTECTED_BUFFERS}
V/ActivityManager(  809): Display changed displayId=0
I/qdhwcomposer(  259): handle_blank_event: dpy:0 panel power state: 2
D/qdhwcomposer(  259): hwc_setPowerMode: Done setting mode 1 on display 0
D/SurfaceControl(  809): Excessive delay in setPowerMode(): 259ms
I/DisplayPowerController(  809): Unblocked screen on after 285 ms
I/DisplayManagerService(  809): Display device changed: DisplayDeviceInfo{"Built-in Screen": uniqueId="local:0", 1440 x 2560, 60.0 fps, supportedRefreshRates [60.0], density 560, 494.27 x 492.606 dpi, appVsyncOff 7500000, presDeadline 12666667, touch INTERNAL, rotation 0, type BUILT_IN, state OFF, FLAG_DEFAULT_DISPLAY, FLAG_ROTATES_WITH_CONTENT, FLAG_SECURE, FLAG_SUPPORTS_PROTECTED_BUFFERS}
D/SurfaceFlinger(  259): Set power mode=0, type=0 flinger=0xb6082000
D/qdhwcomposer(  259): hwc_setPowerMode: Setting mode 0 on display: 0
V/ActivityManager(  809): Display changed displayId=0
I/qdhwcomposer(  259): handle_blank_event: dpy:0 panel power state: 0
D/qdhwcomposer(  259): hwc_setPowerMode: Done setting mode 0 on display 0
D/SurfaceControl(  809): Excessive delay in setPowerMode(): 301ms
I/DisplayPowerController(  809): Blocking screen on until initial contents have been drawn.
D/SurfaceFlinger(  259): Set power mode=1, type=0 flinger=0xb6082000
D/qdhwcomposer(  259): hwc_setPowerMode: Setting mode 1 on display: 0
I/DisplayManagerService(  809): Display device changed: DisplayDeviceInfo{"Built-in Screen": uniqueId="local:0", 1440 x 2560, 60.0 fps, supportedRefreshRates [60.0], density 560, 494.27 x 492.606 dpi, appVsyncOff 7500000, presDeadline 12666667, touch INTERNAL, rotation 0, type BUILT_IN, state DOZE, FLAG_DEFAULT_DISPLAY, FLAG_ROTATES_WITH_CONTENT, FLAG_SECURE, FLAG_SUPPORTS_PROTECTED_BUFFERS}
V/ActivityManager(  809): Display changed displayId=0
I/qdhwcomposer(  259): handle_blank_event: dpy:0 panel power state: 2
D/qdhwcomposer(  259): hwc_setPowerMode: Done setting mode 1 on display 0
D/SurfaceControl(  809): Excessive delay in setPowerMode(): 250ms
I/DisplayPowerController(  809): Unblocked screen on after 276 ms
I/DisplayManagerService(  809): Display device changed: DisplayDeviceInfo{"Built-in Screen": uniqueId="local:0", 1440 x 2560, 60.0 fps, supportedRefreshRates [60.0], density 560, 494.27 x 492.606 dpi, appVsyncOff 7500000, presDeadline 12666667, touch INTERNAL, rotation 0, type BUILT_IN, state OFF, FLAG_DEFAULT_DISPLAY, FLAG_ROTATES_WITH_CONTENT, FLAG_SECURE, FLAG_SUPPORTS_PROTECTED_BUFFERS}
V/ActivityManager(  809): Display changed displayId=0
D/SurfaceFlinger(  259): Set power mode=0, type=0 flinger=0xb6082000
D/qdhwcomposer(  259): hwc_setPowerMode: Setting mode 0 on display: 0
I/qdhwcomposer(  259): handle_blank_event: dpy:0 panel power state: 0
D/qdhwcomposer(  259): hwc_setPowerMode: Done setting mode 0 on display 0
D/SurfaceControl(  809): Excessive delay in setPowerMode(): 265ms
I/DisplayPowerController(  809): Blocking screen on until initial contents have been drawn.
D/SurfaceFlinger(  259): Set power mode=1, type=0 flinger=0xb6082000
D/qdhwcomposer(  259): hwc_setPowerMode: Setting mode 1 on display: 0
I/DisplayManagerService(  809): Display device changed: DisplayDeviceInfo{"Built-in Screen": uniqueId="local:0", 1440 x 2560, 60.0 fps, supportedRefreshRates [60.0], density 560, 494.27 x 492.606 dpi, appVsyncOff 7500000, presDeadline 12666667, touch INTERNAL, rotation 0, type BUILT_IN, state DOZE, FLAG_DEFAULT_DISPLAY, FLAG_ROTATES_WITH_CONTENT, FLAG_SECURE, FLAG_SUPPORTS_PROTECTED_BUFFERS}
V/ActivityManager(  809): Display changed displayId=0
D/qdhwcomposer(  259): hwc_setPowerMode: Done se