I/Babel   (11195): Creating RTCS
I/GEL     ( 1400): handleIntent(Intent { act=android.intent.action.MAIN cat=[android.intent.category.HOME] flg=0x10600000 cmp=com.google.android.googlequicksearchbox/com.google.android.launcher.GEL })
I/Babel   (11195): Skipping variant computation; already ran
I/Babel   (11195): Destroying RTCS
I/Babel   (11195): Creating RTCS
I/Babel   (11195): Skipping variant computation; already ran
I/Babel   (11195): Destroying RTCS
W/IInputConnectionWrapper(11195): showStatusIcon on inactive InputConnection
I/Babel   (11195): Creating RTCS
I/Babel   (11195): Destroying RTCS
I/art     (11195): Note: end time exceeds epoch: 
I/VS.Container(11241): create_speech_recognizer
I/MicrophoneInputStream(11241): mic_starting com.google.android.speech.audio.w@2284737e
I/HotwordRecognitionRnr(11241): Starting hotword detection.
W/Icing   (11214): Received bad json for section weights override -- ignoring.
W/Icing   (11214): Received bad json for corpus scoring config -- ignoring.
W/Icing   (11214): Received bad json for corpus context scoring override -- ignoring.
I/AudioFlinger(  361): AudioFlinger's thread 0xb044e000 ready to run
I/MicrophoneInputStream(11241): mic_started com.google.android.speech.audio.w@2284737e
W/SoundTriggerHelper(  809): Recognition aborted
I/AlwaysOnHotwordDetector( 1240): onRecognitionPaused
I/GsaVoiceInteractionSrv( 1240): onRecognitionPaused
D/audio_hw_primary(  361): select_devices: out_snd_device(0: none) in_snd_device(55: voice-rec-mic)
D/msm8974_platform(  361): platform_send_audio_calibration: sending audio calibration for snd_device(55) acdb_id(62)
E/ACDB-LOADER(  361): Error: ACDB AudProc vol returned = -19
D/audio_hw_primary(  361): enable_snd_device: snd_device(55: voice-rec-mic)
D/audio_hw_primary(  361): enable_audio_route: apply and update mixer path: audio-record
I/HotwordWorker(11241): onReady
W/OpenGLRenderer( 1400): Incorrectly called buildLayer on View: lh, destroying layer...
I/ActivityManager(  809): START u0 {act=android.intent.action.MAIN cat=[android.intent.category.LAUNCHER] flg=0x10200000 cmp=com.chrome.beta/com.google.android.apps.chrome.Main bnds=[1144,2103][1415,2411] (has extras)} from uid 10034 on display 0
I/MicrophoneInputStream(11241): mic_close com.google.android.speech.audio.w@2284737e
D/audio_hw_primary(  361): disable_audio_route: reset and update mixer path: audio-record
D/audio_hw_primary(  361): disable_snd_device: snd_device(55: voice-rec-mic)
I/HotwordRecognitionRnr(11241): Hotword detection finished
I/HotwordRecognitionRnr(11241): Stopping hotword detection.
I/AlwaysOnHotwordDetector( 1240): onRecognitionResumed
I/GsaVoiceInteractionSrv( 1240): onRecognitionResumed
I/art     (  809): Explicit concurrent mark sweep GC freed 33070(1692KB) AllocSpace objects, 4(64KB) LOS objects, 20% free, 63MB/79MB, paused 1.964ms total 104.509ms
W/art     (30414): Attempt to remove local handle scope entry from IRT, ignoring
I/Icing   (11214): Usage reports 1 indexed 0 rejected 0 imm upload false
W/ResourceType(29970): No package identifier when getting value for resource number 0x00000000
W/PackageManager(29970): Failure retrieving resources for com.google.android.talk: Resource ID #0x0
V/WindowManager(  809): Adding window Window{352db2f3 u0 PopupWindow:3b6b70fa} at 15 of 21 (after Window{162edad7 u0 com.chrome.beta/com.google.android.apps.chrome.ChromeTabbedActivity})
D/ChildProcessLauncher(30414): Allocator allocated a connection, sandbox: true, slot: 18
W/InputMethodManagerService(  809): Window already focused, ignoring focus gain of: com.android.internal.view.IInputMethodClient$Stub$Proxy@2faa8d6b attribute=null, token = android.os.BinderProxy@7365a56
I/ActivityManager(  809): Start proc 11603:com.chrome.beta:sandboxed_process18/u0i175 for service com.chrome.beta/org.chromium.content.app.SandboxedProcessService18
D/ChildProcessLauncher(30414): Setting up connection to process: slot=18
I/art     (  372): Explicit concurrent mark sweep GC freed 704(30KB) AllocSpace objects, 0(0B) LOS objects, 40% free, 21MB/36MB, paused 236us total 13.775ms
I/art     (  372): Explicit concurrent mark sweep GC freed 5(160B) AllocSpace objects, 0(0B) LOS objects, 40% free, 21MB/36MB, paused 277us total 10.827ms
I/art     (  372): Explicit concurrent mark sweep GC freed 5(160B) AllocSpace objects, 0(0B) LOS objects, 40% free, 21MB/36MB, paused 267us total 11.267ms
I/ChildProcessService(11603): Creating new ChildProcessService pid=11603
D/ChildProcessLauncher(30414): on connect callback, pid=11603 context=-1868497240
I/LibraryLoader(11603): Loading chrome
E/chromium_android_linker(11603): UseSharedRelro: Could not use shared RELRO for libchrome.so: No pages were swapped into RELRO ashmem
W/chromium_android_linker(11603): Could not use shared RELRO section for libchrome.so
I/LibraryLoader(11603): Time to load native libraries: 89 ms (timestamps 8460-8549)
I/LibraryLoader(11603): Expected native library version number "42.0.2311.68",actual native library version number "42.0.2311.68"
I/chromium(11603): [INFO:library_loader_hooks.cc(112)] Chromium logging enabled: level = 0, default verbosity = 0
W/art     (11603): Attempt to remove local handle scope entry from IRT, ignoring
W/art     (11603): Attempt to remove local handle scope entry from IRT, ignoring
D/ChildProcessLauncher(30414): stopping child connection: pid=6914
D/ChildProcessLauncher(30414): Allocator freed a connection, sandbox: true, slot: 0
I/ActivityManager(  809): Killing 6914:com.chrome.beta:sandboxed_process0/u0a101i173 (adj 0): isolated not needed
W/libprocessgroup(  809): failed to open /acct/uid_10101/pid_6914/cgroup.procs: No such file or directory
D/DelayedSyncController(30414): No delayed sync.
V/GLSActivity(21008): AuthDelegateWrapperCreated with selected intent: Intent { cmp=com.google.android.gms/.auth.DefaultAuthDelegateService }
D/ChildProcessLauncher(30414): Allocator allocated a connection, sandbox: true, slot: 2
I/ActivityManager(  809): Start proc 11640:com.chrome.beta:sandboxed_process2/u0i176 for service com.chrome.beta/org.chromium.content.app.SandboxedProcessService2
D/ChildProcessLauncher(30414): Setting up connection to process: slot=2
D/ChildProcessLauncher(30414): Allocator allocated a connection, sandbox: true, slot: 4
I/ActivityManager(  809): Start proc 11657:com.chrome.beta:sandboxed_process4/u0i177 for service com.chrome.beta/org.chromium.content.app.SandboxedProcessService4
D/ChildProcessLauncher(30414): Setting up connection to process: slot=4
I/ChildProcessService(11640): Creating new ChildProcessService pid=11640
I/ChildProcessService(11657): Creating new ChildProcessService pid=11657
D/ChildProcessLauncher(30414): on connect callback, pid=11640 context=-1868497272
D/ChildProcessLauncher(30414): stopping child connection: pid=11640
I/LibraryLoader(11640): Loading chrome
I/ChildProcessService(11640): Destroying ChildProcessService pid=11640
I/LibraryLoader(11657): Loading chrome
D/ChildProcessLauncher(30414): on connect callback, pid=11657 context=-1853842536
D/ChildProcessLauncher(30414): Allocator freed a connection, sandbox: true, slot: 2
E/chromium_android_linker(11640): UseSharedRelro: Could not use shared RELRO for libchrome.so: No pages were swapped into RELRO ashmem
W/chromium_android_linker(11640): Could not use shared RELRO section for libchrome.so
I/LibraryLoader(11640): Time to load native libraries: 46 ms (timestamps 3001-3047)
I/LibraryLoader(11640): Expected native library version number "42.0.2311.68",actual native library version number "42.0.2311.68"
I/chromium(11640): [INFO:library_loader_hooks.cc(112)] Chromium logging enabled: level = 0, default verbosity = 0
W/art     (11640): Attempt to remove local handle scope entry from IRT, ignoring
W/art     (11640): Attempt to remove local handle scope entry from IRT, ignoring
I/ActivityManager(  809): Killing 11640:com.chrome.beta:sandboxed_process2/u0a101i176 (adj 9): isolated not needed
W/libprocessgroup(  809): failed to open /acct/uid_10101/pid_11640/cgroup.procs: No such file or directory
E/chromium_android_linker(11657): UseSharedRelro: Could not use shared RELRO for libchrome.so: No pages were swapped into RELRO ashmem
W/chromium_android_linker(11657): Could not use shared RELRO section for libchrome.so
I/LibraryLoader(11657): Time to load native libraries: 79 ms (timestamps 3018-3097)
I/LibraryLoader(11657): Expected native library version number "42.0.2311.68",actual native library version number "42.0.2311.68"
I/chromium(11657): [INFO:library_loader_hooks.cc(112)] Chromium logging enabled: level = 0, default verbosity = 0
W/art     (11657): Attempt to remove local handle scope entry from IRT, ignoring
W/art     (11657): Attempt to remove local handle scope entry from IRT, ignoring
D/ChildProcessLauncher(30414): stopping child connection: pid=11603
I/ActivityManager(  809): Killing 11603:com.chrome.beta:sandboxed_process18/u0a101i175 (adj 0): isolated not needed
W/libprocessgroup(  809): failed to open /acct/uid_10101/pid_11603/cgroup.procs: No such file or directory
D/ChildProcessLauncher(30414): Allocator freed a connection, sandbox: true, slot: 18
V/GLSActivity(21008): AuthDelegateWrapperCreated with selected intent: Intent { cmp=com.google.android.gms/.auth.DefaultAuthDelegateService }
W/art     (11241): Attempt to remove local handle scope entry from IRT, ignoring
W/CronetConnection(11241): Upload content type not set.
I/GCM     (21008): GCM message com.chrome.beta 0:1428513426772448%b733f7f7f9fd7ecd
V/GCMBroadcastReceiver(30414): onReceive: com.google.android.c2dm.intent.RECEIVE
V/GCMBroadcastReceiver(30414): GCM IntentService class: com.google.ipc.invalidation.external.client.contrib.MultiplexingGcmListener
V/GCMBaseIntentService(30414): Acquiring wakelock
V/GCMBaseIntentService(30414): Intent service name: GCMIntentService-DynamicSenderIds-102
V/GCMBaseIntentService(30414): Releasing wakelock
I/GCM     (21008): GCM message com.chrome.beta 0:1428513426773447%b733f7f7e652c89d
W/GCMListener(30414): Received push message with no subtype
V/GCMBroadcastReceiver(30414): onReceive: com.google.android.c2dm.intent.RECEIVE
V/GCMBroadcastReceiver(30414): GCM IntentService class: com.google.ipc.invalidation.external.client.contrib.MultiplexingGcmListener
V/GCMBaseIntentService(30414): Acquiring wakelock
V/GCMBaseIntentService(30414): Intent service name: GCMIntentService-DynamicSenderIds-103
D/InvalidationClientService(30414): Registration status for Oid: <1004, MANAGED_USER_WHITELIST>: REGISTERED
V/GCMBaseIntentService(30414): Releasing wakelock
D/InvalidationClientService(30414): Registration status for Oid: <1004, DEVICE_INFO>: REGISTERED
W/GCMListener(30414): Received push message with no subtype
D/InvalidationClientService(30414): Registration status for Oid: <1004, TYPED_URL>: REGISTERED
D/InvalidationClientService(30414): Registration status for Oid: <1004, BOOKMARK>: REGISTERED
D/InvalidationClientService(30414): Registration status for Oid: <1004, SESSION>: REGISTERED
D/InvalidationClientService(30414): Registration status for Oid: <1004, EXPERIMENTS>: REGISTERED
D/InvalidationClientService(30414): Registration status for Oid: <1004, PASSWORD>: REGISTERED
D/InvalidationClientService(30414): Registration status for Oid: <1004, HISTORY_DELETE_DIRECTIVE>: REGISTERED
D/InvalidationClientService(30414): Registration status for Oid: <1004, FAVICON_IMAGE>: REGISTERED
D/InvalidationClientService(30414): Registration status for Oid: <1004, FAVICON_TRACKING>: REGISTERED
D/InvalidationClientService(30414): Registration status for Oid: <1004, MANAGED_USER_SETTING>: REGISTERED
D/InvalidationClientService(30414): Registration status for Oid: <1004, NIGORI>: REGISTERED
D/InvalidationClientService(30414): Registration status for Oid: <1004, AUTOFILL_PROFILE>: REGISTERED
D/InvalidationClientService(30414): Registration status for Oid: <1004, AUTOFILL>: REGISTERED
D/InvalidationClientService(30414): Request sync: Account {name=theazad23@gmail.com, type=com.google} / com.chrome.beta / android.util.MapCollections$KeySet@9ece235a
D/InvalidationClientService(30414): Request sync: Account {name=theazad23@gmail.com, type=com.google} / com.chrome.beta / android.util.MapCollections$KeySet@9ece235a
I/art     (30414): Explicit concurrent mark sweep GC freed 148175(5MB) AllocSpace objects, 22(366KB) LOS objects, 29% free, 38MB/54MB, paused 1.116ms total 95.980ms
V/ChromiumSyncAdapter(30414): Received sync tickle for 1004 TYPED_URL.
V/ChromiumSyncAdapter(30414): Received sync tickle for 1004 SESSION.
D/PhoneStatusBar(29970): disable: < expand ICONS* alerts SYSTEM_INFO* back home recent clock search >
D/BluetoothAdapter(29970): 650156838: getState() :  mService = null. Returning STATE_OFF
D/BluetoothAdapter(29970): 650156838: getState() :  mService = null. Returning STATE_OFF
D/BluetoothAdapter(29970): 650156838: getState() :  mService = null. Returning STATE_OFF
D/BluetoothAdapter(29970): 650156838: getState() :  mService = null. Returning STATE_OFF
D/WifiService(  809): setWifiEnabled: true pid=29970, uid=10029
E/WifiService(  809): Invoking mWifiStateMachine.setWifiEnabled
D/BackupManagerService(  809): Now staging backup of com.android.providers.settings
D/WifiConfigStore(  809): Loading config and enabling all networks 
I/ActivityManager(  809): Start proc 11764:com.google.android.apps.gcs/u0a13 for broadcast com.google.android.apps.gcs/.receiver.WifiStateChangedReceiver
W/CommandListener(  357): Failed to retrieve HW addr for p2p0 (No such device)
D/CommandListener(  357): Setting iface cfg
E/WifiP2pService(  809): Unable to change interface settings: java.lang.IllegalStateException: command '16412 interface setcfg p2p0 0.0.0.0 0 up' failed with '400 16412 Failed to set address (No such device)'
D/WifiMonitor(  809): startMonitoring(p2p0) with mConnected = true
D/WifiNative-HAL(  809): p2pGetDeviceAddress
D/WifiNative-HAL(  809): p2pGetDeviceAddress returning 9e:d9:17:48:d9:f7
I/wpa_supplicant( 1029): wlan0: CTRL-EVENT-REGDOM-CHANGE init=USER type=COUNTRY alpha2=US
I/ActivityManager(  809): Start proc 11792:com.google.android.keep/u0a86 for broadcast com.google.android.keep/.notification.AlertReceiver
I/art     (21008): Explicit concurrent mark sweep GC freed 26983(1726KB) AllocSpace objects, 0(0B) LOS objects, 37% free, 26MB/42MB, paused 1.243ms total 28.059ms
I/art     (  809): Explicit concurrent mark sweep GC freed 47660(2MB) AllocSpace objects, 5(1828KB) LOS objects, 20% free, 61MB/77MB, paused 3.951ms total 102.812ms
I/ActivityManager(  809): Start proc 11813:tunein.player.pro/u0a105 for broadcast radiotime.player/tunein.library.common.NetworkChangeReceiver
E/WifiStateMachine(  809): WifiStateMachine shouldSwitchNetwork  txSuccessRate=0.00 rxSuccessRate=0.00 delta 1000 -> 1000
E/WifiConfigStore(  809):  rewrite network history for "darrel"WPA_PSK
E/WifiConfigStore(  809):  rewrite network history for "darryl"WPA_PSK
E/WifiStateMachine(  809): CMD_AUTO_CONNECT sup state CompletedState my state DisconnectedState nid=0 roam=3
E/WifiConfigStore(  809): saveWifiConfigBSSID Setting BSSID for "darrel"WPA_PSK to any
E/WifiStateMachine(  809): CMD_AUTO_CONNECT will save config -> "darrel" nid=0
E/WifiConfigStore(  809): writeKnownNetworkHistory write linked 1
E/WifiConfigStore(  809): writeKnownNetworkHistory write linked 1
E/WifiConfigStore(  809): will read network variables netId=0
E/WifiStateMachine(  809): CMD_AUTO_CONNECT did save config ->  nid=0
E/WifiConfigStore(  809): will read network variables netId=0
I/wpa_supplicant( 1029): wlan0: Trying to associate with SSID 'darrel'
D/PhoneStatusBar(29970): disable: < expand icons* alerts system_info* back home recent clock search >
W/InputMethodManagerService(  809): Window already focused, ignoring focus gain of: com.android.internal.view.IInputMethodClient$Stub$Proxy@20f1bbad attribute=null, token = android.os.BinderProxy@7365a56
I/MultiDex(11813): VM with version 2.1.0 has multidex support
I/MultiDex(11813): install
I/MultiDex(11813): VM has multidex support, MultiDex support library is disabled.
I/wpa_supplicant( 1029): wlan0: Associated with 74:d0:2b:85:27:cc
I/Crashlytics(11813): Initializing Crashlytics 1.1.13.29
I/RT      (11813): Launching TuneIn Radio pro version
E/art     (11813): dlopen("/system/lib/libtunein.oem.so", RTLD_LAZY) failed: dlopen failed: library "/system/lib/libtunein.oem.so" not found
I/RT      (11813): Don't keep logs, normal trace mode
W/ActivityThread(11813): ClassLoader.loadClass: The class loader returned by Thread.getContextClassLoader() may fail for processes that host multiple applications. You should explicitly specify a context class loader. For example: Thread.setContextClassLoader(getClass().getClassLoader());
D/TuneIn  (11813): *** App Info: start
D/TuneIn  (11813): *** App Info: serial=[e9cd6c9582e4be10e2c8ee90a5196ca4]
D/TuneIn  (11813): *** App Info: push notification token=[APA91bEWkZVXT6h_BN9fWPXEAjgj88XD_XfSGtnh8j44T7ojphtYSf6gj0MqEg19EaAf2AHrUEs6uUhm9quOsfC4WJmGkPtOvx_yxusF1qYRIMFE8qFogiP65HQsXUq71GDDGnT-Qqvij232ojaymTsehYHLbxoEBw]
D/TuneIn  (11813): *** App Info: push notification inital opt in=[true]
D/TuneIn  (11813): *** App Info: push notification retries=[0]
D/TuneIn  (11813): *** App Info: push notification status=[0]
D/TuneIn  (11813): *** App Info: end
V/GmsNetworkLocationProvi(21153): onSetRequest: ProviderRequestUnbundled, reportLocation is true and interval is 600000
V/GmsNetworkLocationProvi(21153): SET-REQUEST
V/GmsNetworkLocationProvi(21153): in Handler: ProviderRequestUnbundled, reportLocation is true and interval is 600000
V/GmsNetworkLocationProvi(21153): onSetRequest: ProviderRequestUnbundled, reportLocation is true and interval is 86400000
V/GmsNetworkLocationProvi(21153): SET-REQUEST
V/GmsNetworkLocationProvi(21153): in Handler: ProviderRequestUnbundled, reportLocation is true and interval is 86400000
I/ActivityManager(  809): Killing 9931:com.google.android.gm.exchange/u0a84 (adj 15): empty #17
V/GLSActivity(21008): AuthDelegateWrapperCreated with selected intent: Intent { cmp=com.google.android.gms/.auth.DefaultAuthDelegateService }
I/wpa_supplicant( 1029): wlan0: WPA: Key negotiation completed with 74:d0:2b:85:27:cc [PTK=CCMP GTK=CCMP]
I/wpa_supplicant( 1029): wlan0: CTRL-EVENT-CONNECTED - Connection to 74:d0:2b:85:27:cc completed [id=0 id_str=]
D/ConnectivityService(  809): registerNetworkAgent NetworkAgentInfo{ ni{[type: WIFI[], state: CONNECTING/CONNECTING, reason: (unspecified), extra: "darrel", roaming: false, failover: false, isAvailable: true, isConnectedToProvisioningNetwork: false]}  network{null}  lp{{InterfaceName: wlan0 LinkAddresses: []  Routes: [] DnsAddresses: [] Domains: null MTU: 0 TcpBufferSizes: 524288,2097152,4194304,262144,524288,1048576}}  nc{[ Transports: WIFI Capabilities: INTERNET&NOT_RESTRICTED&TRUSTED&NOT_VPN LinkUpBandwidth>=1048576Kbps LinkDnBandwidth>=1048576Kbps]}  Score{20}  everValidated{false}  lastValidated{false}  created{false}  explicitlySelected{false} }
E/WifiConfigStore(  809): saveWifiConfigBSSID Setting BSSID for "darrel"WPA_PSK to any
E/WifiConfigStore(  809): saveWifiConfigBSSID Setting BSSID for "darrel"WPA_PSK to any
D/ConnectivityService(  809): NetworkAgentInfo [WIFI () - 297] EVENT_NETWORK_INFO_CHANGED, going from null to CONNECTING
D/CommandListener(  357): Setting iface cfg
E/WifiStateMachine(  809): Start Dhcp Watchdog 70
E/WifiStateMachine(  809):  WifiLinkLayerStats: 
E/WifiStateMachine(  809):  my bss beacon rx: 1896337
E/WifiStateMachine(  809):  RSSI mgmt: -31
E/WifiStateMachine(  809):  BE :  rx=4802052 tx=2883111 lost=0 retries=36261
E/WifiStateMachine(  809):  BK :  rx=33118 tx=0 lost=0 retries=0
E/WifiStateMachine(  809):  VI :  rx=52230 tx=27 lost=0 retries=0
E/WifiStateMachine(  809):  VO :  rx=67 tx=3843 lost=36 retries=0
E/WifiStateMachine(  809):  on_time : 431081941 tx_time=7 rx_time=10 scan_time=0
D/ConnectivityService(  809): updateNetworkScore for NetworkAgentInfo [WIFI () - 297] to 60
D/ConnectivityService(  809): rematching NetworkAgentInfo [MOBILE (LTE) - 296]
D/ConnectivityService(  809): Network NetworkAgentInfo [MOBILE (LTE) - 296] was already satisfying request 1. No change.
D/ConnectivityService(  809): notifyType AVAILABLE for NetworkAgentInfo [MOBILE (LTE) - 296]
D/ConnectivityManager.CallbackHandler(29970): CM callback handler got msg 524290
E/native  (  809): do suspend false
E/WifiStateMachine(  809): scanCount==0 - aborting
I/dhcpcd  (11870): version 5.5.6 starting
I/dhcpcd  (11870): wlan0: broadcasting for a lease
I/dhcpcd  (11870): wlan0: offered 192.168.1.189 from 192.168.1.1
I/dhcpcd  (11870): wlan0: acknowledged 192.168.1.189 from 192.168.1.1
I/dhcpcd  (11870): wlan0: leased 192.168.1.189 for 86400 seconds
D/ConnectivityService(  809): NetworkAgentInfo [WIFI () - 297] EVENT_NETWORK_INFO_CHANGED, going from CONNECTING to CONNECTED
D/ConnectivityService(  809): Adding iface wlan0 to network 297
E/WifiStateMachine(  809): Did not find remoteAddress {192.168.1.1} in /proc/net/arp
I/GCoreUlr(21153): Wifi connected, attempting upload
I/GCoreUlr(21153): Starting service, intent=Intent { act=com.google.android.location.reporting.WIFI_TRIGGERED_UPLOAD cmp=com.google.android.gms/com.google.android.location.reporting.service.DispatchingService }, extras=null
I/GCoreUlr(21153): Wifi connected, attempting upload
I/GCoreUlr(21153): Starting service, intent=Intent { act=com.google.android.location.reporting.WIFI_TRIGGERED_UPLOAD cmp=com.google.android.gms/com.google.android.location.reporting.service.DispatchingService }, extras=null
E/ConnectivityService(  809): Unexpected mtu value: 0, wlan0
D/ConnectivityService(  809): Adding Route [fe80::/64 -> :: wlan0] to network 297
D/ConnectivityService(  809): Adding Route [192.168.1.0/24 -> 0.0.0.0 wlan0] to network 297
D/ConnectivityService(  809): Adding Route [0.0.0.0/0 -> 192.168.1.1 wlan0] to network 297
D/ConnectivityService(  809): Setting Dns servers for network 297 to [/192.168.1.1]
V/NativeCrypto(32751): SSL shutdown failed: ssl=0x946cf400: I/O error during system call, Broken pipe
I/GCoreUlr(21153): Starting service, intent=Intent { act=com.google.android.location.reporting.UPLOAD cmp=com.google.android.gms/com.google.android.location.reporting.service.DispatchingService }, extras=null
D/ConnectivityService(  809): notifyType IP_CHANGED for NetworkAgentInfo [WIFI () - 297]
D/ConnectivityService(  809): notifyType PRECHECK for NetworkAgentInfo [WIFI () - 297]
D/NetworkMonitor/NetworkAgentInfo [WIFI () - 297](  809): DefaultState{ when=0 what=532481 target=com.android.internal.util.StateMachine$SmHandler }
D/NetworkMonitor/NetworkAgentInfo [WIFI () - 297](  809): Connected
D/NetworkMonitor/NetworkAgentInfo [WIFI () - 297](  809): EvaluatingState{ when=0 what=532486 arg1=1 target=com.android.internal.util.StateMachine$SmHandler }
D/NetworkMonitor/NetworkAgentInfo [WIFI () - 297](  809): Checking http://connectivitycheck.android.com/generate_204 on "darrel"
D/ConnectivityService(  809): rematching NetworkAgentInfo [WIFI () - 297]
I/art     (21153): Explicit concurrent mark sweep GC freed 62771(2MB) AllocSpace objects, 0(0B) LOS objects, 35% free, 28MB/44MB, paused 1.354ms total 61.656ms
I/GCoreUlr(21153): Not calling LocationReporter, hasMoved: false, elapsed millis: 180, request: WifiTriggered(180000)
D/NetworkMonitor/NetworkAgentInfo [WIFI () - 297](  809): isCaptivePortal: ret=204 headers={null=[HTTP/1.1 204 No Content], Content-Length=[0], Date=[Wed, 08 Apr 2015 17:17:13 GMT], Server=[GFE/2.0], X-Android-Received-Millis=[1428513433223], X-Android-Response-Source=[NETWORK 204], X-Android-Sent-Millis=[1428513433179]}
D/NetworkMonitor/NetworkAgentInfo [WIFI () - 297](  809): Validated
D/ConnectivityService(  809): setProvNotificationVisibleIntent: E visible=false networkType=0 extraInfo=null
D/ConnectivityService(  809): Validated NetworkAgentInfo [WIFI () - 297]
D/ConnectivityService(  809): rematching NetworkAgentInfo [WIFI () - 297]
D/ConnectivityService(  809):    accepting network in place of NetworkAgentInfo [MOBILE (LTE) - 296]
D/ConnectivityService(  809): notifyType LOSING for NetworkAgentInfo [MOBILE (LTE) - 296]
D/NetworkMonitor/NetworkAgentInfo [MOBILE (LTE) - 296](  809): ValidatedState{ when=-1ms what=532483 target=com.android.internal.util.StateMachine$SmHandler }
D/NetworkMonitor/NetworkAgentInfo [MOBILE (LTE) - 296](  809): DefaultState{ when=-1ms what=532483 target=com.android.internal.util.StateMachine$SmHandler }
D/NetworkMonitor/NetworkAgentInfo [MOBILE (LTE) - 296](  809): Lingering
D/ConnectivityService(  809): Switching to new default network: NetworkAgentInfo{ ni{[type: WIFI[], state: CONNECTED/CONNECTED, reason: (unspecified), extra: "darrel", roaming: false, failover: false, isAvailable: true, isConnectedToProvisioningNetwork: false]}  network{297}  lp{{InterfaceName: wlan0 LinkAddresses: [fe80::9ed9:17ff:fe48:d9f7/64,192.168.1.189/24,]  Routes: [fe80::/64 -> :: wlan0,192.168.1.0/24 -> 0.0.0.0 wlan0,0.0.0.0/0 -> 192.168.1.1 wlan0,] DnsAddresses: [192.168.1.1,] Domains:  MTU: 0 TcpBufferSizes: 524288,2097152,4194304,262144,524288,1048576}}  nc{[ Transports: WIFI Capabilities: INTERNET&NOT_RESTRICTED&TRUSTED&NOT_VPN LinkUpBandwidth>=1048576Kbps LinkDnBandwidth>=1048576Kbps]}  Score{60}  everValidated{true}  lastValidated{true}  created{true}  explicitlySelected{false} }
D/NetworkMonitor/NetworkAgentInfo [WIFI () - 297](  809): ValidatedState{ when=-2ms what=532481 target=com.android.internal.util.StateMachine$SmHandler }
D/NetworkMonitor/NetworkAgentInfo [WIFI () - 297](  809): Validated
D/ConnectivityManager.CallbackHandler(29970): CM callback handler got msg 524291
D/ConnectivityService(  809): Setting tx/rx TCP buffers to 524288,2097152,4194304,262144,524288,1048576
D/ConnectivityService(  809): notifyType AVAILABLE for NetworkAgentInfo [WIFI () - 297]
D/CSLegacyTypeTracker(  809): Sending disconnected broadcast for type 0 NetworkAgentInfo [MOBILE (LTE) - 296] isDefaultNetwork=false
D/ConnectivityService(  809): sendStickyBroadcast: action=android.net.conn.CONNECTIVITY_CHANGE_IMMEDIATE
D/ConnectivityService(  809): sendStickyBroadcast: action=android.net.conn.CONNECTIVITY_CHANGE
D/CSLegacyTypeTracker(  809): Sending connected broadcast for type 1 NetworkAgentInfo [WIFI () - 297] isDefaultNetwork=true
D/ConnectivityService(  809): sendStickyBroadcast: action=android.net.conn.CONNECTIVITY_CHANGE_IMMEDIATE
D/ConnectivityService(  809): sendStickyBroadcast: action=android.net.conn.CONNECTIVITY_CHANGE
D/ConnectivityManager.CallbackHandler(29970): CM callback handler got msg 524290
D/ConnectivityService(  809): Validated NetworkAgentInfo [WIFI () - 297]
D/Tethering(  809): MasterInitialState.processMessage what=3
I/NetworkMonitor(23361): type=WIFI subType= reason=null isConnected=true
D/Tethering(  809): MasterInitialState.processMessage what=3
D/PhoneInterfaceManager( 1367): [PhoneIntfMgr] getDataEnabled: subId=1 phoneId=0
D/PhoneInterfaceManager( 1367): [PhoneIntfMgr] getDataEnabled: subId=1 retVal=true
D/TelephonyManager(  809): getDataEnabled: retVal=true
D/NetworkChangeNotifierAutoDetect(11241): Network connectivity changed, type is: 2
D/NetworkChangeNotifierAutoDetect(30414): Network connectivity changed, type is: 2
D/PhoneInterfaceManager( 1367): [PhoneIntfMgr] getDataEnabled: subId=1 phoneId=0
D/PhoneInterfaceManager( 1367): [PhoneIntfMgr] getDataEnabled: subId=1 retVal=true
D/TelephonyManager(  809): getDataEnabled: retVal=true
V/Herrevad(11214): NQAS connected
I/art     (21008): Explicit concurrent mark sweep GC freed 10281(557KB) AllocSpace objects, 0(0B) LOS objects, 37% free, 26MB/42MB, paused 1.394ms total 32.371ms
W/GmsApplication(21153): Using Auth Proxy for data requests.
W/GLSUser (21008): [DeviceKeyStore] Cannot load key: Device key file not found.
V/GLSUser (21008): [AppCertService] DeviceKey is turned off
I/NetworkMonitor(23361): type=WIFI subType= reason=null isConnected=true
D/Finsky  (10478): [1] CheckPreconditionsAndAutoUpdateJobService.onStartJob: JobScheduler invoked, loading libraries.
V/GLSActivity(21008): AuthDelegateWrapperCreated with selected intent: Intent { cmp=com.google.android.gms/.auth.DefaultAuthDelegateService }
I/ActivityManager(  809): Start proc 11993:com.android.sdm.plugins.sprintdm/1001 for broadcast com.android.sdm.plugins.sprintdm/.SprintDMReceiver
V/GoogleAuthProtoRequest(11764): [21257] a.<init>: mAccountName set to: theazad23@gmail.com
D/SprintDMReceiver(11993): Received intent: android.net.conn.CONNECTIVITY_CHANGE
D/SprintDMHelper(11993): simOperator: 310410 IMSI: 310410649196970
D/SprintDMReceiver(11993): Not Sprint UICC, don't do anything.
I/ActivityManager(  809): Start proc 12013:com.android.chrome/u0a46 for broadcast com.android.chrome/com.google.android.apps.chrome.precache.PrecacheServiceLauncher
E/WifiStateMachine(  809): WifiStateMachine CMD_START_SCAN source 10014 txSuccessRate=1.00 rxSuccessRate=0.25 targetRoamBSSID=any RSSI=-31
D/DownloadManager( 7295): [185] Starting
E/WifiStateMachine(  809): WifiStateMachine CMD_START_SCAN source 10014 txSuccessRate=27.50 rxSuccessRate=24.62 targetRoamBSSID=any RSSI=-31
I/GCoreUlr(21153): Batch Location Update succeeded for account account#-17#
I/art     (  809): Explicit concurrent mark sweep GC freed 61081(4MB) AllocSpace objects, 5(80KB) LOS objects, 20% free, 61MB/77MB, paused 2.358ms total 126.398ms
I/ActivityManager(  809): Killing 10033:com.qualcomm.timeservice/1000 (adj 15): empty #17
D/Finsky  (10478): [1] MultiWayUpdateController.captureAutoAcquireTags: Change auto-acquire tags for com.google.android.apps.maps from  to d_AAAAAAADF8w=
D/Finsky  (10478): [1] CheckPreconditionsAndAutoUpdateJobService.updateCheckComplete: auto-updates finished successfully.
D/GCM     (21008): GcmService start Intent { act=android.net.conn.CONNECTIVITY_CHANGE flg=0x4000010 cmp=com.google.android.gms/.gcm.GcmService (has extras) } android.net.conn.CONNECTIVITY_CHANGE
I/iu.Environment(11214): update battery state; isPlugged? true*
D/ConnectivityService(  809): reportBadNetwork(NetworkAgentInfo [WIFI () - 297]) by 10014
D/NetworkMonitor/NetworkAgentInfo [WIFI () - 297](  809): ValidatedState{ when=0 what=532488 arg1=10014 target=com.android.internal.util.StateMachine$SmHandler }
D/NetworkMonitor/NetworkAgentInfo [WIFI () - 297](  809): DefaultState{ when=0 what=532488 arg1=10014 target=com.android.internal.util.StateMachine$SmHandler }
D/NetworkMonitor/NetworkAgentInfo [WIFI () - 297](  809): Forcing reevaluation
D/NetworkMonitor/NetworkAgentInfo [WIFI () - 297](  809): EvaluatingState{ when=0 what=532486 arg1=2 target=com.android.internal.util.StateMachine$SmHandler }
D/NetworkMonitor/NetworkAgentInfo [WIFI () - 297](  809): Checking http://connectivitycheck.android.com/generate_204 on "darrel"
D/NetworkLogImpl(11214): Loaded NetworkSpeedPredictor
I/iu.Environment(11214): update connectivity state; isNetworkMetered? false, isRoaming? false, isBackgroundDataAllowed? true*
I/iu.Environment(11214): update connectivity state; isNetworkMetered? false, isRoaming? false, isBackgroundDataAllowed? true
I/ActivityManager(  809): Start proc 12042:com.HBO/u0a116 for broadcast com.HBO/com.hbo.utils.ConnectivityReceiver
D/NetworkMonitor/NetworkAgentInfo [WIFI () - 297](  809): isCaptivePortal: ret=204 headers={null=[HTTP/1.1 204 No Content], Content-Length=[0], Date=[Wed, 08 Apr 2015 17:17:15 GMT], Server=[GFE/2.0], X-Android-Received-Millis=[1428513434453], X-Android-Response-Source=[NETWORK 204], X-Android-Sent-Millis=[1428513434304]}
D/NetworkMonitor/NetworkAgentInfo [WIFI () - 297](  809): Validated
D/ConnectivityService(  809): setProvNotificationVisibleIntent: E visible=false networkType=0 extraInfo=null
D/ConnectivityService(  809): Validated NetworkAgentInfo [WIFI () - 297]
D/NEXPLAYER_JAVA(12042): Loading nexadaptation_layer_for_dlsdk.
D/NEXALFACTORY_JAVA(12042): Loading nexadaptation_layer_for_dlsdk.
I/art     (12042): Thread[1,tid=12042,WaitingForJniOnLoad,Thread*=0xb4827800,peer=0x72e47000,"main"] recursive attempt to load library "/data/app/com.HBO-1/lib/arm/libnexalfactory.so"
D/NEXALFACTORY_JAVA(12042): Loading nexalfactory.
D/NEXPLAYER_JAVA(12042): Loading nexalfactory.
W/linker  (12042): libnexplayerengine.so has text relocations. This is wasting memory and prevents security hardening. Please fix.
E/NEXPLAYER_JNI(12042): [nexplayer_jni 5429] cacheIds Ended
D/NEXPLAYER_JAVA(12042): Loading nexplayerengine.
D/NexSystemInfo(12042): cpu ABI: armeabi-v7a
D/NexSystemInfo(12042): cpuArchitecture: 7
D/NexSystemInfo(12042): CPU INFO: processor	: 0
D/NexSystemInfo(12042): model name	: ARMv7 Processor rev 1 (v7l)
D/NexSystemInfo(12042): BogoMIPS	: 38.40
D/NexSystemInfo(12042): Features	: swp half thumb fastmult vfp edsp neon vfpv3 tls vfpv4 idiva idivt 
D/NexSystemInfo(12042): CPU implementer	: 0x51
D/NexSystemInfo(12042): CPU architecture: 7
D/NexSystemInfo(12042): CPU variant	: 0x3
D/NexSystemInfo(12042): CPU part	: 0x06f
D/NexSystemInfo(12042): CPU revision	: 1
D/NexSystemInfo(12042): 
D/NexSystemInfo(12042): processor	: 1
D/NexSystemInfo(12042): model name	: ARMv7 Processor rev 1 (v7l)
D/NexSystemInfo(12042): BogoMIPS	: 38.40
D/NexSystemInfo(12042): Features	: swp half thumb fastmult vfp edsp neon vfpv3 tls vfpv4 idiva idivt 
D/NexSystemInfo(12042): CPU implementer	: 0x51
D/NexSystemInfo(12042): CPU architecture: 7
D/NexSystemInfo(12042): CPU variant	: 0x3
D/NexSystemInfo(12042): CPU part	: 0x06f
D/NexSystemInfo(12042): CPU revision	: 1
D/NexSystemInfo(12042): 
D/NexSystemInfo(12042): processor	: 2
D/NexSystemInfo(12042): model name	: ARMv7 Processor rev 1 (v7l)
D/NexSystemInfo(12042): BogoMIPS	: 38.40
D/NexSystemInfo(12042): Features	: swp half thumb fastmult vfp edsp neon vfpv3 tls vfpv4 idiva idivt 
D/NexSystemInfo(12042): CPU implementer	: 0x51
D/NexSystemInfo(12042): CPU architecture: 7
D/NexSystemInfo(12042): CPU variant	: 0x3
D/NexSystemInfo(12042): CPU part	: 0x06f
D/NexSystemInfo(12042): CPU revision	: 1
D/NexSystemInfo(12042): 
D/NexSystemInfo(12042): processor	: 3
D/NexSystemInfo(12042): model name	: ARMv7 Processor rev 1 (v7l)
D/NexSystemInfo(12042): BogoMIPS	: 38.40
D/NexSystemInfo(12042): Features	: swp half thumb fastmult vfp edsp neon vfpv3 tls vfpv4 idiva idivt 
D/NexSystemInfo(12042): CPU implementer	: 0x51
D/NexSystemInfo(12042): CPU architecture: 7
D/NexSystemInfo(12042): CPU variant	: 0x3
D/NexSystemInfo(12042): CPU part	: 0x06f
D/NexSystemInfo(12042): CPU revision	: 1
D/NexSystemInfo(12042): 
D/NexSystemInfo(12042): Hardware	: Qualcomm APQ 8084 (Flattened Device Tree)
D/NexSystemInfo(12042): Revision	: 83a0
D/NexSystemInfo(12042): Serial		: 0b6f680011000000
D/NexSystemInfo(12042): Device		: shamu
D/NexSystemInfo(12042): Radio		: 6
D/NexSystemInfo(12042): MSM Hardware	: APQ8084 ES1.1
D/NexSystemInfo(12042): PLATFORM INFO: 5.1
I/NEXPLAYER(12042): pPreset is NULL.
W/NEXPLAYER_JNI(12042): [SetLicenseKeyBuffer] called. 
I/NEXPLAYER_JNI(12042): [nexPlayerSDK_InitALFactoryPolicy] Called
E/NEXPLAYER_JNI(12042): getNexALFactoryContext 0x745CACB0
D/NEXPLAYER_JAVA(12042): Request to init player; current init status=false
D/NexSystemInfo(12042): PLATFORM INFO: 5.1
I/NEXPLAYER_JNI(12042): [nexPlayerSDK_Constructor] Called
I/NEXPLAYER(12042): =================================================
I/NEXPLAYER(12042):     Powered by NexPlayerSDK version 6.25.2.312
I/NEXPLAYER(12042):                             build at Dec 10 2014
I/NEXPLAYER(12042):     Information : Release
I/NEXPLAYER(12042):      SDK Name : Default
I/NEXPLAYER(12042):             Copyright(c) NexStreaming Corporation.
I/NEXPLAYER(12042): =================================================
I/NEXPLAYER(12042): 
I/NEXPLAYER(12042): pkgName is com.HBO
I/NEXPLAYER(12042): Finish pkgname check 0
D/NEXPLAYER_JAVA(12042): Init success!
W/NEXPLAYER_JAVA(12042): updateSurfaceScreenOn surface type is 0
I/NEXPLAYER(12042): Engine_Destroy done.
I/NEXTREAMING(12042): MEM cnt: 0
D/DRMAgentNativeBridge(12042): Importing PKI
D/DRMUtilities(12042): Found application directory in the application info: /data/data/com.HBO
D/DRMUtilities(12042): Application data directory resolved and verified to: /data/data/com.HBO/
D/DRMAgentNativeBridge(12042): Request to load agent library
D/DRMUtilities(12042): Found native library directory in the application info: /data/app/com.HBO-1/lib/arm
D/DRMUtilities(12042): Found and validated native library directory: /data/app/com.HBO-1/lib/arm
D/DRMAgentNativeBridge(12042): Attempting to load DRM agent native library from: /data/app/com.HBO-1/lib/arm/libdrmagent_downloadable_exoplayer_jni.so
E/art     (12042): dlopen("drmagent_downloadable_exoplayer_jni", RTLD_LAZY) failed: dlopen failed: library "drmagent_downloadable_exoplayer_jni" not found
D/DRMAgentNativeBridge(12042): Request to load agent library
D/DRMUtilities(12042): Found native library directory in the application info: /data/app/com.HBO-1/lib/arm
D/DRMUtilities(12042): Found and validated native library directory: /data/app/com.HBO-1/lib/arm
D/DRMAgentNativeBridge(12042): Attempting to load DRM agent native library from: /data/app/com.HBO-1/lib/arm/libdrmagent_downloadable_jni.so
D/DRMAgentNativeBridge(12042): Loading DRM agent native library from: /data/app/com.HBO-1/lib/arm/libdrmagent_downloadable_jni.so
I/NautilusContentProvider(23361): Successfully inserted 13 tracks.
I/GLSUser (21008): [GLSUser]  extracting token using key:Auth
W/GLSUser (21008): [GLSUser] [GLSUser]  Permission for com.google.android.apps.gcs to access oauth2:https://www.googleapis.com/auth/nova will be managed locally.
I/MusicLeanback(23361): Conditions not met for autocaching.
I/MusicLeanback(23361): Stop autocaching.
D/DRMAgentNativeBridge(12042): DRM agent native library successfully loaded from: /data/app/com.HBO-1/lib/arm/libdrmagent_downloadable_jni.so
D/DRMAgentNativeBridge(12042): Library libdrmagent_downloadable_jni.so loaded successfully
D/DRMAgentNativeBridge(12042): Importing PKI
D/DRMAgentNativeBridge(12042): Request to load agent library
D/DRMUtilities(12042): Found native library directory in the application info: /data/app/com.HBO-1/lib/arm
D/DRMUtilities(12042): Found and validated native library directory: /data/app/com.HBO-1/lib/arm
D/DRMAgentNativeBridge(12042): Attempting to load DRM agent native library from: /data/app/com.HBO-1/lib/arm/libdrmagent_downloadable_exoplayer_jni.so
E/art     (12042): dlopen("drmagent_downloadable_exoplayer_jni", RTLD_LAZY) failed: dlopen failed: library "drmagent_downloadable_exoplayer_jni" not found
D/DRMAgentNativeBridge(12042): Library libdrmagent_downloadable_jni.so already loaded, will skip this time
D/DRMAgentNativeBridge(12042): Importing PKI
D/DRMAgentNativeBridge(12042): Request to load agent library
D/DRMUtilities(12042): Found native library directory in the application info: /data/app/com.HBO-1/lib/arm
D/DRMUtilities(12042): Found and validated native library directory: /data/app/com.HBO-1/lib/arm
D/DRMAgentNativeBridge(12042): Attempting to load DRM agent native library from: /data/app/com.HBO-1/lib/arm/libdrmagent_downloadable_exoplayer_jni.so
E/art     (12042): dlopen("drmagent_downloadable_exoplayer_jni", RTLD_LAZY) failed: dlopen failed: library "drmagent_downloadable_exoplayer_jni" not found
D/DRMAgentNativeBridge(12042): Library libdrmagent_downloadable_jni.so already loaded, will skip this time
D/DRMAgentNativeBridge(12042): Importing PKI
D/DRMAgentNativeBridge(12042): Request to load agent library
D/DRMUtilities(12042): Found native library directory in the application info: /data/app/com.HBO-1/lib/arm
D/DRMUtilities(12042): Found and validated native library directory: /data/app/com.HBO-1/lib/arm
D/DRMAgentNativeBridge(12042): Attempting to load DRM agent native library from: /data/app/com.HBO-1/lib/arm/libdrmagent_downloadable_exoplayer_jni.so
E/art     (12042): dlopen("drmagent_downloadable_exoplayer_jni", RTLD_LAZY) failed: dlopen failed: library "drmagent_downloadable_exoplayer_jni" not found
D/DRMAgentNativeBridge(12042): Library libdrmagent_downloadable_jni.so already loaded, will skip this time
I/NautilusContentProvider(23361): Successfully inserted 13 tracks.
W/DownloadManager( 7295): fallocate() not supported; falling back to ftruncate()
I/DRMUtilities(12042): Retrieving device parameters from context: com.hbo.HBOApplication@130a19f2
I/DRMUtilities(12042): Retrieved device identifier: 359320050623726
D/DRMAgentNativeBridge(12042): ==========================================================================================
D/DRMAgentNativeBridge(12042): INSIDE Secure DRM Fusion Downloadable Agent
D/DRMAgentNativeBridge(12042):     API Version:          v1.4.8.e built on Jan 28 2015 (889753bcf1274bec84d856864559b4f72e51f075)
D/DRMAgentNativeBridge(12042):     Platform Information: Nexus 6/shamu/22/motorola
D/DRMAgentNativeBridge(12042):     OS Information:       5.1 (22) - Linux/3.10.40-geec2459/armv7l
D/DRMAgentNativeBridge(12042):     CPU Vendor:           Qualcomm APQ 8084 (Flattened Device Tree)
D/DRMAgentNativeBridge(12042):     CPU Model:            ARMv7 Processor rev 1 (v7l)
D/DRMAgentNativeBridge(12042): ==========================================================================================
D/DRMAgentNativeBridge(12042): Request to load agent library
D/DRMUtilities(12042): Found native library directory in the application info: /data/app/com.HBO-1/lib/arm
D/DRMUtilities(12042): Found and validated native library directory: /data/app/com.HBO-1/lib/arm
D/DRMAgentNativeBridge(12042): Attempting to load DRM agent native library from: /data/app/com.HBO-1/lib/arm/libdrmagent_downloadable_exoplayer_jni.so
E/art     (12042): dlopen("drmagent_downloadable_exoplayer_jni", RTLD_LAZY) failed: dlopen failed: library "drmagent_downloadable_exoplayer_jni" not found
D/DRMAgentNativeBridge(12042): Library libdrmagent_downloadable_jni.so already loaded, will skip this time
D/DRMUtilities(12042): Found native library directory in the application info: /data/app/com.HBO-1/lib/arm
D/DRMUtilities(12042): Found and validated native library directory: /data/app/com.HBO-1/lib/arm
I/DRMUtilities(12042): Retrieving device parameters from context: com.hbo.HBOApplication@130a19f2
I/DRMUtilities(12042): Retrieved device identifier: 359320050623726
I/NautilusContentProvider(23361): Successfully inserted 13 tracks.
W/MediaSessionRecord(  809): Removed dead callback in pushQueueUpdate.
W/MediaSessionRecord(  809): android.os.DeadObjectException
W/MediaSessionRecord(  809): 	at android.os.BinderProxy.transactNative(Native Method)
W/MediaSessionRecord(  809): 	at android.os.BinderProxy.transact(Binder.java:496)
W/MediaSessionRecord(  809): 	at android.media.session.ISessionControllerCallback$Stub$Proxy.onQueueChanged(ISessionControllerCallback.java:245)
W/MediaSessionRecord(  809): 	at com.android.server.media.MediaSessionRecord.pushQueueUpdate(MediaSessionRecord.java:570)
W/MediaSessionRecord(  809): 	at com.android.server.media.MediaSessionRecord.access$3400(MediaSessionRecord.java:67)
W/MediaSessionRecord(  809): 	at com.android.server.media.MediaSessionRecord$MessageHandler.handleMessage(MediaSessionRecord.java:1268)
W/MediaSessionRecord(  809): 	at android.os.Handler.dispatchMessage(Handler.java:102)
W/MediaSessionRecord(  809): 	at android.os.Looper.loop(Looper.java:135)
W/MediaSessionRecord(  809): 	at com.android.server.SystemServer.run(SystemServer.java:269)
W/MediaSessionRecord(  809): 	at com.android.server.SystemServer.main(SystemServer.java:170)
W/MediaSessionRecord(  809): 	at java.lang.reflect.Method.invoke(Native Method)
W/MediaSessionRecord(  809): 	at java.lang.reflect.Method.invoke(Method.java:372)
W/MediaSessionRecord(  809): 	at com.android.internal.os.ZygoteInit$MethodAndArgsCaller.run(ZygoteInit.java:903)
W/MediaSessionRecord(  809): 	at com.android.internal.os.ZygoteInit.main(ZygoteInit.java:698)
D/DRMUtilities(12042): A new thread safe HTTPClient created.
D/DRMUtilities(12042): HDCP check background thread starting
D/DRMAgentImpl(12042): Updated configuration: DRMAgentConfiguration{_nativePlayerBufferSize=10000, _httpConnectionHelper=com.hbo.videoplayer.a.c$3@349be33e, _userAgent='InsideSecure/X (DRM Fusion Agent Reference Player)', _httpConnectionTimeout=15, _httpConnectionDataTimeout=15, _httpsTrustAllSSLCertificates=false, _numSecondsToIgnoreSameError=3, _ignoreMimetypeValidationErrors=true, _contentCachePath='/data/data/com.HBO/content-cache', _useHeadlessHLS=false, _joinDomainFriendlyName='null', _deviceProperties={}, _drmLicenseAcquisitionHandler=com.hbo.videoplayer.a.c$2@2590d59f, _qosEnabled=false, _offlineMode=false}
D/DRMAgentImpl(12042): Updated configuration: DRMAgentConfiguration{_nativePlayerBufferSize=10000, _httpConnectionHelper=com.hbo.videoplayer.a.c$3@37bb96ec, _userAgent='InsideSecure/X (DRM Fusion Agent Reference Player)', _httpConnectionTimeout=15, _httpConnectionDataTimeout=15, _httpsTrustAllSSLCertificates=false, _numSecondsToIgnoreSameError=3, _ignoreMimetypeValidationErrors=true, _contentCachePath='/data/data/com.HBO/content-cache', _useHeadlessHLS=false, _joinDomainFriendlyName='null', _deviceProperties={}, _drmLicenseAcquisitionHandler=com.hbo.videoplayer.a.c$2@9635ab5, _qosEnabled=false, _offlineMode=false}
D/DRMAgentNativeBridge(12042): Performing database store reset
I/drmagent-jni(12042): Resetting the DRM database
E/NautilusSongList(32751): Unknown album id: 3676550063
E/NautilusSongList(32751): Unknown album id: 3676550063
V/ExperimentUpdateService(11764): [21257] ExperimentUpdateService.a: Empty/null config in valid experiment update response.
I/ActivityManager(  809): Killing 9903:com.google.android.gm/u0a85 (adj 15): empty #17
I/art     (23361): Explicit concurrent mark sweep GC freed 69093(3MB) AllocSpace objects, 19(6MB) LOS objects, 19% free, 33MB/41MB, paused 1.956ms total 42.205ms
D/DownloadManager( 7295): [185] Finished with status SUCCESS
D/DRMAgentImpl(12042): Updated configuration: DRMAgentConfiguration{_nativePlayerBufferSize=10000, _httpConnectionHelper=com.hbo.videoplayer.a.c$3@21eef54a, _userAgent='InsideSecure/X (DRM Fusion Agent Reference Player)', _httpConnectionTimeout=15, _httpConnectionDataTimeout=15, _httpsTrustAllSSLCertificates=false, _numSecondsToIgnoreSameError=3, _ignoreMimetypeValidationErrors=true, _contentCachePath='/data/data/com.HBO/content-cache', _useHeadlessHLS=false, _joinDomainFriendlyName='null', _deviceProperties={}, _drmLicenseAcquisitionHandler=com.hbo.videoplayer.a.c$2@2b72cbb, _qosEnabled=false, _offlineMode=false}
I/MediaRouter(12042): Found default route: MediaRouter.RouteInfo{ uniqueId=android/.support.v7.media.s:DEFAULT_ROUTE, name=Phone, description=null, enabled=true, connecting=false, playbackType=0, playbackStream=3, volumeHandling=1, volume=3, volumeMax=15, presentationDisplayId=-1, extras=null, providerPackageName=android }
I/iu.UploadsManager(11214): #reloadSettings(); account: -1; IU: disabled; IS: disabled; IS account: -1; photoWiFi: true; videoWiFi: true; roam: false; battery: true; size: FULL; maxMobile: 157286400
I/ActivityManager(  809): Killing 10052:com.android.providers.calendar/u0a5 (adj 15): empty #17
W/ActivityManager(  809): Permission Denial: Accessing service ComponentInfo{com.google.android.music/com.google.android.music.dial.DialMediaRouteProviderService} from pid=12042, uid=10116 that is not exported from uid 10073
I/art     (  809): Explicit concurrent mark sweep GC freed 29364(1911KB) AllocSpace objects, 5(80KB) LOS objects, 20% free, 63MB/79MB, paused 2.155ms total 85.985ms
D/SprintDMReceiver(11993): Received intent: android.net.conn.CONNECTIVITY_CHANGE
I/art     (11214): Explicit concurrent mark sweep GC freed 23638(3MB) AllocSpace objects, 8(176KB) LOS objects, 38% free, 25MB/41MB, paused 1.814ms total 42.524ms
D/SprintDMHelper(11993): simOperator: 310410 IMSI: 310410649196970
D/SprintDMReceiver(11993): Not Sprint UICC, don't do anything.
I/MusicLeanback(23361): Conditions not met for autocaching.
I/MusicLeanback(23361): Stop autocaching.
I/iu.UploadsManager(11214): End new media; added: 0, uploading: 0, time: 253 ms
W/DownloadManager( 7295): Missing request for path /storage/emulated/0/Download/TeamDoor-debug-5.apk
D/GCM     (21008): GcmService start Intent { act=android.net.conn.CONNECTIVITY_CHANGE flg=0x4000010 cmp=com.google.android.gms/.gcm.GcmService (has extras) } android.net.conn.CONNECTIVITY_CHANGE
I/art     ( 7295): Explicit concurrent mark sweep GC freed 63625(3MB) AllocSpace objects, 0(0B) LOS objects, 25% free, 23MB/30MB, paused 397us total 72.900ms
D/ConnectivityService(  809): reportBadNetwork(NetworkAgentInfo [WIFI () - 297]) by 10014
D/NetworkMonitor/NetworkAgentInfo [WIFI () - 297](  809): ValidatedState{ when=0 what=532488 arg1=10014 target=com.android.internal.util.StateMachine$SmHandler }
D/NetworkMonitor/NetworkAgentInfo [WIFI () - 297](  809): DefaultState{ when=-1ms what=532488 arg1=10014 target=com.android.internal.util.StateMachine$SmHandler }
D/NetworkMonitor/NetworkAgentInfo [WIFI () - 297](  809): Forcing reevaluation
D/NetworkMonitor/NetworkAgentInfo [WIFI () - 297](  809): EvaluatingState{ when=0 what=532486 arg1=3 target=com.android.internal.util.StateMachine$SmHandler }
D/NetworkMonitor/NetworkAgentInfo [WIFI () - 297](  809): Checking http://connectivitycheck.android.com/generate_204 on "darrel"
E/WifiStateMachine(  809): WifiStateMachine CMD_START_SCAN source 10014 txSuccessRate=288.62 rxSuccessRate=289.66 targetRoamBSSID=any RSSI=-35
