I/iu.Environment(11214): update connectivity state; isNetworkMetered? false, isRoaming? false, isBackgroundDataAllowed? true
E/WifiStateMachine(  809): WifiStateMachine CMD_START_SCAN source 10014 txSuccessRate=633.81 rxSuccessRate=868.83 targetRoamBSSID=any RSSI=-35
D/NetworkMonitor/NetworkAgentInfo [WIFI () - 297](  809): isCaptivePortal: ret=204 headers={null=[HTTP/1.1 204 No Content], Content-Length=[0], Date=[Wed, 08 Apr 2015 17:17:16 GMT], Server=[GFE/2.0], X-Android-Received-Millis=[1428513435964], X-Android-Response-Source=[NETWORK 204], X-Android-Sent-Millis=[1428513435827]}
D/NetworkMonitor/NetworkAgentInfo [WIFI () - 297](  809): Validated
D/ConnectivityService(  809): setProvNotificationVisibleIntent: E visible=false networkType=0 extraInfo=null
D/ConnectivityService(  809): Validated NetworkAgentInfo [WIFI () - 297]
I/MediaStoreImporter(23361): Update: incremental Added music: 0 Updated music: 0 Deleted music: 0 Created playlists: 0 Updated playlists: 0 Deleted playlists: 0 Inserted playlist items: 0 Deleted playlist items: 0 Removed orphaned playlist items: 0
D/PhoneStatusBar(29970): disable: < expand ICONS* alerts SYSTEM_INFO* back home recent clock search >
D/BluetoothAdapter(29970): 650156838: getState() :  mService = null. Returning STATE_OFF
D/BluetoothAdapter(29970): 650156838: getState() :  mService = null. Returning STATE_OFF
D/BluetoothAdapter(29970): 650156838: getState() :  mService = null. Returning STATE_OFF
D/BluetoothAdapter(29970): 650156838: getState() :  mService = null. Returning STATE_OFF
D/StatusBar(29970): Clicked on content of 0|com.android.providers.downloads|0|3:185|10010
W/InputMethodManagerService(  809): Window already focused, ignoring focus gain of: com.android.internal.view.IInputMethodClient$Stub$Proxy@20f17227 attribute=null, token = android.os.BinderProxy@7365a56
I/ActivityManager(  809): START u0 {act=android.intent.action.VIEW dat=file:///storage/emulated/0/Download/TeamDoor-debug-5.apk typ=application/vnd.android.package-archive flg=0x10000000 cmp=com.android.packageinstaller/.PackageInstallerActivity (has extras)} from uid 10010 on display 0
V/WindowManager(  809): addAppToken: AppWindowToken{3e998172 token=Token{203d5e7d ActivityRecord{8bfacd4 u0 com.android.packageinstaller/.PackageInstallerActivity t857}}} to stack=1 task=857 at 1
V/WindowManager(  809): Based on layer: Adding window Window{f3ee035 u0 Starting com.android.packageinstaller} at 15 of 21
I/ActivityManager(  809): Start proc 12099:com.android.packageinstaller/u0a76 for activity com.android.packageinstaller/.PackageInstallerActivity
W/m       (30414): [TiclService] Ticl being stopped: Client: <ApplicationClientIdP: client_type=1018 client_name=16cf358a-589b-45df-a4bf-a712702a86f9>, \n\006\n\004\010\003\020\001\022\022\t&q\213\317\340__\260\021m@\217\300T\322\343\032\032\007\010\202,\020\003\030\013, <RunState: 2>
W/PackageParser(12099): No actions in intent filter at /storage/emulated/0/Download/TeamDoor-debug-5.apk Binary XML file line #46
D/PhoneStatusBar(29970): disable: < expand icons* alerts system_info* back home recent clock search >
I/AppSecurityPermissions(12099): Ignoring unknown permission:android.permission.RECORD_VIDEO
D/OpenGLRenderer(12099): Use EGL_SWAP_BEHAVIOR_PRESERVED: true
D/Atlas   (12099): Validating map...
V/WindowManager(  809): Adding window Window{18129e9c u0 com.android.packageinstaller/com.android.packageinstaller.PackageInstallerActivity} at 15 of 22 (before Window{f3ee035 u0 Starting com.android.packageinstaller})
I/Adreno  (12099): EGLInit: QTI Build: 01/29/15, 1bccc5d, I0ba6dce82d
I/OpenGLRenderer(12099): Initialized EGL, version 1.4
D/OpenGLRenderer(12099): Enabling debug mode 0
V/RenderScript(12099): Application requested CPU execution
V/RenderScript(12099): 0xb4823800 Launching thread(s), CPUs 4
I/ActivityManager(  809): Displayed com.android.packageinstaller/.PackageInstallerActivity: +640ms
W/IInputConnectionWrapper(30414): showStatusIcon on inactive InputConnection
I/ActivityManager(  809): Killing 8902:com.google.android.calendar/u0a43 (adj 15): empty #17
I/ActivityManager(  809): Killing 10265:com.google.android.apps.maps/u0a72 (adj 15): empty #17
W/ResourceType(29970): No package identifier when getting value for resource number 0x00000000
W/PackageManager(29970): Failure retrieving resources for com.chrome.beta: Resource ID #0x0
W/m       (30414): [TiclService] Ticl being stopped: Client: <ApplicationClientIdP: client_type=1018 client_name=16cf358a-589b-45df-a4bf-a712702a86f9>, \n\006\n\004\010\003\020\001\022\022\t&q\213\317\340__\260\021m@\217\300T\322\343\032\032\007\010\202,\020\003\030\013, <RunState: 2>
I/ActivityManager(  809): START u0 {dat=file:///storage/emulated/0/Download/TeamDoor-debug-5.apk cmp=com.android.packageinstaller/.InstallAppProgress (has extras)} from uid 10076 on display 0
V/WindowManager(  809): addAppToken: AppWindowToken{3569261b token=Token{3871782a ActivityRecord{ce49d15 u0 com.android.packageinstaller/.InstallAppProgress t857}}} to stack=1 task=857 at 2
E/WifiStateMachine(  809): WifiStateMachine CMD_START_SCAN source -2 txSuccessRate=173.45 rxSuccessRate=231.71 targetRoamBSSID=any RSSI=-34
E/WifiStateMachine(  809): WifiStateMachine L2Connected CMD_START_SCAN source -2 8608, 8610 -> obsolete
W/InstallAppProgress(12099): Replacing package:com.phonegap.www
V/WindowManager(  809): Adding window Window{1a6b4364 u0 com.android.packageinstaller/com.android.packageinstaller.InstallAppProgress} at 16 of 22 (after Window{18129e9c u0 com.android.packageinstaller/com.android.packageinstaller.PackageInstallerActivity})
W/NEXPLAYER_JAVA(12042): release() not valid for uninitialized object
W/NEXALFACTORY_JAVA(12042): release() not valid for uninitialized object
D/Finsky  (10478): [1] PackageVerificationReceiver.onReceive: Verification requested, id = 43
D/Finsky  (10478): [1] WorkerTask.onPreExecute: Verification Requested for id = 43, data=file:///storage/emulated/0/Download/TeamDoor-debug-5.apk flags=18 fromVerificationActivity=false
E/WifiStateMachine(  809): WifiStateMachine CMD_START_SCAN source -2 txSuccessRate=173.45 rxSuccessRate=231.71 targetRoamBSSID=any RSSI=-34
E/WifiStateMachine(  809): WifiStateMachine L2Connected CMD_START_SCAN source -2 8609, 8610 -> obsolete
W/PackageParser(10478): No actions in intent filter at /storage/emulated/0/Download/TeamDoor-debug-5.apk Binary XML file line #46
I/ActivityManager(  809): Displayed com.android.packageinstaller/.InstallAppProgress: +145ms
D/OpenGLRenderer(12099): endAllStagingAnimators on 0xa18db200 (RippleDrawable) with handle 0xb4b11ee0
I/qtaguid (10478): Failed write_ctrl(u 52) res=-1 errno=22
I/qtaguid (10478): Untagging socket 52 failed errno=-22
W/NetworkManagementSocketTagger(10478): untagSocket(52) failed with errno -22
D/Finsky  (10478): [1] 2.onResponse: Verification id=43 response=0
D/Finsky  (10478): [1] PackageVerificationReceiver.onReceive: Verification requested, id = 43
D/DefContainer(10460): Copying /storage/emulated/0/Download/TeamDoor-debug-5.apk to base.apk
W/PackageParser(  809): No actions in intent filter at /data/app/vmdl887600851.tmp/base.apk Binary XML file line #46
D/PackageManager(  809): Renaming /data/app/vmdl887600851.tmp to /data/app/com.phonegap.www-1
I/ActivityManager(  809): Force stopping com.phonegap.www appid=10120 user=-1: uninstall pkg
I/ActivityManager(  809):   Force finishing activity 3 ActivityRecord{52d6cd8 u0 com.phonegap.www/.TeamDoor t862}
I/PackageManager(  809): Package com.phonegap.www codePath changed from /data/app/com.phonegap.www-2 to /data/app/com.phonegap.www-1; Retaining data and using new
I/PackageManager(  809): Running dexopt on: /data/app/com.phonegap.www-1/base.apk pkg=com.phonegap.www isa=arm vmSafeMode=false
I/dex2oat (12142): /system/bin/dex2oat --zip-fd=6 --zip-location=/data/app/com.phonegap.www-1/base.apk --oat-fd=7 --oat-location=/data/dalvik-cache/arm/data@app@com.phonegap.www-1@base.apk@classes.dex --instruction-set=arm --instruction-set-features=div --runtime-arg -Xms64m --runtime-arg -Xmx512m --swap-fd=8
I/dex2oat (12142): Decided to run without swap.
I/dex2oat (12142): dex2oat took 342.496ms (threads: 4) arena alloc=84KB java alloc=398KB native alloc=2MB free=5MB
W/PackageManager(  809): Code path for pkg : com.phonegap.www changing from /data/app/com.phonegap.www-2 to /data/app/com.phonegap.www-1
I/ActivityManager(  809): Force stopping com.phonegap.www appid=10120 user=-1: update pkg
W/PackageManager(  809): Resource path for pkg : com.phonegap.www changing from /data/app/com.phonegap.www-2 to /data/app/com.phonegap.www-1
W/PackageManager(  809): Unknown permission android.permission.RECORD_VIDEO in package com.phonegap.www
I/ActivityManager(  809): Force stopping com.phonegap.www appid=10120 user=0: pkg removed
D/JobSchedulerService(  809): Receieved: android.intent.action.PACKAGE_REMOVED
D/BackupManagerService(  809): Received broadcast Intent { act=android.intent.action.PACKAGE_REMOVED dat=package:com.phonegap.www flg=0x4000010 (has extras) }
I/InputReader(  809): Reconfiguring input devices.  changes=0x00000010
D/BuaReceiver( 7446): ====== got intent:Intent { act=android.intent.action.PACKAGE_REMOVED dat=package:com.phonegap.www flg=0x4000010 cmp=com.motorola.android.buacontactadapter/.BuaReceiver (has extras) }
I/InputReader(  809): Reconfiguring input devices.  changes=0x00000010
W/ActivityManager(  809): Permission Denial: Accessing service ComponentInfo{com.google.android.music/com.google.android.music.dial.DialMediaRouteProviderService} from pid=1693, uid=10119 that is not exported from uid 10073
W/ActivityManager(  809): Permission Denial: Accessing service ComponentInfo{com.google.android.music/com.google.android.music.dial.DialMediaRouteProviderService} from pid=12042, uid=10116 that is not exported from uid 10073
W/ActivityManager(  809): Permission Denial: Accessing service ComponentInfo{com.google.android.music/com.google.android.music.dial.DialMediaRouteProviderService} from pid=12042, uid=10116 that is not exported from uid 10073
W/ActivityManager(  809): Permission Denial: Accessing service ComponentInfo{com.google.android.music/com.google.android.music.dial.DialMediaRouteProviderService} from pid=1693, uid=10119 that is not exported from uid 10073
I/InputReader(  809): Reconfiguring input devices.  changes=0x00000010
W/ActivityManager(  809): Permission Denial: Accessing service ComponentInfo{com.google.android.music/com.google.android.music.dial.DialMediaRouteProviderService} from pid=1693, uid=10119 that is not exported from uid 10073
W/ActivityManager(  809): Permission Denial: Accessing service ComponentInfo{com.google.android.music/com.google.android.music.dial.DialMediaRouteProviderService} from pid=12042, uid=10116 that is not exported from uid 10073
W/Settings(  809): Setting install_non_market_apps has moved from android.provider.Settings.Global to android.provider.Settings.Secure, returning read-only value.
I/art     (10478): Explicit concurrent mark sweep GC freed 40953(2MB) AllocSpace objects, 23(447KB) LOS objects, 19% free, 33MB/41MB, paused 436us total 88.423ms
W/ContextImpl(10595): Calling a method in the system process without a qualified user: android.app.ContextImpl.startService:1692 android.content.ContextWrapper.startService:516 android.content.ContextWrapper.startService:516 com.android.keychain.KeyChainBroadcastReceiver.onReceive:12 android.app.ActivityThread.handleReceiver:2609 
W/Launcher( 1400): setApplicationContext called twice! old=com.google.android.velvet.VelvetApplication@130a19f2 new=com.google.android.velvet.VelvetApplication@130a19f2
E/NetworkScheduler.SchedulerReceiver(21008): Invalid parameter app
E/NetworkScheduler.SchedulerReceiver(21008): Invalid package name : Perhaps you didn't include a PendingIntent in the extras?
D/PackageBroadcastService(11214): Received broadcast action=android.intent.action.PACKAGE_REMOVED and uri=com.phonegap.www
D/BuaReceiver( 7446): ====== got intent:Intent { act=android.intent.action.PACKAGE_ADDED dat=package:com.phonegap.www flg=0x4000010 cmp=com.motorola.android.buacontactadapter/.BuaReceiver (has extras) }
I/ConfigService(21008): onCreate
I/ConfigService(21008): onBind for Intent { act=com.google.android.gms.config.UPDATE pkg=com.google.android.gms } action com.google.android.gms.config.UPDATE
I/ConfigService(21008): onBind returning update interface
I/ConfigFetchService(11214): onStartCommand Intent { act=android.intent.action.PACKAGE_REMOVED dat=package:com.phonegap.www cmp=com.google.android.gms/.config.ConfigFetchService (has extras) }
I/ConfigService(21008): onBind for Intent { act=com.google.android.gms.config.START pkg=com.google.android.gms } action com.google.android.gms.config.START
I/ConfigService(21008): onBind returning service broker
I/ConfigFetchService(11214): service connected
D/BackupManagerService(  809): Received broadcast Intent { act=android.intent.action.PACKAGE_ADDED dat=package:com.phonegap.www flg=0x4000010 (has extras) }
W/BackupManagerService(  809): Removing schedule queue dupe of com.phonegap.www
D/GCM     (21008): Connected
I/GCM     (21008): GCM message com.google.android.gsf.gtalkservice 
I/UpdateIcingCorporaServi(11241): Updating corpora: APPS=com.phonegap.www, CONTACTS=MAYBE
I/GCM     (21008): Ack for not saved message 137
I/GCM     (21008): Ack for not saved message 138
D/GCM     (21008): Message class com.google.f.a.a.r
D/PackageBroadcastService(11214): Received broadcast action=android.intent.action.PACKAGE_ADDED and uri=com.phonegap.www
I/ConfigFetchService(11214): onStartCommand Intent { act=android.intent.action.PACKAGE_ADDED dat=package:com.phonegap.www cmp=com.google.android.gms/.config.ConfigFetchService (has extras) }
I/ConfigFetchService(11214): launchTask
I/ConfigFetchService(11214): service connected
D/ConfigFetchService(11214): ConfigApi connection successful.
V/ConfigFetchTask(11214): ConfigFetchTask getDeviceDataVersionInfo(): ABFEt1WPDfWQI_tthX0II1lsTBHyKD_aacj0v_YbUrb1NFe7rhZO811M6WxEuSuQWy_X49K86I5ER-EhGNtjwmL_IeYTRPKYLSLpD4iRT5nIbtDN6x7MajvaqhFgj6EYQB3fFDJXrQfC
I/GoogleURLConnFactory(11214): Using platform SSLCertificateSocketFactory
I/art     (  809): Explicit concurrent mark sweep GC freed 63364(3MB) AllocSpace objects, 18(4MB) LOS objects, 20% free, 63MB/79MB, paused 3.100ms total 309.738ms
W/Launcher( 1400): setApplicationContext called twice! old=com.google.android.velvet.VelvetApplication@130a19f2 new=com.google.android.velvet.VelvetApplication@130a19f2
I/ApplicationLogger(11241): canRun() : Account = theazad23@gmail.com
I/ApplicationLogger(11241): isBeforeMinInterval() : Ran less than 24 hours ago
I/UpdateIcingCorporaServi(11241): UpdateCorporaTask done [took 112 ms] updated apps [took 112 ms] 
E/NetworkScheduler.SchedulerReceiver(21008): Invalid parameter app
E/NetworkScheduler.SchedulerReceiver(21008): Invalid package name : Perhaps you didn't include a PendingIntent in the extras?
D/PackageBroadcastService(11214): Received broadcast action=android.intent.action.PACKAGE_REPLACED and uri=com.phonegap.www
D/Finsky  (10478): [1] InstallPolicies.captureEverExternallyHosted: Presetting external-hosting status for uninstalled com.att.mobile.android.vvm
D/Finsky  (10478): [1] InstallPolicies.captureEverExternallyHosted: Presetting external-hosting status for uninstalled com.att.myWireless
D/Finsky  (10478): [1] InstallPolicies.captureEverExternallyHosted: Presetting external-hosting status for uninstalled com.yahoo.mobile.client.android.yahoo.att
I/Launcher( 1400): Deferring update until onResume
W/asset   ( 1400): Asset path /data/app/com.myfitnesspal.android-1/base.apk is neither a directory nor file (type=1).
W/PackageManager( 1400): Failure retrieving resources for com.myfitnesspal.android
W/asset   ( 1400): Asset path /data/app/com.google.android.apps.plus-2/base.apk is neither a directory nor file (type=1).
W/PackageManager( 1400): Failure retrieving resources for com.google.android.apps.plus
W/asset   ( 1400): Asset path /data/app/com.google.android.apps.plus-2/base.apk is neither a directory nor file (type=1).
W/PackageManager( 1400): Failure retrieving resources for com.google.android.apps.plus
W/asset   ( 1400): Asset path /data/app/com.google.android.talk-1/base.apk is neither a directory nor file (type=1).
W/PackageManager( 1400): Failure retrieving resources for com.google.android.talk
W/asset   ( 1400): Asset path /data/app/com.google.android.apps.plus-2/base.apk is neither a directory nor file (type=1).
W/PackageManager( 1400): Failure retrieving resources for com.google.android.apps.plus
W/asset   ( 1400): Asset path /data/app/com.google.android.apps.plus-2/base.apk is neither a directory nor file (type=1).
W/PackageManager( 1400): Failure retrieving resources for com.google.android.apps.plus
W/asset   ( 1400): Asset path /data/app/com.andrewshu.android.redditdonation-1/base.apk is neither a directory nor file (type=1).
W/PackageManager( 1400): Failure retrieving resources for com.andrewshu.android.redditdonation
W/asset   ( 1400): Asset path /data/app/com.andrewshu.android.redditdonation-1/base.apk is neither a directory nor file (type=1).
W/PackageManager( 1400): Failure retrieving resources for com.andrewshu.android.redditdonation
W/asset   ( 1400): Asset path /data/app/radiotime.player-2/base.apk is neither a directory nor file (type=1).
W/PackageManager( 1400): Failure retrieving resources for radiotime.player
W/asset   ( 1400): Asset path /data/app/radiotime.player-2/base.apk is neither a directory nor file (type=1).
W/PackageManager( 1400): Failure retrieving resources for radiotime.player
I/Launcher( 1400): Deferring update until onResume
I/ConfigFetchService(11214): fetch service done; releasing wakelock
I/ConfigFetchService(11214): stopping self
I/ActivityManager(  809): START u0 {act=android.intent.action.MAIN cat=[android.intent.category.LAUNCHER] flg=0x10000000 pkg=com.phonegap.www cmp=com.phonegap.www/.TeamDoor} from uid 10076 on display 0
V/WindowManager(  809): addAppToken: AppWindowToken{153fa10a token=Token{33a05d75 ActivityRecord{2013ecac u0 com.phonegap.www/.TeamDoor t1066}}} to stack=1 task=1066 at 0
V/WindowManager(  809): Adding window Window{2f33c62d u0 Starting com.phonegap.www} at 16 of 22 (after Window{1a6b4364 u0 com.android.packageinstaller/com.android.packageinstaller.InstallAppProgress})
I/ActivityManager(  809): Start proc 12188:com.phonegap.www/u0a120 for activity com.phonegap.www/.TeamDoor
I/art     (12188): Late-enabling -Xcheck:jni
D/OpenGLRenderer(12099): endAllStagingAnimators on 0x9d074b80 (RippleDrawable) with handle 0xa1a38400
V/PhoneStatusBar(29970): setLightsOn(true)
I/Icing   (11214): Indexing 39635575FB3BBDAD59A745166DF12C6486330C95 from com.google.android.googlequicksearchbox
I/CordovaLog(12188): Changing log level to DEBUG(3)
D/CordovaActivity(12188): CordovaActivity.onCreate()
I/WebViewFactory(12188): Loading com.google.android.webview version 40 (1832189-arm) (code 424501)
I/LibraryLoader(12188): Time to load native libraries: 3 ms (timestamps 1073-1076)
I/LibraryLoader(12188): Expected native library version number "",actual native library version number ""
V/WebViewChromiumFactoryProvider(12188): Binding Chromium to main looper Looper (main, tid 1) {130a19f2}
I/LibraryLoader(12188): Expected native library version number "",actual native library version number ""
I/chromium(12188): [INFO:library_loader_hooks.cc(108)] Chromium logging enabled: level = 0, default verbosity = 0
I/Icing   (11214): Indexing done 39635575FB3BBDAD59A745166DF12C6486330C95
I/BrowserStartupController(12188): Initializing chromium process, singleProcess=true
W/art     (12188): Attempt to remove local handle scope entry from IRT, ignoring
W/AudioManagerAndroid(12188): Requires BLUETOOTH permission
W/chromium(12188): [WARNING:resource_bundle.cc(304)] locale_file_path.empty()
I/chromium(12188): [INFO:aw_browser_main_parts.cc(63)] Load from apk succesful, fd=31 off=49196 len=3229
I/chromium(12188): [INFO:aw_browser_main_parts.cc(76)] Loading webviewchromium.pak from, fd:32 off:390788 len:1143511
I/Adreno  (12188): EGLInit: QTI Build: 01/29/15, 1bccc5d, I0ba6dce82d
W/chromium(12188): [WARNING:data_reduction_proxy_settings.cc(328)] SPDY proxy OFF at startup
W/art     (12188): Attempt to remove local handle scope entry from IRT, ignoring
W/AwContents(12188): onDetachedFromWindow called when already detached. Ignoring
D/CordovaWebView(12188): CordovaWebView is running on device made by: motorola
D/JsMessageQueue(12188): Set native->JS mode to 2
W/art     (12188): Attempt to remove local handle scope entry from IRT, ignoring
D/CordovaActivity(12188): CordovaActivity.init()
D/CordovaWebView(12188): >>> loadUrl(file:///android_asset/www/index.html)
D/PluginManager(12188): init()
D/CordovaWebView(12188): >>> loadUrlNow()
D/Whitelist(12188): Unlimited access to network resources
I/CordovaLog(12188): Found start page location: index.html
I/CordovaLog(12188): Changing log level to DEBUG(3)
D/CordovaActivity(12188): Resuming the App
D/CordovaActivity(12188): CB-3064: The errorUrl is null
D/OpenGLRenderer(12188): Use EGL_SWAP_BEHAVIOR_PRESERVED: true
D/Atlas   (12188): Validating map...
V/WindowManager(  809): Adding window Window{79b310c u0 com.phonegap.www/com.phonegap.www.TeamDoor} at 16 of 23 (before Window{2f33c62d u0 Starting com.phonegap.www})
D/SoftKeyboardDetect(12188): Ignore this event
I/OpenGLRenderer(12188): Initialized EGL, version 1.4
D/OpenGLRenderer(12188): Enabling debug mode 0
I/ActivityManager(  809): Displayed com.phonegap.www/.TeamDoor: +523ms
D/CordovaActivity(12188): onMessage(onPageStarted,file:///android_asset/www/index.html)
D/SoftKeyboardDetect(12188): Ignore this event
W/BindingManager(12188): Cannot call determinedVisibility() - never saw a connection for the pid: 12188
I/ActivityManager(  809): Killing 11792:com.google.android.keep/u0a86 (adj 15): empty #17
E/AndroidProtocolHandler(12188): Unable to open asset URL: file:///android_asset/www/cordova_plugins.js
D/CordovaActivity(12188): onMessage(spinner,stop)
D/CordovaActivity(12188): onMessage(spinner,stop)
D/CordovaWebViewClient(12188): onPageFinished(file:///android_asset/www/index.html)
D/CordovaActivity(12188): onMessage(onPageFinished,file:///android_asset/www/index.html)
W/BindingManager(12188): Cannot call determinedVisibility() - never saw a connection for the pid: 12188
D/CordovaWebViewClient(12188): onPageFinished(file:///android_asset/www/index.html#functions)
D/CordovaActivity(12188): onMessage(onPageFinished,file:///android_asset/www/index.html#functions)
I/iu.UploadsManager(11214): End new media; added: 0, uploading: 0, time: 35 ms
I/GCoreUlr(21153): Successfully inserted location
I/GCoreUlr(21153): Not calling LocationReporter, hasMoved: false, elapsed millis: 12543, request: Stationary(3600000)
W/BindingManager(12188): Cannot call determinedVisibility() - never saw a connection for the pid: 12188
D/CordovaWebViewClient(12188): onPageFinished(file:///android_asset/www/index.html#functions)
D/CordovaActivity(12188): onMessage(onPageFinished,file:///android_asset/www/index.html#functions)
E/NetlinkEvent(  357): NetlinkEvent::FindParam(): Parameter 'INTERFACE' not found
E/NetlinkEvent(  357): NetlinkEvent::FindParam(): Parameter 'TIME_NS' not found
E/NetdConnector(  809): Error handling '613 IfaceClass idle (null)': java.lang.NumberFormatException: Invalid int: "(null)"
E/NetlinkEvent(  357): NetlinkEvent::FindParam(): Parameter 'INTERFACE' not found
E/NetlinkEvent(  357): NetlinkEvent::FindParam(): Parameter 'TIME_NS' not found
E/NetdConnector(  809): Error handling '613 IfaceClass active (null)': java.lang.NumberFormatException: Invalid int: "(null)"
D/CordovaLog(12188): file:///android_asset/www/index.html: Line 82 : {"multicast_id":7902399520799651405,"success":1,"failure":0,"canonical_ids":0,"results":[{"message_id":"0:1428513446909675%07e472e1f9fd7ecd"}]}
I/chromium(12188): [INFO:CONSOLE(82)] "{"multicast_id":7902399520799651405,"success":1,"failure":0,"canonical_ids":0,"results":[{"message_id":"0:1428513446909675%07e472e1f9fd7ecd"}]}", source: file:///android_asset/www/index.html (82)
I/GCM     (21008): GCM message com.ionicframework.comrevivalxionicpush778226 0:1428513446909675%07e472e1f9fd7ecd
I/art     (12248): Late-enabling -Xcheck:jni
I/ActivityManager(  809): Start proc 12248:com.ionicframework.comrevivalxionicpush778226/u0a96 for broadcast com.ionicframework.comrevivalxionicpush778226/com.plugin.gcm.CordovaGCMBroadcastReceiver
I/art     (  372): Explicit concurrent mark sweep GC freed 710(30KB) AllocSpace objects, 0(0B) LOS objects, 40% free, 21MB/36MB, paused 320us total 14.301ms
V/GCMBroadcastReceiver(12248): onReceive: com.google.android.c2dm.intent.RECEIVE
V/GCMRegistrar(12248): Setting the name of retry receiver class to com.plugin.gcm.CordovaGCMBroadcastReceiver
V/GCMBroadcastReceiver(12248): GCM IntentService class: com.plugin.gcm.GCMIntentService
I/art     (  372): Explicit concurrent mark sweep GC freed 5(160B) AllocSpace objects, 0(0B) LOS objects, 40% free, 21MB/36MB, paused 329us total 13.206ms
V/GCMBaseIntentService(12248): Acquiring wakelock
V/GCMBaseIntentService(12248): Intent service name: GCMIntentService-GCMIntentService-1
D/GCMIntentService(12248): onMessage - context: android.app.Application@aac11c1
E/GCMIntentService(12248): Number format exception - Error parsing Notification ID: Invalid int: "null"
V/GCMBaseIntentService(12248): Releasing wakelock
I/art     (  372): Explicit concurrent mark sweep GC freed 5(160B) AllocSpace objects, 0(0B) LOS objects, 40% free, 21MB/36MB, paused 325us total 14.805ms
I/ActivityManager(  809): Killing 11993:com.android.sdm.plugins.sprintdm/1001 (adj 15): empty #17
E/MediaPlayer(29970): Should have subtitle controller already set
I/MediaFocusControl(  809):  AudioFocus  requestAudioFocus() from android.media.AudioManager@20d50243 req=3flags=0x0
D/AudioManager(23361): AudioManager dispatching onAudioFocusChange(-3) for android.media.AudioManager@49791e0com.google.android.music.playback.LocalDevicePlayback$10@163b8c99
D/NuPlayerDriver(  361): start(0xb24cfbe0)
I/GenericSource(  361): start
E/MediaPlayer(29970): Should have subtitle controller already set
D/TaskPersister(  809): removeObsoleteFile: deleting file=862_task.xml
D/TaskPersister(  809): removeObsoleteFile: deleting file=862_task_thumbnail.png
D/audio_hw_primary(  361): out_set_parameters: enter: usecase(1: low-latency-playback) kvpairs: routing=4194304
D/audio_hw_primary(  361): select_devices: out_snd_device(4: speaker-safe) in_snd_device(0: none)
D/msm8974_platform(  361): platform_send_audio_calibration: sending audio calibration for snd_device(4) acdb_id(15)
E/ACDB-LOADER(  361): Error: ACDB AFE returned = -19
D/audio_hw_primary(  361): enable_snd_device: snd_device(4: speaker-safe)
D/audio_hw_primary(  361): enable_audio_route: apply and update mixer path: low-latency-playback speaker
I/ConfigService(21008): onDestroy
D/PhoneStatusBar(29970): disable: < expand ICONS* alerts SYSTEM_INFO* back home recent clock search >
D/NuPlayerDriver(  361): stop(0xb24cfbe0)
W/MediaPlayer(29970): mediaplayer went away with unhandled events
D/NuPlayerDriver(  361): reset(0xb24cfbe0)
D/NuPlayerDriver(  361): notifyResetComplete(0xb24cfbe0)
I/MediaFocusControl(  809):  AudioFocus  abandonAudioFocus() from android.media.AudioManager@20d50243
D/AudioManager(23361): AudioManager dispatching onAudioFocusChange(1) for android.media.AudioManager@49791e0com.google.android.music.playback.LocalDevicePlayback$10@163b8c99
V/LocalDevicePlayback(23361): AudioFocus: received AUDIOFOCUS_GAIN
W/AudioPolicyManager(  361): unregisterEffect() unknown effect ID 8967
D/BluetoothAdapter(29970): 650156838: getState() :  mService = null. Returning STATE_OFF
D/BluetoothAdapter(29970): 650156838: getState() :  mService = null. Returning STATE_OFF
D/BluetoothAdapter(29970): 650156838: getState() :  mService = null. Returning STATE_OFF
D/BluetoothAdapter(29970): 650156838: getState() :  mService = null. Returning STATE_OFF
D/PhoneStatusBar(29970): disable: < expand icons* alerts system_info* back home recent clock search >
W/InputMethodManagerService(  809): Window already focused, ignoring focus gain of: com.android.internal.view.IInputMethodClient$Stub$Proxy@2bf2e2c5 attribute=null, token = android.os.BinderProxy@c64043f
V/PhoneStatusBar(29970): setLightsOn(true)
D/audio_hw_primary(  361): disable_audio_route: reset and update mixer path: low-latency-playback speaker
D/audio_hw_primary(  361): disable_snd_device: snd_device(4: speaker-safe)
W/BindingManager(12188): Cannot call determinedVisibility() - never saw a connection for the pid: 12188
D/CordovaWebViewClient(12188): onPageFinished(file:///android_asset/www/index.html#functions)
D/CordovaActivity(12188): onMessage(onPageFinished,file:///android_asset/www/index.html#functions)
D/CordovaLog(12188): file:///android_asset/www/index.html: Line 82 : {"multicast_id":6470953380158218809,"success":1,"failure":0,"canonical_ids":0,"results":[{"message_id":"0:1428513452923239%07e472e1f9fd7ecd"}]}
I/chromium(12188): [INFO:CONSOLE(82)] "{"multicast_id":6470953380158218809,"success":1,"failure":0,"canonical_ids":0,"results":[{"message_id":"0:1428513452923239%07e472e1f9fd7ecd"}]}", source: file:///android_asset/www/index.html (82)
I/GCM     (21008): GCM message com.ionicframework.comrevivalxionicpush778226 0:1428513452923239%07e472e1f9fd7ecd
I/art     (  809): Explicit concurrent mark sweep GC freed 28496(1431KB) AllocSpace objects, 4(3MB) LOS objects, 20% free, 61MB/77MB, paused 1.738ms total 98.318ms
V/GCMBroadcastReceiver(12248): onReceive: com.google.android.c2dm.intent.RECEIVE
V/GCMBroadcastReceiver(12248): GCM IntentService class: com.plugin.gcm.GCMIntentService
V/GCMBaseIntentService(12248): Acquiring wakelock
V/GCMBaseIntentService(12248): Intent service name: GCMIntentService-GCMIntentService-2
D/GCMIntentService(12248): onMessage - context: android.app.Application@aac11c1
E/GCMIntentService(12248): Number format exception - Error parsing Notification ID: Invalid int: "null"
V/GCMBaseIntentService(12248): Releasing wakelock
E/MediaPlayer(29970): Should have subtitle controller already set
I/MediaFocusControl(  809):  AudioFocus  requestAudioFocus() from android.media.AudioManager@297640d9 req=3flags=0x0
D/AudioManager(23361): AudioManager dispatching onAudioFocusChange(-3) for android.media.AudioManager@49791e0com.google.android.music.playback.LocalDevicePlayback$10@163b8c99
D/NuPlayerDriver(  361): start(0xb24cfca0)
I/GenericSource(  361): start
E/MediaPlayer(29970): Should have subtitle controller already set
D/audio_hw_primary(  361): out_set_parameters: enter: usecase(1: low-latency-playback) kvpairs: routing=4194304
D/audio_hw_primary(  361): select_devices: out_snd_device(4: speaker-safe) in_snd_device(0: none)
D/msm8974_platform(  361): platform_send_audio_calibration: sending audio calibration for snd_device(4) acdb_id(15)
E/ACDB-LOADER(  361): Error: ACDB AFE returned = -19
D/audio_hw_primary(  361): enable_snd_device: snd_device(4: speaker-safe)
D/audio_hw_primary(  361): enable_audio_route: apply and update mixer path: low-latency-playback speaker
D/NuPlayerDriver(  361): stop(0xb24cfca0)
D/NuPlayerDriver(  361): reset(0xb24cfca0)
D/NuPlayerDriver(  361): notifyResetComplete(0xb24cfca0)
I/MediaFocusControl(  809):  AudioFocus  abandonAudioFocus() from android.media.AudioManager@297640d9
D/AudioManager(23361): AudioManager dispatching onAudioFocusChange(1) for android.media.AudioManager@49791e0com.google.android.music.playback.LocalDevicePlayback$10@163b8c99
V/LocalDevicePlayback(23361): AudioFocus: received AUDIOFOCUS_GAIN
D/PhoneStatusBar(29970): disable: < expand ICONS* alerts SYSTEM_INFO* back home recent clock search >
W/AudioPolicyManager(  361): unregisterEffect() unknown effect ID 8970
D/BluetoothAdapter(29970): 650156838: getState() :  mService = null. Returning STATE_OFF
D/BluetoothAdapter(29970): 650156838: getState() :  mService = null. Returning STATE_OFF
D/BluetoothAdapter(29970): 650156838: getState() :  mService = null. Returning STATE_OFF
D/BluetoothAdapter(29970): 650156838: getState() :  mService = null. Returning STATE_OFF
E/WifiStateMachine(  809): WifiStateMachine CMD_START_SCAN source -2 txSuccessRate=13.95 rxSuccessRate=22.96 targetRoamBSSID=any RSSI=-38
E/WifiStateMachine(  809): WifiStateMachine starting scan for "darrel"WPA_PSK with 5745,2437
E/NetlinkEvent(  357): NetlinkEvent::FindParam(): Parameter 'INTERFACE' not found
E/NetlinkEvent(  357): NetlinkEvent::FindParam(): Parameter 'TIME_NS' not found
E/NetdConnector(  809): Error handling '613 IfaceClass idle (null)': java.lang.NumberFormatException: Invalid int: "(null)"
D/StatusBar(29970): Clicked on content of 0|com.ionicframework.comrevivalxionicpush778226|0|com.revivalx.ionic.push|10096
I/ActivityManager(  809): START u0 {flg=0x24000000 cmp=com.ionicframework.comrevivalxionicpush778226/com.plugin.gcm.PushHandlerActivity (has extras)} from uid 10096 on display 0
W/ActivityManager(  809): startActivity called from non-Activity context; forcing Intent.FLAG_ACTIVITY_NEW_TASK for: Intent { flg=0x24000000 cmp=com.ionicframework.comrevivalxionicpush778226/com.plugin.gcm.PushHandlerActivity (has extras) }
W/InputMethodManagerService(  809): Window already focused, ignoring focus gain of: com.android.internal.view.IInputMethodClient$Stub$Proxy@39fcf540 attribute=null, token = android.os.BinderProxy@c64043f
V/PhoneStatusBar(29970): setLightsOn(true)
D/CordovaActivity(12188): Paused the application!
D/CordovaWebView(12188): Handle the pause
V/WindowManager(  809): addAppToken: AppWindowToken{2b388e1f token=Token{3aa52dbe ActivityRecord{32ee1c79 u0 com.ionicframework.comrevivalxionicpush778226/com.plugin.gcm.PushHandlerActivity t1065}}} to stack=1 task=1065 at 1
V/PushHandlerActivity(12248): onCreate
V/PushPlugin(12248): sendExtras: caching extras to send at a later time.
I/ActivityManager(  809): START u0 {act=android.intent.action.MAIN cat=[android.intent.category.LAUNCHER] flg=0x10000000 pkg=com.ionicframework.comrevivalxionicpush778226 cmp=com.ionicframework.comrevivalxionicpush778226/.MainActivity} from uid 10096 on display 0
V/WindowManager(  809): Adding window Window{238267ca u0 Starting com.ionicframework.comrevivalxionicpush778226} at 16 of 22 (after Window{79b310c u0 com.phonegap.www/com.phonegap.www.TeamDoor})
I/CordovaLog(12248): Changing log level to DEBUG(3)
D/CordovaActivity(12248): CordovaActivity.init()
I/WebViewFactory(12248): Loading com.google.android.webview version 40 (1832189-arm) (code 424501)
I/LibraryLoader(12248): Time to load native libraries: 5 ms (timestamps 3233-3238)
I/LibraryLoader(12248): Expected native library version number "",actual native library version number ""
V/WebViewChromiumFactoryProvider(12248): Binding Chromium to main looper Looper (main, tid 1) {2b72cbb}
I/LibraryLoader(12248): Expected native library version number "",actual native library version number ""
I/chromium(12248): [INFO:library_loader_hooks.cc(108)] Chromium logging enabled: level = 0, default verbosity = 0
I/BrowserStartupController(12248): Initializing chromium process, singleProcess=true
W/art     (12248): Attempt to remove local handle scope entry from IRT, ignoring
W/AudioManagerAndroid(12248): Requires BLUETOOTH permission
W/chromium(12248): [WARNING:resource_bundle.cc(304)] locale_file_path.empty()
I/chromium(12248): [INFO:aw_browser_main_parts.cc(63)] Load from apk succesful, fd=31 off=49196 len=3229
I/chromium(12248): [INFO:aw_browser_main_parts.cc(76)] Loading webviewchromium.pak from, fd:32 off:390788 len:1143511
I/Adreno  (12248): EGLInit: QTI Build: 01/29/15, 1bccc5d, I0ba6dce82d
W/chromium(12248): [WARNING:data_reduction_proxy_settings.cc(328)] SPDY proxy OFF at startup
W/art     (12248): Attempt to remove local handle scope entry from IRT, ignoring
W/AwContents(12248): onDetachedFromWindow called when already detached. Ignoring
D/CordovaActivity(12248): CordovaActivity.createViews()
D/PluginManager(12248): init()
D/CordovaWebView(12248): CordovaWebView is running on device made by: motorola
W/art     (12248): Attempt to remove local handle scope entry from IRT, ignoring
W/art     (12248): Attempt to remove local handle scope entry from IRT, ignoring
D/CordovaWebView(12248): >>> loadUrl(file:///android_asset/www/index.html)
D/CordovaWebView(12248): >>> loadUrlNow()
D/CordovaActivity(12248): Resuming the App
D/OpenGLRenderer(12248): Use EGL_SWAP_BEHAVIOR_PRESERVED: true
D/Atlas   (12248): Validating map...
V/WindowManager(  809): Adding window Window{3669a65d u0 com.ionicframework.comrevivalxionicpush778226/com.ionicframework.comrevivalxionicpush778226.MainActivity} at 16 of 23 (before Window{238267ca u0 Starting com.ionicframework.comrevivalxionicpush778226})
D/SoftKeyboardDetect(12248): Ignore this event
I/OpenGLRenderer(12248): Initialized EGL, version 1.4
D/OpenGLRenderer(12248): Enabling debug mode 0
D/PhoneStatusBar(29970): disable: < expand icons* alerts system_info* back home recent clock search >
D/CordovaWebViewClient(12248): onPageStarted(file:///android_asset/www/index.html)
D/CordovaActivity(12248): onMessage(onPageStarted,file:///android_asset/www/index.html)
I/ActivityManager(  809): Displayed com.ionicframework.comrevivalxionicpush778226/.MainActivity: +438ms (total +499ms)
W/BindingManager(12248): Cannot call determinedVisibility() - never saw a connection for the pid: 12248
D/SoftKeyboardDetect(12248): Ignore this event
W/IInputConnectionWrapper(12188): showStatusIcon on inactive InputConnection
E/AndroidProtocolHandler(12248): Unable to open asset URL: file:///android_asset/www/phonegap.js
D/JsMessageQueue(12248): Set native->JS mode to OnlineEventsBridgeMode
W/ResourceType(29970): No package identifier when getting value for resource number 0x00000000
W/PackageManager(29970): Failure retrieving resources for com.phonegap.www: Resource ID #0x0
D/CordovaWebViewClient(12248): onPageFinished(file:///android_asset/www/index.html)
D/CordovaActivity(12248): onMessage(onPageFinished,file:///android_asset/www/index.html)
D/CordovaActivity(12248): onMessage(spinner,stop)
I/Icing   (11214): Indexing ACB0E37F68F24E298D2479C0B1D5E0AF62443CA5 from com.chrome.beta
I/Icing   (11214): Indexing done ACB0E37F68F24E298D2479C0B1D5E0AF62443CA5
D/audio_hw_primary(  361): disable_audio_route: reset and update mixer path: low-latency-playback speaker
D/audio_hw_primary(  361): disable_snd_device: snd_device(4: speaker-safe)
D/ConnectivityService(  809): reportBadNetwork(NetworkAgentInfo [WIFI () - 297]) by 10014
D/NetworkMonitor/NetworkAgentInfo [WIFI () - 297](  809): ValidatedState{ when=0 what=532488 arg1=10014 target=com.android.internal.util.StateMachine$SmHandler }
D/NetworkMonitor/NetworkAgentInfo [WIFI () - 297](  809): DefaultState{ when=0 what=532488 arg1=10014 target=com.android.internal.util.StateMachine$SmHandler }
D/NetworkMonitor/NetworkAgentInfo [WIFI () - 297](  809): Forcing reevaluation
D/NetworkMonitor/NetworkAgentInfo [WIFI () - 297](  809): EvaluatingState{ when=0 what=532486 arg1=4 target=com.android.internal.util.StateMachine$SmHandler }
D/NetworkMonitor/NetworkAgentInfo [WIFI () - 297](  809): Checking http://connectivitycheck.android.com/generate_204 on "darrel"
D/NetworkMonitor/NetworkAgentInfo [WIFI () - 297](  809): isCaptivePortal: ret=204 headers={null=[HTTP/1.1 204 No Content], Content-Length=[0], Date=[Wed, 08 Apr 2015 17:17:37 GMT], Server=[GFE/2.0], X-Android-Received-Millis=[1428513456502], X-Android-Response-Source=[NETWORK 204], X-Android-Sent-Millis=[1428513456458]}
D/NetworkMonitor/NetworkAgentInfo [WIFI () - 297](  809): Validated
D/ConnectivityService(  809): setProvNotificationVisibleIntent: E visible=false networkType=0 extraInfo=null
D/ConnectivityService(  809): Validated NetworkAgentInfo [WIFI () - 297]
D/Finsky  (10478): [1] 5.onFinished: Installation state replication succeeded.
V/Herrevad(11214): NQAS connected
I/Icing   (11214): Usage reports 5 indexed 0 rejected 0 imm upload false
W/ResourceType(29970): No package identifier when getting value for resource number 0x00000000
W/PackageManager(29970): Failure retrieving resources for com.ionicframework.comrevivalxionicpush778226: Resource ID #0x0
I/ActivityManager(  809): START u0 {act=com.android.systemui.recents.SHOW_RECENTS flg=0x10804000 cmp=com.android.systemui/.recents.RecentsActivity} from uid 10029 on display 0
D/CordovaActivity(12248): Paused the application!
D/CordovaWebView(12248): Handle the pause
W/InputMethodManagerService(  809): Starting input on non-focused client com.android.internal.view.IInputMethodClient$Stub$Proxy@2e5570f5 (uid=10096 pid=12248)
W/IInputConnectionWrapper(12248): showStatusIcon on inactive InputConnection
W/SurfaceFlinger(  259): couldn't log to binary event log: overflow.
D/CordovaActivity(12248): onMessage(spinner,stop)
W/ResourceType(29970): No package identifier when getting value for resource number 0x00000000
W/PackageManager(29970): Failure retrieving resources for com.ionicframework.comrevivalxionicpush778226: Resource ID #0x0
I/art     (21008): Explicit concurrent mark sweep GC freed 24377(1369KB) AllocSpace objects, 0(0B) LOS objects, 37% free, 26MB/42MB, paused 1.325ms total 46.755ms
I/ActivityManager(  809): Killing 12248:com.ionicframework.comrevivalxionicpush778226/u0a96 (adj 9): remove task
I/WindowState(  809): WIN DEATH: Window{3669a65d u0 com.ionicframework.comrevivalxionicpush778226/com.ionicframework.comrevivalxionicpush778226.MainActivity}
D/TaskPersister(  809): removeObsoleteFile: deleting file=1065_task.xml
D/TaskPersister(  809): removeObsoleteFile: deleting file=1065_task_thumbnail.png
D/Whitelist(12188): Unlimited access to network resources
I/CordovaLog(12188): Found start page location: index.html
I/CordovaLog(12188): Changing log level to DEBUG(3)
D/CordovaActivity(12188): Resuming the App
D/CordovaActivity(12188): CB-3064: The errorUrl is null
V/PhoneStatusBar(29970): setLightsOn(true)
W/InputMethodManagerService(  809): Starting input on non-focused client com.android.internal.view.IInputMethodClient$Stub$Proxy@2e8860f3 (uid=10029 pid=29970)
V/PhoneStatusBar(29970): setLightsOn(true)
I/ActivityManager(  809): START u0 {act=android.intent.action.MAIN cat=[android.intent.category.HOME] flg=0x10200000 cmp=com.google.android.googlequicksearchbox/com.google.android.launcher.GEL} from uid 1000 on display 0
D/CordovaActivity(12188): Paused the application!
D/CordovaWebView(12188): Handle the pause
I/GEL     ( 1400): handleIntent(Intent { act=android.intent.action.MAIN cat=[android.intent.category.HOME] flg=0x10600000 cmp=com.google.android.googlequicksearchbox/com.google.android.launcher.GEL })
W/IInputConnectionWrapper(12188): showStatusIcon on inactive InputConnection
I/HotwordRecognitionRnr(11241): Starting hotword detection.
I/MicrophoneInputStream(11241): mic_starting com.google.android.speech.audio.w@2d0b43b2
I/AudioFlinger(  361): AudioFlinger's thread 0xb044e000 ready to run
I/MicrophoneInputStream(11241): mic_started com.google.android.speech.audio.w@2d0b43b2
W/SoundTriggerHelper(  809): Recognition aborted
I/AlwaysOnHotwordDetector( 1240): onRecognitionPaused
I/GsaVoiceInteractionSrv( 1240): onRecognitionPaused
D/audio_hw_primary(  361): select_devices: out_snd_device(0: none) in_snd_device(55: voice-rec-mic)
D/msm8974_platform(  361): platform_send_audio_calibration: sending audio calibration for snd_device(55) acdb_id(62)
E/ACDB-LOADER(  361): Error: ACDB AudProc vol returned = -19
D/audio_hw_primary(  361): enable_snd_device: snd_device(55: voice-rec-mic)
D/audio_hw_primary(  361): enable_audio_route: apply and update mixer path: audio-record
I/art     (  809): Explicit concurrent mark sweep GC freed 24926(1335KB) AllocSpace objects, 9(5MB) LOS objects, 20% free, 63MB/79MB, paused 3.083ms total 151.141ms
I/HotwordWorker(11241): onReady
W/OpenGLRenderer( 1400): Incorrectly called buildLayer on View: lh, destroying layer...
W/GAV2    (11241): Thread[Background Blocking-1,5,main]: dispatch call queued.  Need to call GAServiceManager.getInstance().initialize().
W/ResourceType(29970): No package identifier when getting value for resource number 0x00000000
W/PackageManager(29970): Failure retrieving resources for com.phonegap.www: Resource ID #0x0
I/MicrophoneInputStream(11241): mic_close com.google.android.speech.audio.w@2d0b43b2
D/audio_hw_primary(  361): disable_audio_route: reset and update mixer path: audio-record
D/audio_hw_primary(  361): disable_snd_device: snd_device(55: voice-rec-mic)
I/HotwordRecognitionRnr(11241): Hotword detection finished
I/HotwordRecognitionRnr(11241): Stopping hotword detection.
I/AlwaysOnHotwordDetector( 1240): onRecognitionResumed
I/GsaVoiceInteractionSrv( 1240): onRecognitionResumed
D/Launcher.Workspace( 1400): 11683562 - addExtraEmptyScreenOnDrag()
D/Launcher.Workspace( 1400): 11683562 - insertNewWorkspaceScreen(): -201 at index: 3
I/ActivityManager(  809): START u0 {act=android.intent.action.DELETE dat=package:com.ionicframework.comrevivalxionicpush778226 flg=0x10800000 cmp=com.android.packageinstaller/.UninstallerActivity (has extras)} from uid 10034 on display 0
V/WindowManager(  809): addAppToken: AppWindowToken{1328fa8e token=Token{3e40da89 ActivityRecord{1faaa190 u0 com.android.packageinstaller/.UninstallerActivity t857}}} to stack=1 task=857 at 1
D/Launcher.Workspace( 1400): 11683562 - removeExtraEmptyScreen()
D/Launcher.Workspace( 1400): 11683562 - convertFinalScreenToEmptyScreenIfNecessary()
D/Launcher.Workspace( 1400): 11683562 - fadeAndRemoveEmptyScreen()
W/InstallAppProgress(12099): Replacing package:com.phonegap.www
V/WindowManager(  809): Adding window Window{1d56354a u0 com.android.packageinstaller/com.android.packageinstaller.InstallAppProgress} at 16 of 22 (after Window{79b310c u0 com.phonegap.www/com.phonegap.www.TeamDoor})
W/PackageManager(  809): Downgrade detected: Update version code 51 is older than current 58
V/WindowManager(  809): Adding window Window{51a75d8 u0 com.android.packageinstaller/com.android.packageinstaller.UninstallerActivity} at 17 of 23 (after Window{1d56354a u0 com.android.packageinstaller/com.android.packageinstaller.InstallAppProgress})
V/WindowManager(  809): Adding window Window{194a5c16 u0 com.android.packageinstaller/com.android.packageinstaller.UninstallerActivity} at 17 of 24 (before Window{51a75d8 u0 com.android.packageinstaller/com.android.packageinstaller.UninstallerActivity})
D/Launcher.Workspace( 1400): 11683562 - stripEmptyScreens()
I/art     (  809): Explicit concurrent mark sweep GC freed 13815(711KB) AllocSpace objects, 6(5MB) LOS objects, 21% free, 57MB/73MB, paused 2.547ms total 111.009ms
E/NetlinkEvent(  357): NetlinkEvent::FindParam(): Parameter 'INTERFACE' not found
E/NetlinkEvent(  357): NetlinkEvent::FindParam(): Parameter 'TIME_NS' not found
E/NetdConnector(  809): Error handling '613 IfaceClass active (null)': java.lang.NumberFormatException: Invalid int: "(null)"
D/InstallAppProgress(12099): Installation error code: -25
I/ActivityManager(  809): Displayed com.android.packageinstaller/.UninstallerActivity: +292ms
I/ActivityManager(  809): Displayed com.android.packageinstaller/.InstallAppProgress: +291ms
D/NetworkMonitor/NetworkAgentInfo [MOBILE (LTE) - 296](  809): LingeringState{ when=0 what=532484 arg1=-1012673676 target=com.android.internal.util.StateMachine$SmHandler }
D/ConnectivityService(  809): handleLingerComplete for NetworkAgentInfo [MOBILE (LTE) - 296]
D/ConnectivityService(  809): NetworkAgentInfo [MOBILE (LTE) - 296] got DISCONNECTED, was satisfying 1
D/DcNetworkAgent( 1367): NetworkAgent: NetworkAgent channel lost
D/DcNetworkAgent( 1367): NetworkAgent: DcNetworkAgent: [unwanted]: disconnect apnContext={mApnType=default mState=CONNECTED mWaitingApns={[[ApnSettingV3] ATT Nextgenphone, 878, 310410, nxtgenphone, , http://mmsc.mobile.att.net, proxy.mobile.att.net, 80, , -1, default | mms | supl | fota | hipri, IP, IP, true, 0, 0, false, 0, 0, 0, 0, , ]} mWaitingApnsPermanentFailureCountDown=1 mApnSetting={[ApnSettingV3] ATT Nextgenphone, 878, 310410, nxtgenphone, , http://mmsc.mobile.att.net, proxy.mobile.att.net, 80, , -1, default | mms | supl | fota | hipri, IP, IP, true, 0, 0, false, 0, 0, 0, 0, , } mReason=dataDisabled mDataEnabled=false mDependencyMet=true}
I/ActivityManager(  809): START u0 {act=android.intent.action.VIEW cmp=com.android.packageinstaller/.UninstallAppProgress (has extras)} from uid 10076 on display 0
V/WindowManager(  809): addAppToken: AppWindowToken{3a8e84fa token=Token{2f6d9b25 ActivityRecord{13ddd31c u0 com.android.packageinstaller/.UninstallAppProgress t857}}} to stack=1 task=857 at 2
D/OpenGLRenderer(12099): endAllStagingAnimators on 0xb49b4f80 (RippleDrawable) with handle 0xa1a38a20
D/ConnectivityService(  809): notifyType LOST for NetworkAgentInfo [MOBILE (LTE) - 296]
D/NetworkMonitor/NetworkAgentInfo [MOBILE (LTE) - 296](  809): LingeringState{ when=-1ms what=532487 target=com.android.internal.util.StateMachine$SmHandler }
D/NetworkMonitor/NetworkAgentInfo [MOBILE (LTE) - 296](  809): DefaultState{ when=-1ms what=532487 target=com.android.internal.util.StateMachine$SmHandler }
D/NetworkMonitor/NetworkAgentInfo [MOBILE (LTE) - 296](  809): Disconnected - quitting
D/ConnectivityManager.CallbackHandler(29970): CM callback handler got msg 524292
