E/NetlinkEvent(  357): NetlinkEvent::FindParam(): Parameter 'INTERFACE' not found
E/NetlinkEvent(  357): NetlinkEvent::FindParam(): Parameter 'TIME_NS' not found
E/NetdConnector(  809): Error handling '613 IfaceClass active (null)': java.lang.NumberFormatException: Invalid int: "(null)"
I/ActivityManager(  809): Start proc 9903:com.google.android.gm/u0a85 for service com.google.android.gm/.provider.MailSyncAdapterService
D/ActivityThread( 9903): Loading provider com.google.android.gmail.provider;com.android.mail.notifier;com.google.android.gm.email.provider;com.google.android.gm.email.notifier: com.android.email.provider.EmailProvider
I/ActivityManager(  809): Start proc 9931:com.google.android.gm.exchange/u0a84 for service com.google.android.gm.exchange/com.android.exchange.service.EasService
W/ActivityManager(  809): Unable to start service Intent { cmp=com.google.android.gm/com.android.email.service.AttachmentService } U=0: not found
I/ActivityManager(  809): Killing 31587:tunein.player.pro/u0a105 (adj 15): empty for 4521s
W/ResourcesManager( 9903): Asset path '/system/framework/com.android.media.remotedisplay.jar' does not exist or contains no resources.
W/ResourcesManager( 9903): Asset path '/system/framework/com.android.location.provider.jar' does not exist or contains no resources.
W/ResourcesManager( 9903): Asset path '/system/framework/com.android.media.remotedisplay.jar' does not exist or contains no resources.
W/ResourcesManager( 9903): Asset path '/system/framework/com.android.location.provider.jar' does not exist or contains no resources.
I/ActivityManager(  809): Killing 7387:com.android.vending/u0a24 (adj 15): empty for 4502s
E/NetlinkEvent(  357): NetlinkEvent::FindParam(): Parameter 'INTERFACE' not found
E/NetlinkEvent(  357): NetlinkEvent::FindParam(): Parameter 'TIME_NS' not found
E/NetdConnector(  809): Error handling '613 IfaceClass idle (null)': java.lang.NumberFormatException: Invalid int: "(null)"
D/WifiService(  809): acquireWifiLockLocked: WifiLock{NlpWifiLock type=2 binder=android.os.BinderProxy@188c3be0}
D/WifiService(  809): releaseWifiLockLocked: WifiLock{NlpWifiLock type=2 binder=android.os.BinderProxy@188c3be0}
E/NetlinkEvent(  357): NetlinkEvent::FindParam(): Parameter 'INTERFACE' not found
E/NetlinkEvent(  357): NetlinkEvent::FindParam(): Parameter 'TIME_NS' not found
E/NetdConnector(  809): Error handling '613 IfaceClass active (null)': java.lang.NumberFormatException: Invalid int: "(null)"
E/NetlinkEvent(  357): NetlinkEvent::FindParam(): Parameter 'INTERFACE' not found
E/NetlinkEvent(  357): NetlinkEvent::FindParam(): Parameter 'TIME_NS' not found
E/NetdConnector(  809): Error handling '613 IfaceClass idle (null)': java.lang.NumberFormatException: Invalid int: "(null)"
E/NetlinkEvent(  357): NetlinkEvent::FindParam(): Parameter 'INTERFACE' not found
E/NetlinkEvent(  357): NetlinkEvent::FindParam(): Parameter 'TIME_NS' not found
E/NetdConnector(  809): Error handling '613 IfaceClass active (null)': java.lang.NumberFormatException: Invalid int: "(null)"
E/NetlinkEvent(  357): NetlinkEvent::FindParam(): Parameter 'INTERFACE' not found
E/NetlinkEvent(  357): NetlinkEvent::FindParam(): Parameter 'TIME_NS' not found
E/NetdConnector(  809): Error handling '613 IfaceClass idle (null)': java.lang.NumberFormatException: Invalid int: "(null)"
E/NetlinkEvent(  357): NetlinkEvent::FindParam(): Parameter 'INTERFACE' not found
E/NetlinkEvent(  357): NetlinkEvent::FindParam(): Parameter 'TIME_NS' not found
E/NetdConnector(  809): Error handling '613 IfaceClass active (null)': java.lang.NumberFormatException: Invalid int: "(null)"
E/NetlinkEvent(  357): NetlinkEvent::FindParam(): Parameter 'INTERFACE' not found
E/NetlinkEvent(  357): NetlinkEvent::FindParam(): Parameter 'TIME_NS' not found
E/NetdConnector(  809): Error handling '613 IfaceClass idle (null)': java.lang.NumberFormatException: Invalid int: "(null)"
E/NetlinkEvent(  357): NetlinkEvent::FindParam(): Parameter 'INTERFACE' not found
E/NetlinkEvent(  357): NetlinkEvent::FindParam(): Parameter 'TIME_NS' not found
E/NetdConnector(  809): Error handling '613 IfaceClass active (null)': java.lang.NumberFormatException: Invalid int: "(null)"
E/NetlinkEvent(  357): NetlinkEvent::FindParam(): Parameter 'INTERFACE' not found
E/NetlinkEvent(  357): NetlinkEvent::FindParam(): Parameter 'TIME_NS' not found
E/NetdConnector(  809): Error handling '613 IfaceClass idle (null)': java.lang.NumberFormatException: Invalid int: "(null)"
E/NetlinkEvent(  357): NetlinkEvent::FindParam(): Parameter 'INTERFACE' not found
E/NetlinkEvent(  357): NetlinkEvent::FindParam(): Parameter 'TIME_NS' not found
E/NetdConnector(  809): Error handling '613 IfaceClass active (null)': java.lang.NumberFormatException: Invalid int: "(null)"
E/NetlinkEvent(  357): NetlinkEvent::FindParam(): Parameter 'INTERFACE' not found
E/NetlinkEvent(  357): NetlinkEvent::FindParam(): Parameter 'TIME_NS' not found
E/NetdConnector(  809): Error handling '613 IfaceClass idle (null)': java.lang.NumberFormatException: Invalid int: "(null)"
W/ProcessStats(  809): Time val negative: -78044
W/ProcessStats(  809): Time val negative: -17794
I/ProcessStatsService(  809): Prepared write state in 26ms
I/ProcessStatsService(  809): Pruning old procstats: /data/system/procstats/state-2015-04-07-02-31-53.bin.ci
E/NetlinkEvent(  357): NetlinkEvent::FindParam(): Parameter 'INTERFACE' not found
E/NetlinkEvent(  357): NetlinkEvent::FindParam(): Parameter 'TIME_NS' not found
E/NetdConnector(  809): Error handling '613 IfaceClass active (null)': java.lang.NumberFormatException: Invalid int: "(null)"
E/NetlinkEvent(  357): NetlinkEvent::FindParam(): Parameter 'INTERFACE' not found
E/NetlinkEvent(  357): NetlinkEvent::FindParam(): Parameter 'TIME_NS' not found
E/NetdConnector(  809): Error handling '613 IfaceClass idle (null)': java.lang.NumberFormatException: Invalid int: "(null)"
E/NetlinkEvent(  357): NetlinkEvent::FindParam(): Parameter 'INTERFACE' not found
E/NetlinkEvent(  357): NetlinkEvent::FindParam(): Parameter 'TIME_NS' not found
E/NetdConnector(  809): Error handling '613 IfaceClass active (null)': java.lang.NumberFormatException: Invalid int: "(null)"
E/NetlinkEvent(  357): NetlinkEvent::FindParam(): Parameter 'INTERFACE' not found
E/NetlinkEvent(  357): NetlinkEvent::FindParam(): Parameter 'TIME_NS' not found
E/NetdConnector(  809): Error handling '613 IfaceClass idle (null)': java.lang.NumberFormatException: Invalid int: "(null)"
E/NetlinkEvent(  357): NetlinkEvent::FindParam(): Parameter 'INTERFACE' not found
E/NetlinkEvent(  357): NetlinkEvent::FindParam(): Parameter 'TIME_NS' not found
E/NetdConnector(  809): Error handling '613 IfaceClass active (null)': java.lang.NumberFormatException: Invalid int: "(null)"
W/ResourcesManager( 9903): Asset path '/system/framework/com.android.media.remotedisplay.jar' does not exist or contains no resources.
W/ResourcesManager( 9903): Asset path '/system/framework/com.android.location.provider.jar' does not exist or contains no resources.
I/ActivityManager(  809): Start proc 10033:com.qualcomm.timeservice/1000 for broadcast com.qualcomm.timeservice/.TimeServiceBroadcastReceiver
I/ActivityManager(  809): Killing 8880:com.android.providers.calendar/u0a5 (adj 15): empty for 3882s
I/ActivityManager(  809): Start proc 10052:com.android.providers.calendar/u0a5 for content provider com.android.providers.calendar/.CalendarProvider2
W/ResourcesManager(10052): Asset path '/system/framework/android.test.runner.jar' does not exist or contains no resources.
E/NetlinkEvent(  357): NetlinkEvent::FindParam(): Parameter 'INTERFACE' not found
E/NetlinkEvent(  357): NetlinkEvent::FindParam(): Parameter 'TIME_NS' not found
E/NetdConnector(  809): Error handling '613 IfaceClass idle (null)': java.lang.NumberFormatException: Invalid int: "(null)"
E/NetlinkEvent(  357): NetlinkEvent::FindParam(): Parameter 'INTERFACE' not found
E/NetlinkEvent(  357): NetlinkEvent::FindParam(): Parameter 'TIME_NS' not found
E/NetdConnector(  809): Error handling '613 IfaceClass active (null)': java.lang.NumberFormatException: Invalid int: "(null)"
I/ActivityManager(  809): Killing 9404:com.google.android.apps.genie.geniewidget/u0a87 (adj 15): empty for 2025s
E/NetlinkEvent(  357): NetlinkEvent::FindParam(): Parameter 'INTERFACE' not found
E/NetlinkEvent(  357): NetlinkEvent::FindParam(): Parameter 'TIME_NS' not found
E/NetdConnector(  809): Error handling '613 IfaceClass idle (null)': java.lang.NumberFormatException: Invalid int: "(null)"
E/NetlinkEvent(  357): NetlinkEvent::FindParam(): Parameter 'INTERFACE' not found
E/NetlinkEvent(  357): NetlinkEvent::FindParam(): Parameter 'TIME_NS' not found
E/NetdConnector(  809): Error handling '613 IfaceClass active (null)': java.lang.NumberFormatException: Invalid int: "(null)"
E/NetlinkEvent(  357): NetlinkEvent::FindParam(): Parameter 'INTERFACE' not found
E/NetlinkEvent(  357): NetlinkEvent::FindParam(): Parameter 'TIME_NS' not found
E/NetdConnector(  809): Error handling '613 IfaceClass idle (null)': java.lang.NumberFormatException: Invalid int: "(null)"
E/NetlinkEvent(  357): NetlinkEvent::FindParam(): Parameter 'INTERFACE' not found
E/NetlinkEvent(  357): NetlinkEvent::FindParam(): Parameter 'TIME_NS' not found
E/NetdConnector(  809): Error handling '613 IfaceClass active (null)': java.lang.NumberFormatException: Invalid int: "(null)"
E/NetlinkEvent(  357): NetlinkEvent::FindParam(): Parameter 'INTERFACE' not found
E/NetlinkEvent(  357): NetlinkEvent::FindParam(): Parameter 'TIME_NS' not found
E/NetdConnector(  809): Error handling '613 IfaceClass idle (null)': java.lang.NumberFormatException: Invalid int: "(null)"
D/WifiService(  809): acquireWifiLockLocked: WifiLock{NlpWifiLock type=2 binder=android.os.BinderProxy@24fd6d7}
D/WifiService(  809): releaseWifiLockLocked: WifiLock{NlpWifiLock type=2 binder=android.os.BinderProxy@24fd6d7}
E/NetlinkEvent(  357): NetlinkEvent::FindParam(): Parameter 'INTERFACE' not found
E/NetlinkEvent(  357): NetlinkEvent::FindParam(): Parameter 'TIME_NS' not found
E/NetdConnector(  809): Error handling '613 IfaceClass active (null)': java.lang.NumberFormatException: Invalid int: "(null)"
E/NetlinkEvent(  357): NetlinkEvent::FindParam(): Parameter 'INTERFACE' not found
E/NetlinkEvent(  357): NetlinkEvent::FindParam(): Parameter 'TIME_NS' not found
E/NetdConnector(  809): Error handling '613 IfaceClass idle (null)': java.lang.NumberFormatException: Invalid int: "(null)"
E/NetlinkEvent(  357): NetlinkEvent::FindParam(): Parameter 'INTERFACE' not found
E/NetlinkEvent(  357): NetlinkEvent::FindParam(): Parameter 'TIME_NS' not found
E/NetdConnector(  809): Error handling '613 IfaceClass active (null)': java.lang.NumberFormatException: Invalid int: "(null)"
E/NetlinkEvent(  357): NetlinkEvent::FindParam(): Parameter 'INTERFACE' not found
E/NetlinkEvent(  357): NetlinkEvent::FindParam(): Parameter 'TIME_NS' not found
E/NetdConnector(  809): Error handling '613 IfaceClass idle (null)': java.lang.NumberFormatException: Invalid int: "(null)"
D/WifiService(  809): acquireWifiLockLocked: WifiLock{NlpWifiLock type=2 binder=android.os.BinderProxy@28de23c7}
D/WifiService(  809): releaseWifiLockLocked: WifiLock{NlpWifiLock type=2 binder=android.os.BinderProxy@28de23c7}
E/NetlinkEvent(  357): NetlinkEvent::FindParam(): Parameter 'INTERFACE' not found
E/NetlinkEvent(  357): NetlinkEvent::FindParam(): Parameter 'TIME_NS' not found
E/NetdConnector(  809): Error handling '613 IfaceClass active (null)': java.lang.NumberFormatException: Invalid int: "(null)"
E/NetlinkEvent(  357): NetlinkEvent::FindParam(): Parameter 'INTERFACE' not found
E/NetlinkEvent(  357): NetlinkEvent::FindParam(): Parameter 'TIME_NS' not found
E/NetdConnector(  809): Error handling '613 IfaceClass idle (null)': java.lang.NumberFormatException: Invalid int: "(null)"
W/ActivityManager(  809): Permission Denial: Accessing service ComponentInfo{com.google.android.music/com.google.android.music.dial.DialMediaRouteProviderService} from pid=4959, uid=10034 that is not exported from uid 10073
E/NetlinkEvent(  357): NetlinkEvent::FindParam(): Parameter 'INTERFACE' not found
E/NetlinkEvent(  357): NetlinkEvent::FindParam(): Parameter 'TIME_NS' not found
E/NetdConnector(  809): Error handling '613 IfaceClass active (null)': java.lang.NumberFormatException: Invalid int: "(null)"
I/ActivityManager(  809): Start proc 10133:com.google.android.partnersetup/u0a19 for content provider com.google.android.partnersetup/.RlzAppProvider
D/WifiService(  809): acquireWifiLockLocked: WifiLock{NlpWifiLock type=2 binder=android.os.BinderProxy@28de23c7}
I/ActivityManager(  809): Killing 7201:com.google.android.apps.maps/u0a72 (adj 15): empty for 1991s
D/WifiService(  809): Client connection lost with reason: 4
D/WifiService(  809): releaseWifiLockLocked: WifiLock{NlpWifiLock type=2 binder=android.os.BinderProxy@28de23c7}
E/NetlinkEvent(  357): NetlinkEvent::FindParam(): Parameter 'INTERFACE' not found
E/NetlinkEvent(  357): NetlinkEvent::FindParam(): Parameter 'TIME_NS' not found
E/NetdConnector(  809): Error handling '613 IfaceClass idle (null)': java.lang.NumberFormatException: Invalid int: "(null)"
E/NetlinkEvent(  357): NetlinkEvent::FindParam(): Parameter 'INTERFACE' not found
E/NetlinkEvent(  357): NetlinkEvent::FindParam(): Parameter 'TIME_NS' not found
E/NetdConnector(  809): Error handling '613 IfaceClass active (null)': java.lang.NumberFormatException: Invalid int: "(null)"
E/NetlinkEvent(  357): NetlinkEvent::FindParam(): Parameter 'INTERFACE' not found
E/NetlinkEvent(  357): NetlinkEvent::FindParam(): Parameter 'TIME_NS' not found
E/NetdConnector(  809): Error handling '613 IfaceClass idle (null)': java.lang.NumberFormatException: Invalid int: "(null)"
D/WifiService(  809): acquireWifiLockLocked: WifiLock{NlpWifiLock type=2 binder=android.os.BinderProxy@28de23c7}
D/WifiService(  809): releaseWifiLockLocked: WifiLock{NlpWifiLock type=2 binder=android.os.BinderProxy@28de23c7}
E/NetlinkEvent(  357): NetlinkEvent::FindParam(): Parameter 'INTERFACE' not found
E/NetlinkEvent(  357): NetlinkEvent::FindParam(): Parameter 'TIME_NS' not found
E/NetdConnector(  809): Error handling '613 IfaceClass active (null)': java.lang.NumberFormatException: Invalid int: "(null)"
E/NetlinkEvent(  357): NetlinkEvent::FindParam(): Parameter 'INTERFACE' not found
E/NetlinkEvent(  357): NetlinkEvent::FindParam(): Parameter 'TIME_NS' not found
E/NetdConnector(  809): Error handling '613 IfaceClass idle (null)': java.lang.NumberFormatException: Invalid int: "(null)"
E/NetlinkEvent(  357): NetlinkEvent::FindParam(): Parameter 'INTERFACE' not found
E/NetlinkEvent(  357): NetlinkEvent::FindParam(): Parameter 'TIME_NS' not found
E/NetdConnector(  809): Error handling '613 IfaceClass active (null)': java.lang.NumberFormatException: Invalid int: "(null)"
E/NetlinkEvent(  357): NetlinkEvent::FindParam(): Parameter 'INTERFACE' not found
E/NetlinkEvent(  357): NetlinkEvent::FindParam(): Parameter 'TIME_NS' not found
E/NetdConnector(  809): Error handling '613 IfaceClass idle (null)': java.lang.NumberFormatException: Invalid int: "(null)"
E/NetlinkEvent(  357): NetlinkEvent::FindParam(): Parameter 'INTERFACE' not found
E/NetlinkEvent(  357): NetlinkEvent::FindParam(): Parameter 'TIME_NS' not found
E/NetdConnector(  809): Error handling '613 IfaceClass active (null)': java.lang.NumberFormatException: Invalid int: "(null)"
I/DisplayPowerController(  809): Blocking screen on until initial contents have been drawn.
I/DisplayManagerService(  809): Display device changed: DisplayDeviceInfo{"Built-in Screen": uniqueId="local:0", 1440 x 2560, 60.0 fps, supportedRefreshRates [60.0], density 560, 494.27 x 492.606 dpi, appVsyncOff 7500000, presDeadline 12666667, touch INTERNAL, rotation 0, type BUILT_IN, state DOZE, FLAG_DEFAULT_DISPLAY, FLAG_ROTATES_WITH_CONTENT, FLAG_SECURE, FLAG_SUPPORTS_PROTECTED_BUFFERS}
V/ActivityManager(  809): Display changed displayId=0
I/DisplayPowerController(  809): Unblocked screen on after 282 ms
E/NetlinkEvent(  357): NetlinkEvent::FindParam(): Parameter 'INTERFACE' not found
E/NetlinkEvent(  357): NetlinkEvent::FindParam(): Parameter 'TIME_NS' not found
E/NetdConnector(  809): Error handling '613 IfaceClass idle (null)': java.lang.NumberFormatException: Invalid int: "(null)"
I/DisplayManagerService(  809): Display device changed: DisplayDeviceInfo{"Built-in Screen": uniqueId="local:0", 1440 x 2560, 60.0 fps, supportedRefreshRates [60.0], density 560, 494.27 x 492.606 dpi, appVsyncOff 7500000, presDeadline 12666667, touch INTERNAL, rotation 0, type BUILT_IN, state OFF, FLAG_DEFAULT_DISPLAY, FLAG_ROTATES_WITH_CONTENT, FLAG_SECURE, FLAG_SUPPORTS_PROTECTED_BUFFERS}
V/ActivityManager(  809): Display changed displayId=0
E/NetlinkEvent(  357): NetlinkEvent::FindParam(): Parameter 'INTERFACE' not found
E/NetlinkEvent(  357): NetlinkEvent::FindParam(): Parameter 'TIME_NS' not found
E/NetdConnector(  809): Error handling '613 IfaceClass active (null)': java.lang.NumberFormatException: Invalid int: "(null)"
I/PowerManagerService(  809): Waking up from dozing (uid 1000)...
I/DisplayPowerController(  809): Blocking screen on until initial contents have been drawn.
I/DisplayManagerService(  809): Display device changed: DisplayDeviceInfo{"Built-in Screen": uniqueId="local:0", 1440 x 2560, 60.0 fps, supportedRefreshRates [60.0], density 560, 494.27 x 492.606 dpi, appVsyncOff 7500000, presDeadline 12666667, touch INTERNAL, rotation 0, type BUILT_IN, state ON, FLAG_DEFAULT_DISPLAY, FLAG_ROTATES_WITH_CONTENT, FLAG_SECURE, FLAG_SUPPORTS_PROTECTED_BUFFERS}
V/ActivityManager(  809): Display changed displayId=0
I/DisplayPowerController(  809): Unblocked screen on after 255 ms
I/DreamManagerService(  809): Gently waking up from dream.
I/DreamManagerService(  809): Leaving dreamland.
I/DreamController(  809): Stopping dream: name=ComponentInfo{com.android.systemui/com.android.systemui.doze.DozeService}, isTest=false, canDoze=true, userId=0
I/PowerManagerService(  809): Going to sleep due to power button (uid 1000)...
I/DisplayManagerService(  809): Display device changed: DisplayDeviceInfo{"Built-in Screen": uniqueId="local:0", 1440 x 2560, 60.0 fps, supportedRefreshRates [60.0], density 560, 494.27 x 492.606 dpi, appVsyncOff 7500000, presDeadline 12666667, touch INTERNAL, rotation 0, type BUILT_IN, state OFF, FLAG_DEFAULT_DISPLAY, FLAG_ROTATES_WITH_CONTENT, FLAG_SECURE, FLAG_SUPPORTS_PROTECTED_BUFFERS}
V/ActivityManager(  809): Display changed displayId=0
I/DreamManagerService(  809): Entering dreamland.
I/PowerManagerService(  809): Dozing...
I/DreamController(  809): Starting dream: name=ComponentInfo{com.android.systemui/com.android.systemui.doze.DozeService}, isTest=false, canDoze=true, userId=0
E/NetlinkEvent(  357): NetlinkEvent::FindParam(): Parameter 'INTERFACE' not found
E/NetlinkEvent(  357): NetlinkEvent::FindParam(): Parameter 'TIME_NS' not found
E/NetdConnector(  809): Error handling '613 IfaceClass idle (null)': java.lang.NumberFormatException: Invalid int: "(null)"
I/DisplayPowerController(  809): Blocking screen on until initial contents have been drawn.
I/DisplayManagerService(  809): Display device changed: DisplayDeviceInfo{"Built-in Screen": uniqueId="local:0", 1440 x 2560, 60.0 fps, supportedRefreshRates [60.0], density 560, 494.27 x 492.606 dpi, appVsyncOff 7500000, presDeadline 12666667, touch INTERNAL, rotation 0, type BUILT_IN, state DOZE, FLAG_DEFAULT_DISPLAY, FLAG_ROTATES_WITH_CONTENT, FLAG_SECURE, FLAG_SUPPORTS_PROTECTED_BUFFERS}
V/ActivityManager(  809): Display changed displayId=0
I/DisplayPowerController(  809): Unblocked screen on after 281 ms
I/DisplayManagerService(  809): Display device changed: DisplayDeviceInfo{"Built-in Screen": uniqueId="local:0", 1440 x 2560, 60.0 fps, supportedRefreshRates [60.0], density 560, 494.27 x 492.606 dpi, appVsyncOff 7500000, presDeadline 12666667, touch INTERNAL, rotation 0, type BUILT_IN, state OFF, FLAG_DEFAULT_DISPLAY, FLAG_ROTATES_WITH_CONTENT, FLAG_SECURE, FLAG_SUPPORTS_PROTECTED_BUFFERS}
V/ActivityManager(  809): Display changed displayId=0
I/DisplayPowerController(  809): Blocking screen on until initial contents have been drawn.
I/DisplayManagerService(  809): Display device changed: DisplayDeviceInfo{"Built-in Screen": uniqueId="local:0", 1440 x 2560, 60.0 fps, supportedRefreshRates [60.0], density 560, 494.27 x 492.606 dpi, appVsyncOff 7500000, presDeadline 12666667, touch INTERNAL, rotation 0, type BUILT_IN, state DOZE, FLAG_DEFAULT_DISPLAY, FLAG_ROTATES_WITH_CONTENT, FLAG_SECURE, FLAG_SUPPORTS_PROTECTED_BUFFERS}
V/ActivityManager(  809): Display changed displayId=0
I/DisplayPowerController(  809): Unblocked screen on after 279 ms
I/DisplayManagerService(  809): Display device changed: DisplayDeviceInfo{"Built-in Screen": uniqueId="local:0", 1440 x 2560, 60.0 fps, supportedRefreshRates [60.0], density 560, 494.27 x 492.606 dpi, appVsyncOff 7500000, presDeadline 12666667, touch INTERNAL, rotation 0, type BUILT_IN, state OFF, FLAG_DEFAULT_DISPLAY, FLAG_ROTATES_WITH_CONTENT, FLAG_SECURE, FLAG_SUPPORTS_PROTECTED_BUFFERS}
V/ActivityManager(  809): Display changed displayId=0
D/WifiService(  809): acquireWifiLockLocked: WifiLock{NlpWifiLock type=2 binder=android.os.BinderProxy@a7f404c}
E/NetlinkEvent(  357): NetlinkEvent::FindParam(): Parameter 'INTERFACE' not found
E/NetlinkEvent(  357): NetlinkEvent::FindParam(): Parameter 'TIME_NS' not found
E/NetdConnector(  809): Error handling '613 IfaceClass active (null)': java.lang.NumberFormatException: Invalid int: "(null)"
D/WifiService(  809): releaseWifiLockLocked: WifiLock{NlpWifiLock type=2 binder=android.os.BinderProxy@a7f404c}
E/NetlinkEvent(  357): NetlinkEvent::FindParam(): Parameter 'INTERFACE' not found
E/NetlinkEvent(  357): NetlinkEvent::FindParam(): Parameter 'TIME_NS' not found
E/NetdConnector(  809): Error handling '613 IfaceClass idle (null)': java.lang.NumberFormatException: Invalid int: "(null)"
E/NetlinkEvent(  357): NetlinkEvent::FindParam(): Parameter 'INTERFACE' not found
E/NetlinkEvent(  357): NetlinkEvent::FindParam(): Parameter 'TIME_NS' not found
E/NetdConnector(  809): Error handling '613 IfaceClass active (null)': java.lang.NumberFormatException: Invalid int: "(null)"
I/DisplayPowerController(  809): Blocking screen on until initial contents have been drawn.
I/DisplayManagerService(  809): Display device changed: DisplayDeviceInfo{"Built-in Screen": uniqueId="local:0", 1440 x 2560, 60.0 fps, supportedRefreshRates [60.0], density 560, 494.27 x 492.606 dpi, appVsyncOff 7500000, presDeadline 12666667, touch INTERNAL, rotation 0, type BUILT_IN, state DOZE, FLAG_DEFAULT_DISPLAY, FLAG_ROTATES_WITH_CONTENT, FLAG_SECURE, FLAG_SUPPORTS_PROTECTED_BUFFERS}
V/ActivityManager(  809): Display changed displayId=0
I/DisplayPowerController(  809): Unblocked screen on after 278 ms
E/NetlinkEvent(  357): NetlinkEvent::FindParam(): Parameter 'INTERFACE' not found
E/NetlinkEvent(  357): NetlinkEvent::FindParam(): Parameter 'TIME_NS' not found
E/NetdConnector(  809): Error handling '613 IfaceClass idle (null)': java.lang.NumberFormatException: Invalid int: "(null)"
I/DisplayManagerService(  809): Display device changed: DisplayDeviceInfo{"Built-in Screen": uniqueId="local:0", 1440 x 2560, 60.0 fps, supportedRefreshRates [60.0], density 560, 494.27 x 492.606 dpi, appVsyncOff 7500000, presDeadline 12666667, touch INTERNAL, rotation 0, type BUILT_IN, state OFF, FLAG_DEFAULT_DISPLAY, FLAG_ROTATES_WITH_CONTENT, FLAG_SECURE, FLAG_SUPPORTS_PROTECTED_BUFFERS}
V/ActivityManager(  809): Display changed displayId=0
E/NetlinkEvent(  357): NetlinkEvent::FindParam(): Parameter 'INTERFACE' not found
E/NetlinkEvent(  357): NetlinkEvent::FindParam(): Parameter 'TIME_NS' not found
E/NetdConnector(  809): Error handling '613 IfaceClass active (null)': java.lang.NumberFormatException: Invalid int: "(null)"
I/ActivityManager(  809): Start proc 10238:com.chrome.beta:sandboxed_process1/u0i174 for service com.chrome.beta/org.chromium.content.app.SandboxedProcessService1
W/libprocessgroup(  809): failed to open /acct/uid_10101/pid_10238/cgroup.procs: No such file or directory
I/ActivityManager(  809): Process com.chrome.beta:sandboxed_process1 (pid 10238) has died
W/ActivityManager(  809): Scheduling restart of crashed service com.chrome.beta/org.chromium.content.app.SandboxedProcessService1 in 1000ms
E/NetlinkEvent(  357): NetlinkEvent::FindParam(): Parameter 'INTERFACE' not found
E/NetlinkEvent(  357): NetlinkEvent::FindParam(): Parameter 'TIME_NS' not found
E/NetdConnector(  809): Error handling '613 IfaceClass idle (null)': java.lang.NumberFormatException: Invalid int: "(null)"
I/DisplayPowerController(  809): Blocking screen on until initial contents have been drawn.
I/DisplayManagerService(  809): Display device changed: DisplayDeviceInfo{"Built-in Screen": uniqueId="local:0", 1440 x 2560, 60.0 fps, supportedRefreshRates [60.0], density 560, 494.27 x 492.606 dpi, appVsyncOff 7500000, presDeadline 12666667, touch INTERNAL, rotation 0, type BUILT_IN, state DOZE, FLAG_DEFAULT_DISPLAY, FLAG_ROTATES_WITH_CONTENT, FLAG_SECURE, FLAG_SUPPORTS_PROTECTED_BUFFERS}
V/ActivityManager(  809): Display changed displayId=0
I/DisplayPowerController(  809): Unblocked screen on after 276 ms
I/DisplayManagerService(  809): Display device changed: DisplayDeviceInfo{"Built-in Screen": uniqueId="local:0", 1440 x 2560, 60.0 fps, supportedRefreshRates [60.0], density 560, 494.27 x 492.606 dpi, appVsyncOff 7500000, presDeadline 12666667, touch INTERNAL, rotation 0, type BUILT_IN, state OFF, FLAG_DEFAULT_DISPLAY, FLAG_ROTATES_WITH_CONTENT, FLAG_SECURE, FLAG_SUPPORTS_PROTECTED_BUFFERS}
V/ActivityManager(  809): Display changed displayId=0
D/WifiService(  809): acquireWifiLockLocked: WifiLock{NlpWifiLock type=2 binder=android.os.BinderProxy@8be4877}
I/ActivityManager(  809): Start proc 10265:com.google.android.apps.maps/u0a72 for broadcast com.google.android.apps.maps/com.google.android.apps.gmm.iamhere.ble.StartBleServiceReceiver
W/ActivityThread(10265): ClassLoader.loadClass: The class loader returned by Thread.getContextClassLoader() may fail for processes that host multiple applications. You should explicitly specify a context class loader. For example: Thread.setContextClassLoader(getClass().getClassLoader());
E/NetlinkEvent(  357): NetlinkEvent::FindParam(): Parameter 'INTERFACE' not found
E/NetlinkEvent(  357): NetlinkEvent::FindParam(): Parameter 'TIME_NS' not found
E/NetdConnector(  809): Error handling '613 IfaceClass active (null)': java.lang.NumberFormatException: Invalid int: "(null)"
D/WifiService(  809): releaseWifiLockLocked: WifiLock{NlpWifiLock type=2 binder=android.os.BinderProxy@8be4877}
E/NetlinkEvent(  357): NetlinkEvent::FindParam(): Parameter 'INTERFACE' not found
E/NetlinkEvent(  357): NetlinkEvent::FindParam(): Parameter 'TIME_NS' not found
E/NetdConnector(  809): Error handling '613 IfaceClass idle (null)': java.lang.NumberFormatException: Invalid int: "(null)"
E/NetlinkEvent(  357): NetlinkEvent::FindParam(): Parameter 'INTERFACE' not found
E/NetlinkEvent(  357): NetlinkEvent::FindParam(): Parameter 'TIME_NS' not found
E/NetdConnector(  809): Error handling '613 IfaceClass active (null)': java.lang.NumberFormatException: Invalid int: "(null)"
E/NetlinkEvent(  357): NetlinkEvent::FindParam(): Parameter 'INTERFACE' not found
E/NetlinkEvent(  357): NetlinkEvent::FindParam(): Parameter 'TIME_NS' not found
E/NetdConnector(  809): Error handling '613 IfaceClass idle (null)': java.lang.NumberFormatException: Invalid int: "(null)"
E/NetlinkEvent(  357): NetlinkEvent::FindParam(): Parameter 'INTERFACE' not found
E/NetlinkEvent(  357): NetlinkEvent::FindParam(): Parameter 'TIME_NS' not found
E/NetdConnector(  809): Error handling '613 IfaceClass active (null)': java.lang.NumberFormatException: Invalid int: "(null)"
E/NetlinkEvent(  357): NetlinkEvent::FindParam(): Parameter 'INTERFACE' not found
E/NetlinkEvent(  357): NetlinkEvent::FindParam(): Parameter 'TIME_NS' not found
E/NetdConnector(  809): Error handling '613 IfaceClass idle (null)': java.lang.NumberFormatException: Invalid int: "(null)"
E/NetlinkEvent(  357): NetlinkEvent::FindParam(): Parameter 'INTERFACE' not found
E/NetlinkEvent(  357): NetlinkEvent::FindParam(): Parameter 'TIME_NS' not found
E/NetdConnector(  809): Error handling '613 IfaceClass active (null)': java.lang.NumberFormatException: Invalid int: "(null)"
E/NetlinkEvent(  357): NetlinkEvent::FindParam(): Parameter 'INTERFACE' not found
E/NetlinkEvent(  357): NetlinkEvent::FindParam(): Parameter 'TIME_NS' not found
E/NetdConnector(  809): Error handling '613 IfaceClass idle (null)': java.lang.NumberFormatException: Invalid int: "(null)"
I/DisplayPowerController(  809): Blocking screen on until initial contents have been drawn.
I/DisplayManagerService(  809): Display device changed: DisplayDeviceInfo{"Built-in Screen": uniqueId="local:0", 1440 x 2560, 60.0 fps, supportedRefreshRates [60.0], density 560, 494.27 x 492.606 dpi, appVsyncOff 7500000, presDeadline 12666667, touch INTERNAL, rotation 0, type BUILT_IN, state DOZE, FLAG_DEFAULT_DISPLAY, FLAG_ROTATES_WITH_CONTENT, FLAG_SECURE, FLAG_SUPPORTS_PROTECTED_BUFFERS}
V/ActivityManager(  809): Display changed displayId=0
I/DisplayPowerController(  809): Unblocked screen on after 279 ms
I/PowerManagerService(  809): Waking up from dozing (uid 10029)...
I/DisplayManagerService(  809): Display device changed: DisplayDeviceInfo{"Built-in Screen": uniqueId="local:0", 1440 x 2560, 60.0 fps, supportedRefreshRates [60.0], density 560, 494.27 x 492.606 dpi, appVsyncOff 7500000, presDeadline 12666667, touch INTERNAL, rotation 0, type BUILT_IN, state ON, FLAG_DEFAULT_DISPLAY, FLAG_ROTATES_WITH_CONTENT, FLAG_SECURE, FLAG_SUPPORTS_PROTECTED_BUFFERS}
V/ActivityManager(  809): Display changed displayId=0
I/DreamManagerService(  809): Gently waking up from dream.
I/DreamManagerService(  809): Leaving dreamland.
I/DreamController(  809): Stopping dream: name=ComponentInfo{com.android.systemui/com.android.systemui.doze.DozeService}, isTest=false, canDoze=true, userId=0
I/PowerManagerService(  809): Going to sleep due to power button (uid 1000)...
I/DisplayManagerService(  809): Display device changed: DisplayDeviceInfo{"Built-in Screen": uniqueId="local:0", 1440 x 2560, 60.0 fps, supportedRefreshRates [60.0], density 560, 494.27 x 492.606 dpi, appVsyncOff 7500000, presDeadline 12666667, touch INTERNAL, rotation 0, type BUILT_IN, state OFF, FLAG_DEFAULT_DISPLAY, FLAG_ROTATES_WITH_CONTENT, FLAG_SECURE, FLAG_SUPPORTS_PROTECTED_BUFFERS}
V/ActivityManager(  809): Display changed displayId=0
I/DreamManagerService(  809): Entering dreamland.
I/PowerManagerService(  809): Dozing...
I/DreamController(  809): Starting dream: name=ComponentInfo{com.android.systemui/com.android.systemui.doze.DozeService}, isTest=false, canDoze=true, userId=0
E/NetlinkEvent(  357): NetlinkEvent::FindParam(): Parameter 'INTERFACE' not found
E/NetlinkEvent(  357): NetlinkEvent::FindParam(): Parameter 'TIME_NS' not found
E/NetdConnector(  809): Error handling '613 IfaceClass active (null)': java.lang.NumberFormatException: Invalid int: "(null)"
E/NetlinkEvent(  357): NetlinkEvent::FindParam(): Parameter 'INTERFACE' not found
E/NetlinkEvent(  357): NetlinkEvent::FindParam(): Parameter 'TIME_NS' not found
E/NetdConnector(  809): Error handling '613 IfaceClass idle (null)': java.lang.NumberFormatException: Invalid int: "(null)"
E/NetlinkEvent(  357): NetlinkEvent::FindParam(): Parameter 'INTERFACE' not found
E/NetlinkEvent(  357): NetlinkEvent::FindParam(): Parameter 'TIME_NS' not found
E/NetdConnector(  809): Error handling '613 IfaceClass active (null)': java.lang.NumberFormatException: Invalid int: "(null)"
E/NetlinkEvent(  357): NetlinkEvent::FindParam(): Parameter 'INTERFACE' not found
E/NetlinkEvent(  357): NetlinkEvent::FindParam(): Parameter 'TIME_NS' not found
E/NetdConnector(  809): Error handling '613 IfaceClass idle (null)': java.lang.NumberFormatException: Invalid int: "(null)"
E/NetlinkEvent(  357): NetlinkEvent::FindParam(): Parameter 'INTERFACE' not found
E/NetlinkEvent(  357): NetlinkEvent::FindParam(): Parameter 'TIME_NS' not found
E/NetdConnector(  809): Error handling '613 IfaceClass active (null)': java.lang.NumberFormatException: Invalid int: "(null)"
E/NetlinkEvent(  357): NetlinkEvent::FindParam(): Parameter 'INTERFACE' not found
E/NetlinkEvent(  357): NetlinkEvent::FindParam(): Parameter 'TIME_NS' not found
E/NetdConnector(  809): Error handling '613 IfaceClass idle (null)': java.lang.NumberFormatException: Invalid int: "(null)"
E/NetlinkEvent(  357): NetlinkEvent::FindParam(): Parameter 'INTERFACE' not found
E/NetlinkEvent(  357): NetlinkEvent::FindParam(): Parameter 'TIME_NS' not found
E/NetdConnector(  809): Error handling '613 IfaceClass active (null)': java.lang.NumberFormatException: Invalid int: "(null)"
E/NetlinkEvent(  357): NetlinkEvent::FindParam(): Parameter 'INTERFACE' not found
E/NetlinkEvent(  357): NetlinkEvent::FindParam(): Parameter 'TIME_NS' not found
E/NetdConnector(  809): Error handling '613 IfaceClass idle (null)': java.lang.NumberFormatException: Invalid int: "(null)"
E/NetlinkEvent(  357): NetlinkEvent::FindParam(): Parameter 'INTERFACE' not found
E/NetlinkEvent(  357): NetlinkEvent::FindParam(): Parameter 'TIME_NS' not found
E/NetdConnector(  809): Error handling '613 IfaceClass active (null)': java.lang.NumberFormatException: Invalid int: "(null)"
E/NetlinkEvent(  357): NetlinkEvent::FindParam(): Parameter 'INTERFACE' not found
E/NetlinkEvent(  357): NetlinkEvent::FindParam(): Parameter 'TIME_NS' not found
E/NetdConnector(  809): Error handling '613 IfaceClass idle (null)': java.lang.NumberFormatException: Invalid int: "(null)"
E/NetlinkEvent(  357): NetlinkEvent::FindParam(): Parameter 'INTERFACE' not found
E/NetlinkEvent(  357): NetlinkEvent::FindParam(): Parameter 'TIME_NS' not found
E/NetdConnector(  809): Error handling '613 IfaceClass active (null)': java.lang.NumberFormatException: Invalid int: "(null)"
E/NetlinkEvent(  357): NetlinkEvent::FindParam(): Parameter 'INTERFACE' not found
E/NetlinkEvent(  357): NetlinkEvent::FindParam(): Parameter 'TIME_NS' not found
E/NetdConnector(  809): Error handling '613 IfaceClass idle (null)': java.lang.NumberFormatException: Invalid int: "(null)"
E/NetlinkEvent(  357): NetlinkEvent::FindParam(): Parameter 'INTERFACE' not found
E/NetlinkEvent(  357): NetlinkEvent::FindParam(): Parameter 'TIME_NS' not found
E/NetdConnector(  809): Error handling '613 IfaceClass active (null)': java.lang.NumberFormatException: Invalid int: "(null)"
E/NetlinkEvent(  357): NetlinkEvent::FindParam(): Parameter 'INTERFACE' not found
E/NetlinkEvent(  357): NetlinkEvent::FindParam(): Parameter 'TIME_NS' not found
E/NetdConnector(  809): Error handling '613 IfaceClass idle (null)': java.lang.NumberFormatException: Invalid int: "(null)"
E/NetlinkEvent(  357): NetlinkEvent::FindParam(): Parameter 'INTERFACE' not found
E/NetlinkEvent(  357): NetlinkEvent::FindParam(): Parameter 'TIME_NS' not found
E/NetdConnector(  809): Error handling '613 IfaceClass active (null)': java.lang.NumberFormatException: Invalid int: "(null)"
D/WifiService(  809): acquireWifiLockLocked: WifiLock{NlpWifiLock type=2 binder=android.os.BinderProxy@b5005de}
D/WifiService(  809): releaseWifiLockLocked: WifiLock{NlpWifiLock type=2 binder=android.os.BinderProxy@b5005de}
E/NetlinkEvent(  357): NetlinkEvent::FindParam(): Parameter 'INTERFACE' not found
E/NetlinkEvent(  357): NetlinkEvent::FindParam(): Parameter 'TIME_NS' not found
E/NetdConnector(  809): Error handling '613 IfaceClass idle (null)': java.lang.NumberFormatException: Invalid int: "(null)"
E/NetlinkEvent(  357): NetlinkEvent::FindParam(): Parameter 'INTERFACE' not found
E/NetlinkEvent(  357): NetlinkEvent::FindParam(): Parameter 'TIME_NS' not found
E/NetdConnector(  809): Error handling '613 IfaceClass active (null)': java.lang.NumberFormatException: Invalid int: "(null)"
I/DisplayPowerController(  809): Blocking screen on until initial contents have been drawn.
I/DisplayManagerService(  809): Display device changed: DisplayDeviceInfo{"Built-in Screen": uniqueId="local:0", 1440 x 2560, 60.0 fps, supportedRefreshRates [60.0], density 560, 494.27 x 492.606 dpi, appVsyncOff 7500000, presDeadline 12666667, touch INTERNAL, rotation 0, type BUILT_IN, state DOZE, FLAG_DEFAULT_DISPLAY, FLAG_ROTATES_WITH_CONTENT, FLAG_SECURE, FLAG_SUPPORTS_PROTECTED_BUFFERS}
V/ActivityManager(  809): Display changed displayId=0
I/DisplayPowerController(  809): Unblocked screen on after 265 ms
E/NetlinkEvent(  357): NetlinkEvent::FindParam(): Parameter 'INTERFACE' not found
E/NetlinkEvent(  357): NetlinkEvent::FindParam(): Parameter 'TIME_NS' not found
E/NetdConnector(  809): Error handling '613 IfaceClass idle (null)': java.lang.NumberFormatException: Invalid int: "(null)"
I/DisplayManagerService(  809): Display device changed: DisplayDeviceInfo{"Built-in Screen": uniqueId="local:0", 1440 x 2560, 60.0 fps, supportedRefreshRates [60.0], density 560, 494.27 x 492.606 dpi, appVsyncOff 7500000, presDeadline 12666667, touch INTERNAL, rotation 0, type BUILT_IN, state OFF, FLAG_DEFAULT_DISPLAY, FLAG_ROTATES_WITH_CONTENT, FLAG_SECURE, FLAG_SUPPORTS_PROTECTED_BUFFERS}
V/ActivityManager(  809): Display changed displayId=0
I/DisplayPowerController(  809): Blocking screen on until initial contents have been drawn.
I/DisplayManagerService(  809): Display device changed: DisplayDeviceInfo{"Built-in Screen": uniqueId="local:0", 1440 x 2560, 60.0 fps, supportedRefreshRates [60.0], density 560, 494.27 x 492.606 dpi, appVsyncOff 7500000, presDeadline 12666667, touch INTERNAL, rotation 0, type BUILT_IN, state DOZE, FLAG_DEFAULT_DISPLAY, FLAG_ROTATES_WITH_CONTENT, FLAG_SECURE, FLAG_SUPPORTS_PROTECTED_BUFFERS}
V/ActivityManager(  809): Display changed displayId=0
I/DisplayPowerController(  809): Unblocked screen on after 98 ms
I/DisplayManagerService(  809): Display device changed: DisplayDeviceInfo{"Built-in Screen": uniqueId="local:0", 1440 x 2560, 60.0 fps, supportedRefreshRates [60.0], density 560, 494.27 x 492.606 dpi, appVsyncOff 7500000, presDeadline 12666667, touch INTERNAL, rotation 0, type BUILT_IN, state OFF, FLAG_DEFAULT_DISPLAY, FLAG_ROTATES_WITH_CONTENT, FLAG_SECURE, FLAG_SUPPORTS_PROTECTED_BUFFERS}
V/ActivityManager(  809): Display changed displayId=0
I/DisplayPowerController(  809): Blocking screen on until initial contents have been drawn.
I/DisplayManagerService(  809): Display device changed: DisplayDeviceInfo{"Built-in Screen": uniqueId="local:0", 1440 x 2560, 60.0 fps, supportedRefreshRates [60.0], density 560, 494.27 x 492.606 dpi, appVsyncOff 7500000, presDeadline 12666667, touch INTERNAL, rotation 0, type BUILT_IN, state DOZE, FLAG_DEFAULT_DISPLAY, FLAG_ROTATES_WITH_CONTENT, FLAG_SECURE, FLAG_SUPPORTS_PROTECTED_BUFFERS}
V/ActivityManager(  809): Display changed displayId=0
I/DisplayPowerController(  809): Unblocked screen on after 292 ms
I/DisplayManagerService(  809): Display device changed: DisplayDeviceInfo{"Built-in Screen": uniqueId="local:0", 1440 x 2560, 60.0 fps, supportedRefreshRates [60.0], density 560, 494.27 x 492.606 dpi, appVsyncOff 7500000, presDeadline 12666667, touch INTERNAL, rotation 0, type BUILT_IN, state OFF, FLAG_DEFAULT_DISPLAY, FLAG_ROTATES_WITH_CONTENT, FLAG_SECURE, FLAG_SUPPORTS_PROTECTED_BUFFERS}
V/ActivityManager(  809): Display changed displayId=0
E/NetlinkEvent(  357): NetlinkEvent::FindParam(): Parameter 'INTERFACE' not found
E/NetlinkEvent(  357): NetlinkEvent::FindParam(): Parameter 'TIME_NS' not found
E/NetdConnector(  809): Error handling '613 IfaceClass active (null)': java.lang.NumberFormatException: Invalid int: "(null)"
E/NetlinkEvent(  357): NetlinkEvent::FindParam(): Parameter 'INTERFACE' not found
E/NetlinkEvent(  357): NetlinkEvent::FindParam(): Parameter 'TIME_NS' not found
E/NetdConnector(  809): Error handling '613 IfaceClass idle (null)': java.lang.NumberFormatException: Invalid int: "(null)"
I/DisplayPowerController(  809): Blocking screen on until initial contents have been drawn.
I/DisplayManagerService(  809): Display device changed: DisplayDeviceInfo{"Built-in Screen": uniqueId="local:0", 1440 x 2560, 60.0 fps, supportedRefreshRates [60.0], density 560, 494.27 x 492.606 dpi, appVsyncOff 7500000, presDeadline 12666667, touch INTERNAL, rotation 0, type BUILT_IN, state DOZE, FLAG_DEFAULT_DISPLAY, FLAG_ROTATES_WITH_CONTENT, FLAG_SECURE, FLAG_SUPPORTS_PROTECTED_BUFFERS}
V/ActivityManager(  809): Display changed displayId=0
I/DisplayPowerController(  809): Unblocked screen on after 280 ms
I/DisplayManagerService(  809): Display device changed: DisplayDeviceInfo{"Built-in Screen": uniqueId="local:0", 1440 x 2560, 60.0 fps, supportedRefreshRates [60.0], density 560, 494.27 x 492.606 dpi, appVsyncOff 7500000, presDeadline 12666667, touch INTERNAL, rotation 0, type BUILT_IN, state OFF, FLAG_DEFAULT_DISPLAY, FLAG_ROTATES_WITH_CONTENT, FLAG_SECURE, FLAG_SUPPORTS_PROTECTED_BUFFERS}
V/ActivityManager(  809): Display changed displayId=0
E/NetlinkEvent(  357): NetlinkEvent::FindParam(): Parameter 'INTERFACE' not found
E/NetlinkEvent(  357): NetlinkEvent::FindParam(): Parameter 'TIME_NS' not found
E/NetdConnector(  809): Error handling '613 IfaceClass active (null)': java.lang.NumberFormatException: Invalid int: "(null)"
I/DisplayPowerController(  809): Blocking screen on until initial contents have been drawn.
I/DisplayManagerService(  809): Display device changed: DisplayDeviceInfo{"Built-in Screen": uniqueId="local:0", 1440 x 2560, 60.0 fps, supportedRefreshRates [60.0], density 560, 494.27 x 492.606 dpi, appVsyncOff 7500000, presDeadline 12666667, touch INTERNAL, rotation 0, type BUILT_IN, state DOZE, FLAG_DEFAULT_DISPLAY, FLAG_ROTATES_WITH_CONTENT, FLAG_SECURE, FLAG_SUPPORTS_PROTECTED_BUFFERS}
V/ActivityManager(  809): Display changed displayId=0
I/DisplayPowerController(  809): Unblocked screen on after 290 ms
E/NetlinkEvent(  357): NetlinkEvent::FindParam(): Parameter 'INTERFACE' not found
E/NetlinkEvent(  357): NetlinkEvent::FindParam(): Parameter 'TIME_NS' not found
E/NetdConnector(  809): Error handling '613 IfaceClass idle (null)': java.lang.NumberFormatException: Invalid int: "(null)"
I/DisplayManagerService(  809): Display device changed: DisplayDeviceInfo{"Built-in Screen": uniqueId="local:0", 1440 x 2560, 60.0 fps, supportedRefreshRates [60.0], density 560, 494.27 x 492.606 dpi, appVsyncOff 7500000, presDeadline 12666667, touch INTERNAL, rotation 0, type BUILT_IN, state OFF, FLAG_DEFAULT_DISPLAY, FLAG_ROTATES_WITH_CONTENT, FLAG_SECURE, FLAG_SUPPORTS_PROTECTED_BUFFERS}
V/ActivityManager(  809): Display changed displayId=0
E/NetlinkEvent(  357): NetlinkEvent::FindParam(): Parameter 'INTERFACE' not found
E/NetlinkEvent(  357): NetlinkEvent::FindParam(): Parameter 'TIME_NS' not found
E/NetdConnector(  809): Error handling '613 IfaceClass active (null)': java.lang.NumberFormatException: Invalid int: "(null)"
I/DisplayPowerController(  809): Blocking screen on until initial contents have been drawn.
I/DisplayManagerService(  809): Display device changed: DisplayDeviceInfo{"Built-in Screen": uniqueId="local:0", 1440 x 2560, 60.0 fps, supportedRefreshRates [60.0], density 560, 494.27 x 492.606 dpi, appVsyncOff 7500000, presDeadline 12666667, touch INTERNAL, rotation 0, type BUILT_IN, state DOZE, FLAG_DEFAULT_DISPLAY, FLAG_ROTATES_WITH_CONTENT, FLAG_SECURE, FLAG_SUPPORTS_PROTECTED_BUFFERS}
V/ActivityManager(  809): Display changed displayId=0
I/DisplayPowerController(  809): Unblocked screen on after 281 ms
E/NetlinkEvent(  357): NetlinkEvent::FindParam(): Parameter 'INTERFACE' not found
E/NetlinkEvent(  357): NetlinkEvent::FindParam(): Parameter 'TIME_NS' not found
E/NetdConnector(  809): Error handling '613 IfaceClass idle (null)': java.lang.NumberFormatException: Invalid int: "(null)"
I/DisplayManagerService(  809): Display device changed: DisplayDeviceInfo{"Built-in Screen": uniqueId="local:0", 1440 x 2560, 60.0 fps, supportedRefreshRates [60.0], density 560, 494.27 x 492.606 dpi, appVsyncOff 7500000, presDeadline 12666667, touch INTERNAL, rotation 0, type BUILT_IN, state OFF, FLAG_DEFAULT_DISPLAY, FLAG_ROTATES_WITH_CONTENT, FLAG_SECURE, FLAG_SUPPORTS_PROTECTED_BUFFERS}
V/ActivityManager(  809): Display changed displayId=0
E/NetlinkEvent(  357): NetlinkEvent::FindParam(): Parameter 'INTERFACE' not found
E/NetlinkEvent(  357): NetlinkEvent::FindParam(): Parameter 'TIME_NS' not found
E/NetdConnector(  809): Error handling '613 IfaceClass active (null)': java.lang.NumberFormatException: Invalid int: "(null)"
E/NetlinkEvent(  357): NetlinkEvent::FindParam(): Parameter 'INTERFACE' not found
E/NetlinkEvent(  357): NetlinkEvent::FindParam(): Parameter 'TIME_NS' not found
E/NetdConnector(  809): Error handling '613 IfaceClass idle (null)': java.lang.NumberFormatException: Invalid int: "(null)"
I/DisplayPowerController(  809): Blocking screen on until initial contents have been drawn.
I/DisplayManagerService(  809): Display device changed: DisplayDeviceInfo{"Built-in Screen": uniqueId="local:0", 1440 x 2560, 60.0 fps, supportedRefreshRates [60.0], density 560, 494.27 x 492.606 dpi, appVsyncOff 7500000, presDeadline 12666667, touch INTERNAL, rotation 0, type BUILT_IN, state DOZE, FLAG_DEFAULT_DISPLAY, FLAG_ROTATES_WITH_CONTENT, FLAG_SECURE, FLAG_SUPPORTS_PROTECTED_BUFFERS}
V/ActivityManager(  809): Display changed displayId=0
I/DisplayPowerController(  809): Unblocked screen on after 291 ms
I/DisplayManagerService(  809): Display device changed: DisplayDeviceInfo{"Built-in Screen": uniqueId="local:0", 1440 x 2560, 60.0 fps, supportedRefreshRates [60.0], density 560, 494.27 x 492.606 dpi, appVsyncOff 7500000, presDeadline 12666667, touch INTERNAL, rotation 0, type BUILT_IN, state OFF, FLAG_DEFAULT_DISPLAY, FLAG_ROTATES_WITH_CONTENT, FLAG_SECURE, FLAG_SUPPORTS_PROTECTED_BUFFERS}
V/ActivityManager(  809): Display changed displayId=0
I/DisplayPowerController(  809): Blocking screen on until initial contents have been drawn.
I/DisplayManagerService(  809): Display device changed: DisplayDeviceInfo{"Built-in Screen": uniqueId="local:0", 1440 x 2560, 60.0 fps, supportedRefreshRates [60.0], density 560, 494.27 x 492.606 dpi, appVsyncOff 7500000, presDeadline 12666667, touch INTERNAL, rotation 0, type BUILT_IN, state DOZE, FLAG_DEFAULT_DISPLAY, FLAG_ROTATES_WITH_CONTENT, FLAG_SECURE, FLAG_SUPPORTS_PROTECTED_BUFFERS}
V/ActivityManager(  809): Display changed displayId=0
I/DisplayPowerController(  809): Unblocked screen on after 272 ms
E/NetlinkEvent(  357): NetlinkEvent::FindParam(): Parameter 'INTERFACE' not found
E/NetlinkEvent(  357): NetlinkEvent::FindParam(): Parameter 'TIME_NS' not found
E/NetdConnector(  809): Error handling '613 IfaceClass active (null)': java.lang.NumberFormatException: Invalid int: "(null)"
I/DisplayManagerService(  809): Display device changed: DisplayDeviceInfo{"Built-in Screen": uniqueId="local:0", 1440 x 2560, 60.0 fps, supportedRefreshRates [60.0], density 560, 494.27 x 492.606 dpi, appVsyncOff 7500000, presDeadline 12666667, touch INTERNAL, rotation 0, type BUILT_IN, state OFF, FLAG_DEFAULT_DISPLAY, FLAG_ROTATES_WITH_CONTENT, FLAG_SECURE, FLAG_SUPPORTS_PROTECTED_BUFFERS}
V/ActivityManager(  809): Display changed displayId=0
E/NetlinkEvent(  357): NetlinkEvent::FindParam(): Parameter 'INTERFACE' not found
E/NetlinkEvent(  357): NetlinkEvent::FindParam(): Parameter 'TIME_NS' not found
E/NetdConnector(  809): Error handling '613 IfaceClass idle (null)': java.lang.NumberFormatException: Invalid int: "(null)"
I/ActivityManager(  809): Start proc 10460:com.android.defcontainer/u0a9 for service com.android.defcontainer/.DefaultContainerService
I/ActivityManager(  809): Start proc 10478:com.android.vending/u0a24 for broadcast com.android.vending/com.google.android.vending.verifier.PackageVerificationReceiver
I/ActivityManager(  809): Start proc 10517:com.google.android.gms:car/u0a14 for service com.google.android.gms/.car.CarService
W/ResourcesManager(10517): Asset path '/system/framework/com.android.media.remotedisplay.jar' does not exist or contains no resources.
W/ResourcesManager(10517): Asset path '/system/framework/com.android.location.provider.jar' does not exist or contains no resources.
E/NetlinkEvent(  357): NetlinkEvent::FindParam(): Parameter 'INTERFACE' not found
E/NetlinkEvent(  357): NetlinkEvent::FindParam(): Parameter 'TIME_NS' not found
E/NetdConnector(  809): Error handling '613 IfaceClass active (null)': java.lang.NumberFormatException: Invalid int: "(null)"
D/DefContainer(10460): Copying /data/local/tmp/MainActivity-debug.apk to base.apk
D/PackageManager(  809): Renaming /data/app/vmdl1669571996.tmp to /data/app/com.ionicframework.comrevivalxionicpush778226-1
I/ActivityManager(  809): Force stopping com.ionicframework.comrevivalxionicpush778226 appid=10096 user=-1: uninstall pkg
I/ActivityManager(  809): Killing 8374:com.ionicframework.comrevivalxionicpush778226/u0a96 (adj 7): stop com.ionicframework.comrevivalxionicpush778226
I/WindowState(  809): WIN DEATH: Window{1c75827c u0 com.ionicframework.comrevivalxionicpush778226/com.ionicframework.comrevivalxionicpush778226.MainActivity}
I/PackageManager(  809): Package com.ionicframework.comrevivalxionicpush778226 codePath changed from /data/app/com.ionicframework.comrevivalxionicpush778226-2 to /data/app/com.ionicframework.comrevivalxionicpush778226-1; Retaining data and using new
I/ActivityManager(  809):   Force finishing activity 3 ActivityRecord{31062808 u0 com.ionicframework.comrevivalxionicpush778226/.MainActivity t1064}
