I/Babel   (13619): Creating RTCS
I/Babel   (13619): Destroying RTCS
I/Babel   (13619): Creating RTCS
I/art     (13619): Note: end time exceeds epoch: 
I/Babel   (13619): Destroying RTCS
D/GCM     (21008): Message class com.google.f.a.a.i
I/Babel   (13619): Creating RTCS
I/Babel   (13619): Destroying RTCS
I/Babel   (13619): Creating RTCS
I/art     (13619): Note: end time exceeds epoch: 
I/Babel   (13619): Destroying RTCS
I/art     (  809): Explicit concurrent mark sweep GC freed 42101(2036KB) AllocSpace objects, 4(64KB) LOS objects, 19% free, 66MB/82MB, paused 2.065ms total 107.250ms
I/Babel   (13619): Creating RTCS
I/Babel   (13619): Destroying RTCS
I/Babel   (13619): Creating RTCS
I/art     (13619): Note: end time exceeds epoch: 
I/Babel   (13619): Destroying RTCS
I/wpa_supplicant( 1029): wlan0: WPA: Group rekeying completed with 74:d0:2b:85:27:cc [GTK=CCMP]
I/Babel   (13619): Creating RTCS
I/Babel   (13619): Destroying RTCS
I/Babel   (13619): Creating RTCS
I/art     (13619): Note: end time exceeds epoch: 
I/Babel   (13619): Destroying RTCS
D/WifiService(  809): acquireWifiLockLocked: WifiLock{NlpWifiLock type=2 binder=android.os.BinderProxy@1b759e9e}
E/WifiStateMachine(  809): WifiStateMachine CMD_START_SCAN source 10014 txSuccessRate=20.00 rxSuccessRate=45.75 targetRoamBSSID=any RSSI=-43
I/EventLogService(21111): Opted in for usage reporting
I/EventLogService(21111): Aggregate from 1428425428125 (log), 1428425428125 (data)
I/art     (21008): Explicit concurrent mark sweep GC freed 53256(2MB) AllocSpace objects, 0(0B) LOS objects, 37% free, 26MB/42MB, paused 2.148ms total 62.725ms
I/ServiceDumpSys(21111): dumping service [account]
I/ServiceDumpSys(21111): dumping service [batterystats]
I/ServiceDumpSys(21111): dumping service [package]
I/ServiceDumpSys(21111): dumping service [procstats]
D/WifiService(  809): releaseWifiLockLocked: WifiLock{NlpWifiLock type=2 binder=android.os.BinderProxy@1b759e9e}
D/LocationFilter(21153): Forcing stable location. Original location:Location[fused 38.911605,-92.341463 acc=30 et=+11d22h57m27s224ms] because SMD didn't trigger.
I/GCoreUlr(21153): Successfully inserted location
I/GCoreUlr(21153): Not calling LocationReporter, hasMoved: false, elapsed millis: 304432, request: Stationary(3600000)
E/LocSvc_IzatApiV02(  809): E/virtual int izat_core::IzatApiV02::injectLocation(GpsExtLocation):857]: error! inject position failed
I/Babel   (13619): Creating RTCS
I/Babel   (13619): Destroying RTCS
I/Babel   (13619): Creating RTCS
I/art     (13619): Note: end time exceeds epoch: 
I/Babel   (13619): Destroying RTCS
I/ActivityManager(  809): Killing 16339:com.android.cellbroadcastreceiver/u0a6 (adj 15): empty for 1800s
D/GCM     (21008): Message class com.google.f.a.a.i
I/UsageStatsService(  809): User[0] Flushing usage stats to disk
I/Babel   (13619): Creating RTCS
I/Babel   (13619): Destroying RTCS
I/Babel   (13619): Creating RTCS
I/art     (13619): Note: end time exceeds epoch: 
I/Babel   (13619): Destroying RTCS
I/ActivityManager(  809): Killing 16987:com.google.android.gm/u0a85 (adj 15): empty for 1819s
I/ActivityManager(  809): Killing 17014:com.google.android.gm.exchange/u0a84 (adj 15): empty for 1825s
I/Babel   (13619): Creating RTCS
I/Babel   (13619): Destroying RTCS
I/Babel   (13619): Creating RTCS
I/art     (13619): Note: end time exceeds epoch: 
I/Babel   (13619): Destroying RTCS
I/Babel   (13619): Creating RTCS
I/Babel   (13619): Destroying RTCS
I/Babel   (13619): Creating RTCS
I/art     (13619): Note: end time exceeds epoch: 
I/Babel   (13619): Destroying RTCS
I/Babel   (13619): Creating RTCS
I/Babel   (13619): Destroying RTCS
I/Babel   (13619): Creating RTCS
I/art     (13619): Note: end time exceeds epoch: 
I/Babel   (13619): Destroying RTCS
I/Fitness (21153): sync: Account {name=theazad23@gmail.com, type=com.google}, extras: Bundle[{sync_periodic=true}]
I/art     (12311): Explicit concurrent mark sweep GC freed 48739(3MB) AllocSpace objects, 16(5MB) LOS objects, 16% free, 39MB/47MB, paused 482us total 132.672ms
V/GLSUser (21008): [AppCertService] DeviceKey is turned off
W/GmsApplication(21153): Using Auth Proxy for data requests.
I/GLSUser (21008): [GLSUser]  extracting token using key:Auth
W/GLSUser (21008): [GLSUser] [GLSUser]  Permission for com.google.android.apps.plus to access oauth2:https://www.googleapis.com/auth/plus.me https://www.googleapis.com/auth/plus.stream.read https://www.googleapis.com/auth/plus.stream.write https://www.googleapis.com/auth/plus.circles.write https://www.googleapis.com/auth/plus.circles.read https://www.googleapis.com/auth/plus.photos.readwrite https://www.googleapis.com/auth/plus.native will be managed locally.
V/GLSUser (21008): [AppCertService] DeviceKey is turned off
W/GmsApplication(21153): Using Auth Proxy for data requests.
I/Fitness (21153): Sync completed in 943 ms
I/Fitness (21153): no changes found
I/ActivityManager(  809): Start proc 18573:com.google.android.apps.fitness/u0a58 for broadcast com.google.android.apps.fitness/.wearable.WearableSyncReceiver
I/art     (  809): Explicit concurrent mark sweep GC freed 61653(2MB) AllocSpace objects, 17(428KB) LOS objects, 19% free, 66MB/82MB, paused 1.394ms total 92.954ms
I/FitnessApp(18573): Validating ObjectGraph
I/GLSActivity(21008): [ab] getting account id
I/GLSUser (21008): [s] Fetched account id for theazad23@gmail.com : 117677289982862711151
I/FitnessApp(18573): Initializers took 48 milliseconds
I/FitnessApp(18573): WearableSyncReceiver
I/FitnessApp(18573): WearableSyncReceiver starting service
I/FitnessApp(18573): Performing Wearable No Account Sync
E/FitnessApp(18573): Could not connect to Google Play API. Error code: 16
I/FitnessApp(18573): Wearable Sync Completed in 28 ms
I/ActivityManager(  809): Start proc 18605:com.google.android.apps.genie.geniewidget/u0a87 for broadcast com.google.android.apps.genie.geniewidget/.appwidget.NewsWeatherAppWidgetProvider
I/art     (  372): Explicit concurrent mark sweep GC freed 706(30KB) AllocSpace objects, 0(0B) LOS objects, 40% free, 21MB/36MB, paused 348us total 14.856ms
I/art     (  372): Explicit concurrent mark sweep GC freed 5(160B) AllocSpace objects, 0(0B) LOS objects, 40% free, 21MB/36MB, paused 200us total 9.283ms
I/art     (  372): Explicit concurrent mark sweep GC freed 5(160B) AllocSpace objects, 0(0B) LOS objects, 40% free, 21MB/36MB, paused 209us total 9.699ms
I/NewsWeather(18605): onReceive android.appwidget.action.APPWIDGET_UPDATE
D/WifiService(  809): acquireWifiLockLocked: WifiLock{NlpWifiLock type=2 binder=android.os.BinderProxy@13a0942a}
I/NewsWeather(18605): NewsAccounts 2, AllSystemAccounts 1
E/WifiStateMachine(  809): WifiStateMachine CMD_START_SCAN source 10014 txSuccessRate=25.75 rxSuccessRate=69.94 targetRoamBSSID=any RSSI=-43
I/LatinIME:LogUtils( 1260): Dictionary info: dictionary = PersonalizationDictionary.en_US ; version = 5382227 ; date = 1428427561
I/LatinIME:LogUtils( 1260): Dictionary info: dictionary = UserHistoryDictionary.en_US ; version = 5382227 ; date = 1428427561
I/art     (21008): Explicit concurrent mark sweep GC freed 56532(2MB) AllocSpace objects, 0(0B) LOS objects, 37% free, 26MB/42MB, paused 903us total 48.052ms
I/NewsWeather(18605): Last usage 1428350374468, idle 77187 seconds, sync interval 21600 seconds
I/NewsWeather(18605): setPeriodicSync in 21600 seconds
W/ResourcesManager(18605): Asset path '/system/framework/com.android.media.remotedisplay.jar' does not exist or contains no resources.
W/ResourcesManager(18605): Asset path '/system/framework/com.android.location.provider.jar' does not exist or contains no resources.
D/GCM     (21008): Message class com.google.f.a.a.i
V/JNIHelp (18605): Registering com/google/android/gms/org/conscrypt/NativeCrypto's 235 native methods...
I/ProviderInstaller(18605): Installed default security provider GmsCore_OpenSSL
I/GoogleURLConnFactory(18605): binding HttpService
I/NewsWeather(18605): onConnected null
I/NewsWeather(18605): Location onConnected: found location from FusedLocationApi
I/NewsWeather(18605): ApiOperation url https://news.google.com/news/exec/fetchNewsApp
I/Babel   (13619): Creating RTCS
I/Babel   (13619): Destroying RTCS
D/WifiService(  809): releaseWifiLockLocked: WifiLock{NlpWifiLock type=2 binder=android.os.BinderProxy@13a0942a}
I/Babel   (13619): Creating RTCS
D/LocationFilter(21153): Forcing stable location. Original location:Location[fused 38.911639,-92.341457 acc=30 et=+11d23h2m28s588ms] because SMD didn't trigger.
I/art     (13619): Note: end time exceeds epoch: 
E/LocSvc_IzatApiV02(  809): E/virtual int izat_core::IzatApiV02::injectLocation(GpsExtLocation):857]: error! inject position failed
I/Babel   (13619): Destroying RTCS
I/GCoreUlr(21153): Successfully inserted location
I/GCoreUlr(21153): Not calling LocationReporter, hasMoved: false, elapsed millis: 605855, request: Stationary(3600000)
I/NewsWeather(18605): onReceive com.google.android.apps.genie.intent.action.APPWIDGET_PROVIDER_CHANGED
I/NewsWeather(18605): onReceive com.google.android.apps.genie.intent.action.APPWIDGET_PROVIDER_CHANGED
I/NewsWeather(18605): onReceive com.google.android.apps.genie.intent.action.APPWIDGET_PROVIDER_CHANGED
I/NewsWeather(18605): onReceive com.google.android.apps.genie.intent.action.APPWIDGET_PROVIDER_CHANGED
I/GoogleURLConnFactory(18605): binding HttpService
I/GoogleURLConnFactory(18605): binding HttpService
I/GoogleURLConnFactory(18605): binding HttpService
I/Babel   (13619): Creating RTCS
I/Babel   (13619): Destroying RTCS
I/art     (13619): Note: end time exceeds epoch: 
I/Babel   (13619): Creating RTCS
I/Babel   (13619): Destroying RTCS
I/Babel   (13619): Creating RTCS
W/ResourcesManager(13619): Asset path '/system/framework/com.android.media.remotedisplay.jar' does not exist or contains no resources.
W/ResourcesManager(13619): Asset path '/system/framework/com.android.location.provider.jar' does not exist or contains no resources.
I/Babel   (13619): Destroying RTCS
I/Babel   (13619): Creating RTCS
I/art     (13619): Note: end time exceeds epoch: 
I/Babel   (13619): Destroying RTCS
I/Babel   (13619): Creating RTCS
I/Babel   (13619): Destroying RTCS
I/Babel   (13619): Creating RTCS
I/art     (13619): Note: end time exceeds epoch: 
I/Babel   (13619): Destroying RTCS
I/ActivityManager(  809): Killing 16039:com.android.providers.calendar/u0a5 (adj 15): empty for 1800s
I/ActivityManager(  809): Killing 16902:com.qualcomm.timeservice/1000 (adj 15): empty for 1800s
I/art     (  809): Explicit concurrent mark sweep GC freed 42277(2MB) AllocSpace objects, 6(96KB) LOS objects, 19% free, 66MB/82MB, paused 3.094ms total 111.998ms
I/Babel   (13619): Creating RTCS
I/Babel   (13619): Destroying RTCS
I/Babel   (13619): Creating RTCS
I/art     (13619): Note: end time exceeds epoch: 
I/Babel   (13619): Destroying RTCS
I/ActivityManager(  809): Killing 16077:com.google.android.calendar/u0a43 (adj 15): empty for 1802s
D/WifiService(  809): acquireWifiLockLocked: WifiLock{NlpWifiLock type=2 binder=android.os.BinderProxy@b160cf9}
E/WifiStateMachine(  809): WifiStateMachine CMD_START_SCAN source 10014 txSuccessRate=38.94 rxSuccessRate=77.98 targetRoamBSSID=any RSSI=-43
D/GCM     (21008): Message class com.google.f.a.a.i
D/LocationFilter(21153): Forcing stable location. Original location:Location[fused 38.911597,-92.341516 acc=24 et=+11d23h7m19s398ms] because SMD didn't trigger.
D/WifiService(  809): releaseWifiLockLocked: WifiLock{NlpWifiLock type=2 binder=android.os.BinderProxy@b160cf9}
E/LocSvc_IzatApiV02(  809): E/virtual int izat_core::IzatApiV02::injectLocation(GpsExtLocation):857]: error! inject position failed
I/GCoreUlr(21153): Successfully inserted location
I/GCoreUlr(21153): Not calling LocationReporter, hasMoved: false, elapsed millis: 896657, request: Stationary(3600000)
I/art     (21153): Explicit concurrent mark sweep GC freed 101355(4MB) AllocSpace objects, 19(546KB) LOS objects, 35% free, 28MB/44MB, paused 1.406ms total 47.709ms
I/Babel   (13619): Creating RTCS
I/Babel   (13619): Destroying RTCS
I/Babel   (13619): Creating RTCS
I/art     (13619): Note: end time exceeds epoch: 
I/Babel   (13619): Destroying RTCS
D/AndroidRuntime(18751): >>>>>> START com.android.internal.os.RuntimeInit uid 2000 <<<<<<
D/AndroidRuntime(18751): CheckJNI is OFF
D/AndroidRuntime(18751): Calling main entry com.android.commands.pm.Pm
I/ActivityManager(  809): Killing 15332:com.google.android.apps.docs/u0a53 (adj 15): empty for 1811s
I/ActivityManager(  809): Killing 17336:com.android.keychain/1000 (adj 15): empty for 1812s
D/Finsky  (16362): [1] PackageVerificationReceiver.onReceive: Verification requested, id = 31
D/Finsky  (16362): [1] WorkerTask.onPreExecute: Verification Requested for id = 31, data=file:///data/local/tmp/MainActivity-debug.apk flags=114 fromVerificationActivity=false
I/qtaguid (16362): Failed write_ctrl(u 74) res=-1 errno=22
I/qtaguid (16362): Untagging socket 74 failed errno=-22
W/NetworkManagementSocketTagger(16362): untagSocket(74) failed with errno -22
D/Finsky  (16362): [1] 2.onResponse: Verification id=31 response=0
D/DefContainer(17310): Copying /data/local/tmp/MainActivity-debug.apk to base.apk
D/Finsky  (16362): [1] PackageVerificationReceiver.onReceive: Verification requested, id = 31
D/PackageManager(  809): Renaming /data/app/vmdl2096149387.tmp to /data/app/com.ionicframework.comrevivalxionicpush778226-1
I/ActivityManager(  809): Force stopping com.ionicframework.comrevivalxionicpush778226 appid=10096 user=-1: uninstall pkg
I/ActivityManager(  809): Killing 18196:com.ionicframework.comrevivalxionicpush778226/u0a96 (adj 0): stop com.ionicframework.comrevivalxionicpush778226
I/PackageManager(  809): Package com.ionicframework.comrevivalxionicpush778226 codePath changed from /data/app/com.ionicframework.comrevivalxionicpush778226-2 to /data/app/com.ionicframework.comrevivalxionicpush778226-1; Retaining data and using new
I/PackageManager(  809): Running dexopt on: /data/app/com.ionicframework.comrevivalxionicpush778226-1/base.apk pkg=com.ionicframework.comrevivalxionicpush778226 isa=arm vmSafeMode=false
I/dex2oat (18768): /system/bin/dex2oat --zip-fd=6 --zip-location=/data/app/com.ionicframework.comrevivalxionicpush778226-1/base.apk --oat-fd=7 --oat-location=/data/dalvik-cache/arm/data@app@com.ionicframework.comrevivalxionicpush778226-1@base.apk@classes.dex --instruction-set=arm --instruction-set-features=div --runtime-arg -Xms64m --runtime-arg -Xmx512m --swap-fd=8
I/WindowState(  809): WIN DEATH: Window{1ac7b74f u0 com.ionicframework.comrevivalxionicpush778226/com.ionicframework.comrevivalxionicpush778226.MainActivity}
W/SurfaceFlinger(  259): couldn't log to binary event log: overflow.
I/ActivityManager(  809):   Force finishing activity 3 ActivityRecord{3eca0367 u0 com.ionicframework.comrevivalxionicpush778226/.MainActivity t1012}
V/ActivityManager(  809): Display changed displayId=0
W/ActivityManager(  809): Spurious death for ProcessRecord{299c099e 18196:com.ionicframework.comrevivalxionicpush778226/u0a96}, curProc for 18196: null
I/dex2oat (18768): Decided to run without swap.
I/Babel   (13619): Creating RTCS
I/Babel   (13619): Destroying RTCS
I/dex2oat (18768): dex2oat took 1.062s (threads: 4) arena alloc=73KB java alloc=1479KB native alloc=3MB free=4MB
W/PackageManager(  809): Code path for pkg : com.ionicframework.comrevivalxionicpush778226 changing from /data/app/com.ionicframework.comrevivalxionicpush778226-2 to /data/app/com.ionicframework.comrevivalxionicpush778226-1
I/ActivityManager(  809): Force stopping com.ionicframework.comrevivalxionicpush778226 appid=10096 user=-1: update pkg
W/PackageManager(  809): Resource path for pkg : com.ionicframework.comrevivalxionicpush778226 changing from /data/app/com.ionicframework.comrevivalxionicpush778226-2 to /data/app/com.ionicframework.comrevivalxionicpush778226-1
I/ActivityManager(  809): Force stopping com.ionicframework.comrevivalxionicpush778226 appid=10096 user=0: pkg removed
I/InputReader(  809): Reconfiguring input devices.  changes=0x00000010
I/ActivityManager(  809): Killing 15311:com.android.musicfx/u0a23 (adj 15): empty for 1814s
D/BuaReceiver(15271): ====== got intent:Intent { act=android.intent.action.PACKAGE_REMOVED dat=package:com.ionicframework.comrevivalxionicpush778226 flg=0x4000010 cmp=com.motorola.android.buacontactadapter/.BuaReceiver (has extras) }
I/art     ( 1400): Explicit concurrent mark sweep GC freed 2072(96KB) AllocSpace objects, 1(551KB) LOS objects, 19% free, 65MB/81MB, paused 976us total 77.469ms
I/art     (29970): Explicit concurrent mark sweep GC freed 103628(3MB) AllocSpace objects, 10(4MB) LOS objects, 19% free, 66MB/82MB, paused 984us total 48.717ms
I/art     ( 4959): Explicit concurrent mark sweep GC freed 130986(3MB) AllocSpace objects, 4(113KB) LOS objects, 11% free, 62MB/70MB, paused 637us total 98.870ms
I/art     (16362): Explicit concurrent mark sweep GC freed 28454(1948KB) AllocSpace objects, 21(328KB) LOS objects, 11% free, 59MB/67MB, paused 467us total 88.934ms
I/art     (  809): Explicit concurrent mark sweep GC freed 51106(3MB) AllocSpace objects, 16(248KB) LOS objects, 19% free, 65MB/81MB, paused 1.600ms total 96.337ms
D/JobSchedulerService(  809): Receieved: android.intent.action.PACKAGE_REMOVED
D/BackupManagerService(  809): Received broadcast Intent { act=android.intent.action.PACKAGE_REMOVED dat=package:com.ionicframework.comrevivalxionicpush778226 flg=0x4000010 (has extras) }
W/ActivityManager(  809): Permission Denial: Accessing service ComponentInfo{com.google.android.music/com.google.android.music.dial.DialMediaRouteProviderService} from pid=9214, uid=10119 that is not exported from uid 10073
W/Settings(  809): Setting install_non_market_apps has moved from android.provider.Settings.Global to android.provider.Settings.Secure, returning read-only value.
W/ResourceType(29970): No package identifier when getting value for resource number 0x00000000
W/PackageManager(29970): Failure retrieving resources for com.ionicframework.comrevivalxionicpush778226: Resource ID #0x0
I/InputReader(  809): Reconfiguring input devices.  changes=0x00000010
I/InputReader(  809): Reconfiguring input devices.  changes=0x00000010
I/ActivityManager(  809): Start proc 18782:com.android.musicfx/u0a23 for broadcast com.android.musicfx/.Compatibility$Receiver
W/ActivityManager(  809): Permission Denial: Accessing service ComponentInfo{com.google.android.music/com.google.android.music.dial.DialMediaRouteProviderService} from pid=9214, uid=10119 that is not exported from uid 10073
W/ActivityManager(  809): Permission Denial: Accessing service ComponentInfo{com.google.android.music/com.google.android.music.dial.DialMediaRouteProviderService} from pid=9214, uid=10119 that is not exported from uid 10073
I/ActivityManager(  809): Start proc 18801:com.android.keychain/1000 for broadcast com.android.keychain/.KeyChainBroadcastReceiver
I/ActivityManager(  809): Killing 17418:com.google.android.apps.magazines/u0a74 (adj 15): empty for 1814s
D/BackupManagerService(  809): Received broadcast Intent { act=android.intent.action.PACKAGE_ADDED dat=package:com.ionicframework.comrevivalxionicpush778226 flg=0x4000010 (has extras) }
W/BackupManagerService(  809): Removing schedule queue dupe of com.ionicframework.comrevivalxionicpush778226
I/art     (  809): Explicit concurrent mark sweep GC freed 12388(586KB) AllocSpace objects, 0(0B) LOS objects, 19% free, 66MB/82MB, paused 6.651ms total 141.268ms
I/art     (18751): System.exit called, status: 0
I/AndroidRuntime(18751): VM exiting with result code 0.
W/ContextImpl(18801): Calling a method in the system process without a qualified user: android.app.ContextImpl.startService:1692 android.content.ContextWrapper.startService:516 android.content.ContextWrapper.startService:516 com.android.keychain.KeyChainBroadcastReceiver.onReceive:12 android.app.ActivityThread.handleReceiver:2609 
I/ActivityManager(  809): Start proc 18824:com.google.android.apps.docs/u0a53 for broadcast com.google.android.apps.docs/.receivers.AppPackageAddRemoveReceiver
I/ActivityManager(  809): Killing 17556:com.google.android.apps.cloudprint/u0a47 (adj 15): empty for 1813s
I/Launcher( 1400): Deferring update until onResume
W/asset   ( 1400): Asset path /data/app/com.myfitnesspal.android-1/base.apk is neither a directory nor file (type=1).
W/PackageManager( 1400): Failure retrieving resources for com.myfitnesspal.android
W/asset   ( 1400): Asset path /data/app/com.google.android.apps.plus-2/base.apk is neither a directory nor file (type=1).
W/PackageManager( 1400): Failure retrieving resources for com.google.android.apps.plus
W/asset   ( 1400): Asset path /data/app/com.google.android.apps.plus-2/base.apk is neither a directory nor file (type=1).
W/PackageManager( 1400): Failure retrieving resources for com.google.android.apps.plus
W/asset   ( 1400): Asset path /data/app/com.google.android.talk-1/base.apk is neither a directory nor file (type=1).
W/PackageManager( 1400): Failure retrieving resources for com.google.android.talk
W/asset   ( 1400): Asset path /data/app/com.google.android.apps.plus-2/base.apk is neither a directory nor file (type=1).
W/PackageManager( 1400): Failure retrieving resources for com.google.android.apps.plus
W/asset   ( 1400): Asset path /data/app/com.google.android.apps.plus-2/base.apk is neither a directory nor file (type=1).
W/PackageManager( 1400): Failure retrieving resources for com.google.android.apps.plus
W/asset   ( 1400): Asset path /data/app/com.andrewshu.android.redditdonation-1/base.apk is neither a directory nor file (type=1).
W/PackageManager( 1400): Failure retrieving resources for com.andrewshu.android.redditdonation
W/asset   ( 1400): Asset path /data/app/com.andrewshu.android.redditdonation-1/base.apk is neither a directory nor file (type=1).
W/PackageManager( 1400): Failure retrieving resources for com.andrewshu.android.redditdonation
W/asset   ( 1400): Asset path /data/app/radiotime.player-2/base.apk is neither a directory nor file (type=1).
W/PackageManager( 1400): Failure retrieving resources for radiotime.player
W/asset   ( 1400): Asset path /data/app/radiotime.player-2/base.apk is neither a directory nor file (type=1).
W/PackageManager( 1400): Failure retrieving resources for radiotime.player
I/Launcher( 1400): Deferring update until onResume
D/AndroidRuntime(18821): >>>>>> START com.android.internal.os.RuntimeInit uid 2000 <<<<<<
D/AndroidRuntime(18821): CheckJNI is OFF
D/AndroidRuntime(18821): Calling main entry com.android.commands.input.Input
I/Input   (18821): injectKeyEvent: KeyEvent { action=ACTION_DOWN, keyCode=KEYCODE_MENU, scanCode=0, metaState=0, flags=0x0, repeatCount=0, eventTime=531612517, downTime=531612517, deviceId=-1, source=0x101 }
I/PowerManagerService(  809): Waking up from dozing (uid 1000)...
V/KeyguardServiceDelegate(  809): onScreenTurnedOn(showListener = com.android.internal.policy.impl.PhoneWindowManager$2@2f6b2f4d)
I/DisplayPowerController(  809): Blocking screen on until initial contents have been drawn.
I/Input   (18821): injectKeyEvent: KeyEvent { action=ACTION_UP, keyCode=KEYCODE_MENU, scanCode=0, metaState=0, flags=0x0, repeatCount=0, eventTime=531612517, downTime=531612517, deviceId=-1, source=0x101 }
D/SurfaceFlinger(  259): Set power mode=2, type=0 flinger=0xb6082000
D/qdhwcomposer(  259): hwc_setPowerMode: Setting mode 2 on display: 0
D/AndroidRuntime(18821): Shutting down VM
I/DisplayManagerService(  809): Display device changed: DisplayDeviceInfo{"Built-in Screen": uniqueId="local:0", 1440 x 2560, 60.0 fps, supportedRefreshRates [60.0], density 560, 494.27 x 492.606 dpi, appVsyncOff 7500000, presDeadline 12666667, touch INTERNAL, rotation 0, type BUILT_IN, state ON, FLAG_DEFAULT_DISPLAY, FLAG_ROTATES_WITH_CONTENT, FLAG_SECURE, FLAG_SUPPORTS_PROTECTED_BUFFERS}
W/InputMethodManagerService(  809): Got RemoteException sending setActive(false) notification to pid 18196 uid 10096
V/ActivityManager(  809): Display changed displayId=0
E/WindowAnimator(  809): Timeout waiting for animation to startup
D/audio_hw_primary(  361): adev_set_parameters: enter: screen_state=on
D/mot_vr_audio_hw(  361): adev_set_parameters: screen_state=on
W/OpenGLRenderer( 1400): Incorrectly called buildLayer on View: lh, destroying layer...
V/KeyguardServiceDelegate(  809): **** SHOWN CALLED ****
D/PhoneStatusBar(29970): disable: < expand ICONS alerts SYSTEM_INFO back HOME RECENT clock SEARCH >
E/WifiStateMachine(  809): cancelDelayedScan -> 7772
E/native  (  809): do suspend false
V/ActivityManager(  809): Display changed displayId=0
D/BluetoothAdapter(29970): 650156838: getState() :  mService = null. Returning STATE_OFF
D/BluetoothAdapter(29970): 650156838: getState() :  mService = null. Returning STATE_OFF
D/PhoneStatusBar(29970): disable: < expand icons* alerts system_info* back HOME RECENT clock SEARCH >
D/qdhwcomposer(  259): hwc_setPowerMode: Done setting mode 2 on display 0
D/SurfaceControl(  809): Excessive delay in setPowerMode(): 232ms
I/qdhwcomposer(  259): handle_blank_event: dpy:0 panel power state: 1
I/DisplayPowerController(  809): Unblocked screen on after 281 ms
I/DreamManagerService(  809): Gently waking up from dream.
W/InputMethodManagerService(  809): Got RemoteException sending setActive(false) notification to pid 18196 uid 10096
I/MicrophoneInputStream( 4959): mic_starting com.google.android.speech.audio.w@3e7b0a81
I/HotwordRecognitionRnr( 4959): Starting hotword detection.
I/AudioFlinger(  361): AudioFlinger's thread 0xa9803000 ready to run
D/PhoneStatusBar(29970): disable: < expand icons alerts system_info back home* recent* clock search* >
I/DreamManagerService(  809): Leaving dreamland.
I/DreamController(  809): Stopping dream: name=ComponentInfo{com.android.systemui/com.android.systemui.doze.DozeService}, isTest=false, canDoze=true, userId=0
W/SoundTriggerHelper(  809): Recognition aborted
I/MicrophoneInputStream( 4959): mic_started com.google.android.speech.audio.w@3e7b0a81
D/audio_hw_primary(  361): select_devices: out_snd_device(0: none) in_snd_device(55: voice-rec-mic)
D/msm8974_platform(  361): platform_send_audio_calibration: sending audio calibration for snd_device(55) acdb_id(62)
E/ACDB-LOADER(  361): Error: ACDB AudProc vol returned = -19
D/audio_hw_primary(  361): enable_snd_device: snd_device(55: voice-rec-mic)
D/audio_hw_primary(  361): enable_audio_route: apply and update mixer path: audio-record
I/AlwaysOnHotwordDetector( 1240): onRecognitionPaused
I/GsaVoiceInteractionSrv( 1240): onRecognitionPaused
I/Icing   (21111): Usage reports 1 indexed 0 rejected 0 imm upload true
E/Icing   (21111): Bad usage report decode
I/HotwordWorker( 4959): onReady
D/AndroidRuntime(18862): >>>>>> START com.android.internal.os.RuntimeInit uid 2000 <<<<<<
D/AndroidRuntime(18862): CheckJNI is OFF
E/WifiStateMachine(  809): WifiStateMachine CMD_START_SCAN source -2 txSuccessRate=32.12 rxSuccessRate=69.62 targetRoamBSSID=any RSSI=-42
E/WifiStateMachine(  809): WifiStateMachine starting scan for "darrel"WPA_PSK with 5745,2437
D/AndroidRuntime(18862): Calling main entry com.android.commands.am.Am
I/ActivityManager(  809): START u0 {act=android.intent.action.MAIN flg=0x10000000 cmp=com.ionicframework.comrevivalxionicpush778226/.MainActivity} from uid 2000 on display 0
V/WindowManager(  809): addAppToken: AppWindowToken{3b2cd891 token=Token{ebf32b8 ActivityRecord{86d911b u0 com.ionicframework.comrevivalxionicpush778226/.MainActivity t1013}}} to stack=1 task=1013 at 0
V/WindowManager(  809): Adding window Window{1273f982 u0 Starting com.ionicframework.comrevivalxionicpush778226} at 23 of 29 (after Window{32adcc10 u0 com.google.android.talk/com.google.android.apps.hangouts.phone.ConversationActivity})
I/MicrophoneInputStream( 4959): mic_close com.google.android.speech.audio.w@3e7b0a81
I/art     (18891): Late-enabling -Xcheck:jni
I/ActivityManager(  809): Start proc 18891:com.ionicframework.comrevivalxionicpush778226/u0a96 for activity com.ionicframework.comrevivalxionicpush778226/.MainActivity
D/audio_hw_primary(  361): disable_audio_route: reset and update mixer path: audio-record
D/audio_hw_primary(  361): disable_snd_device: snd_device(55: voice-rec-mic)
I/HotwordRecognitionRnr( 4959): Stopping hotword detection.
I/HotwordRecognitionRnr( 4959): Hotword detection finished
I/CordovaLog(18891): Changing log level to DEBUG(3)
D/CordovaActivity(18891): CordovaActivity.init()
I/AlwaysOnHotwordDetector( 1240): onRecognitionResumed
I/GsaVoiceInteractionSrv( 1240): onRecognitionResumed
I/WebViewFactory(18891): Loading com.google.android.webview version 40 (1808730-arm) (code 423501)
I/LibraryLoader(18891): Time to load native libraries: 2 ms (timestamps 3278-3280)
I/LibraryLoader(18891): Expected native library version number "",actual native library version number ""
V/WebViewChromiumFactoryProvider(18891): Binding Chromium to main looper Looper (main, tid 1) {12708fd}
I/LibraryLoader(18891): Expected native library version number "",actual native library version number ""
I/chromium(18891): [INFO:library_loader_hooks.cc(108)] Chromium logging enabled: level = 0, default verbosity = 0
I/BrowserStartupController(18891): Initializing chromium process, singleProcess=true
W/art     (18891): Attempt to remove local handle scope entry from IRT, ignoring
W/SyncWapiModule(18824): isPlayServicesEnabled=
W/AudioManagerAndroid(18891): Requires BLUETOOTH permission
W/SyncWapiModule(18824): isPlayServicesEnabled=
W/chromium(18891): [WARNING:resource_bundle.cc(304)] locale_file_path.empty()
I/chromium(18891): [INFO:aw_browser_main_parts.cc(63)] Load from apk succesful, fd=31 off=49196 len=3229
I/chromium(18891): [INFO:aw_browser_main_parts.cc(76)] Loading webviewchromium.pak from, fd:32 off:390788 len:1143511
I/Adreno  (18891): EGLInit: QTI Build: 01/29/15, 1bccc5d, I0ba6dce82d
I/ActivityManager(  809): Killing 17575:com.google.android.apps.walletnfcrel/u0a36 (adj 15): empty for 1813s
W/GAV2    (18824): Thread[main,5,main]: Need to call initialize() and be in fallback mode to start dispatch.
W/Launcher( 1400): setApplicationContext called twice! old=com.google.android.velvet.VelvetApplication@130a19f2 new=com.google.android.velvet.VelvetApplication@130a19f2
W/chromium(18891): [WARNING:data_reduction_proxy_settings.cc(328)] SPDY proxy OFF at startup
E/NetworkScheduler.SchedulerReceiver(21008): Invalid parameter app
E/NetworkScheduler.SchedulerReceiver(21008): Invalid package name : Perhaps you didn't include a PendingIntent in the extras?
D/PackageBroadcastService(21111): Received broadcast action=android.intent.action.PACKAGE_REMOVED and uri=com.ionicframework.comrevivalxionicpush778226
W/art     (18891): Attempt to remove local handle scope entry from IRT, ignoring
W/AwContents(18891): onDetachedFromWindow called when already detached. Ignoring
D/BuaReceiver(15271): ====== got intent:Intent { act=android.intent.action.PACKAGE_ADDED dat=package:com.ionicframework.comrevivalxionicpush778226 flg=0x4000010 cmp=com.motorola.android.buacontactadapter/.BuaReceiver (has extras) }
D/CordovaActivity(18891): CordovaActivity.createViews()
I/ConfigService(21008): onCreate
I/ConfigService(21008): onBind for Intent { act=com.google.android.gms.config.UPDATE pkg=com.google.android.gms } action com.google.android.gms.config.UPDATE
D/PluginManager(18891): init()
D/CordovaWebView(18891): CordovaWebView is running on device made by: motorola
I/ConfigFetchService(21111): onStartCommand Intent { act=android.intent.action.PACKAGE_REMOVED dat=package:com.ionicframework.comrevivalxionicpush778226 cmp=com.google.android.gms/.config.ConfigFetchService (has extras) }
I/ConfigService(21008): onBind returning update interface
I/ConfigService(21008): onBind for Intent { act=com.google.android.gms.config.START pkg=com.google.android.gms } action com.google.android.gms.config.START
I/ConfigService(21008): onBind returning service broker
W/art     (18891): Attempt to remove local handle scope entry from IRT, ignoring
W/art     (18891): Attempt to remove local handle scope entry from IRT, ignoring
D/CordovaWebView(18891): >>> loadUrl(file:///android_asset/www/index.html)
D/CordovaWebView(18891): >>> loadUrlNow()
D/CordovaActivity(18891): Resuming the App
D/OpenGLRenderer(18891): Use EGL_SWAP_BEHAVIOR_PRESERVED: true
D/Atlas   (18891): Validating map...
V/WindowManager(  809): Adding window Window{317f4c48 u0 com.ionicframework.comrevivalxionicpush778226/com.ionicframework.comrevivalxionicpush778226.MainActivity} at 23 of 30 (before Window{1273f982 u0 Starting com.ionicframework.comrevivalxionicpush778226})
D/SoftKeyboardDetect(18891): Ignore this event
I/UpdateIcingCorporaServi( 4959): Updating corpora: APPS=com.ionicframework.comrevivalxionicpush778226, CONTACTS=MAYBE
I/OpenGLRenderer(18891): Initialized EGL, version 1.4
D/OpenGLRenderer(18891): Enabling debug mode 0
D/GCM     (21008): GcmService start Intent { act=com.google.android.gms.gcm.PACKAGE_REPLACED cmp=com.google.android.gms/.gcm.GcmService (has extras) } com.google.android.gms.gcm.PACKAGE_REPLACED
D/PackageBroadcastService(21111): Received broadcast action=android.intent.action.PACKAGE_ADDED and uri=com.ionicframework.comrevivalxionicpush778226
I/ConfigFetchService(21111): onStartCommand Intent { act=android.intent.action.PACKAGE_ADDED dat=package:com.ionicframework.comrevivalxionicpush778226 cmp=com.google.android.gms/.config.ConfigFetchService (has extras) }
I/ConfigFetchService(21111): launchTask
D/SoftKeyboardDetect(18891): Ignore this event
D/CordovaWebViewClient(18891): onPageStarted(file:///android_asset/www/index.html)
D/CordovaActivity(18891): onMessage(onPageStarted,file:///android_asset/www/index.html)
W/BindingManager(18891): Cannot call determinedVisibility() - never saw a connection for the pid: 18891
I/ConfigFetchService(21111): service connected
I/ActivityManager(  809): Start proc 18969:com.google.android.apps.magazines/u0a74 for broadcast com.google.android.apps.magazines/com.google.apps.dots.android.app.receiver.FirstInstallNotificationReceiver
D/ConfigFetchService(21111): ConfigApi connection successful.
I/ActivityManager(  809): Displayed com.ionicframework.comrevivalxionicpush778226/.MainActivity: +581ms
D/AndroidRuntime(18862): Shutting down VM
I/ApplicationLogger( 4959): canRun() : Account = theazad23@gmail.com
I/ApplicationLogger( 4959): isBeforeMinInterval() : Ran less than 24 hours ago
I/UpdateIcingCorporaServi( 4959): UpdateCorporaTask done [took 125 ms] updated apps [took 125 ms] 
W/GAV2    (18824): Thread[main,5,main]: dispatch call queued.  Need to call GAServiceManager.getInstance().initialize().
I/WebViewFactory(18969): Loading com.google.android.webview version 40 (1808730-arm) (code 423501)
I/LibraryLoader(18969): Time to load native libraries: 2 ms (timestamps 4013-4015)
I/LibraryLoader(18969): Expected native library version number "",actual native library version number ""
V/WebViewChromiumFactoryProvider(18969): Binding Chromium to main looper Looper (main, tid 1) {3fbc6768}
I/LibraryLoader(18969): Expected native library version number "",actual native library version number ""
I/chromium(18969): [INFO:library_loader_hooks.cc(108)] Chromium logging enabled: level = 0, default verbosity = 0
I/BrowserStartupController(18969): Initializing chromium process, singleProcess=true
W/art     (18969): Attempt to remove local handle scope entry from IRT, ignoring
W/chromium(18969): [WARNING:resource_bundle.cc(304)] locale_file_path.empty()
I/chromium(18969): [INFO:aw_browser_main_parts.cc(63)] Load from apk succesful, fd=34 off=49196 len=3229
I/chromium(18969): [INFO:aw_browser_main_parts.cc(76)] Loading webviewchromium.pak from, fd:35 off:390788 len:1143511
W/AudioManagerAndroid(18969): Requires BLUETOOTH permission
I/Adreno  (18969): EGLInit: QTI Build: 01/29/15, 1bccc5d, I0ba6dce82d
I/NSApplication(18969): Starting up...
I/ActivityManager(  809): Start proc 19034:com.google.android.apps.cloudprint/u0a47 for broadcast com.google.android.apps.cloudprint/.printdialog.receivers.UpgradeBroadcastReceiver
D/JsMessageQueue(18891): Set native->JS mode to OnlineEventsBridgeMode
W/Launcher( 1400): setApplicationContext called twice! old=com.google.android.velvet.VelvetApplication@130a19f2 new=com.google.android.velvet.VelvetApplication@130a19f2
E/NetworkScheduler.SchedulerReceiver(21008): Invalid parameter app
E/NetworkScheduler.SchedulerReceiver(21008): Invalid package name : Perhaps you didn't include a PendingIntent in the extras?
D/PackageBroadcastService(21111): Received broadcast action=android.intent.action.PACKAGE_REPLACED and uri=com.ionicframework.comrevivalxionicpush778226
I/ActivityManager(  809): Start proc 19081:com.google.android.apps.walletnfcrel/u0a36 for broadcast com.google.android.apps.walletnfcrel/com.google.android.apps.wallet.init.OnBootOrUpgradeReceiver
W/ResourceType(29970): No package identifier when getting value for resource number 0x00000000
W/PackageManager(29970): Failure retrieving resources for com.google.android.talk: Resource ID #0x0
W/ResourcesManager(19081): Asset path '/system/framework/com.android.media.remotedisplay.jar' does not exist or contains no resources.
W/ResourcesManager(19081): Asset path '/system/framework/com.android.location.provider.jar' does not exist or contains no resources.
V/JNIHelp (19081): Registering com/google/android/gms/org/conscrypt/NativeCrypto's 235 native methods...
I/ProviderInstaller(19081): Installed default security provider GmsCore_OpenSSL
V/UserPresentBroadcastReceiver(21153): Received Intent { act=android.intent.action.USER_PRESENT flg=0x24000010 cmp=com.google.android.gms/.auth.trustagent.UserPresentBroadcastReceiver }.
D/CordovaWebViewClient(18891): onPageFinished(file:///android_asset/www/index.html)
D/CordovaActivity(18891): onMessage(onPageFinished,file:///android_asset/www/index.html)
D/CordovaActivity(18891): onMessage(spinner,stop)
I/App     (18891): WARNING: Back Button Default Behavior will be overridden.  The backbutton event will be fired!
D/TaskPersister(  809): removeObsoleteFile: deleting file=1012_task.xml
D/TaskPersister(  809): removeObsoleteFile: deleting file=1012_task_thumbnail.png
I/Icing   (21111): Indexing 39635575FB3BBDAD59A745166DF12C6486330C95 from com.google.android.googlequicksearchbox
I/Icing   (21111): Indexing done 39635575FB3BBDAD59A745166DF12C6486330C95
D/CordovaActivity(18891): onMessage(spinner,stop)
I/GAV4    (18969): Thread[GAThread,5,main]: No campaign data found.
W/CronetConnection( 4959): Upload content type not set.
V/ConfigFetchTask(21111): ConfigFetchTask getDeviceDataVersionInfo(): ABFEt1VU3HiKGOqdlhMZvYh2_QwlQuxsvvXMlmNfgDAWaR9Lm4oYW20HswkY-tGNDRAXM7tVsY-jyogi3F7COcPHQYhYflEAZ_y2lxu2ik4EQdaAtd42xnVYKk5ngiPEjw8h8kGXv2WXE5IMbLz0CtWYzNS2HWfaam5kGnCrTATOJOnlIOtY_N5ME3MxUZ43EF4_-bQvOUGp
I/GoogleURLConnFactory(21111): Using platform SSLCertificateSocketFactory
I/ConfigFetchService(21111): fetch service done; releasing wakelock
I/ConfigFetchService(21111): stopping self
I/art     (  809): Explicit concurrent mark sweep GC freed 33959(1783KB) AllocSpace objects, 6(96KB) LOS objects, 19% free, 66MB/82MB, paused 2.767ms total 128.114ms
I/Babel   (13619): Creating RTCS
W/ResourcesManager(13619): Asset path '/system/framework/com.android.media.remotedisplay.jar' does not exist or contains no resources.
W/ResourcesManager(13619): Asset path '/system/framework/com.android.location.provider.jar' does not exist or contains no resources.
I/Babel   (13619): Destroying RTCS
D/Finsky  (16362): [1] 5.onFinished: Installation state replication succeeded.
I/ConfigService(21008): onDestroy
I/Babel   (13619): Creating RTCS
I/art     (13619): Note: end time exceeds epoch: 
I/Babel   (13619): Destroying RTCS
E/WifiStateMachine(  809): WifiStateMachine CMD_START_SCAN source -2 txSuccessRate=9.51 rxSuccessRate=10.62 targetRoamBSSID=any RSSI=-40
E/WifiStateMachine(  809): WifiStateMachine starting scan for "darrel"WPA_PSK with 5745,2437
E/WifiStateMachine(  809): WifiStateMachine CMD_START_SCAN source -2 txSuccessRate=0.38 rxSuccessRate=0.71 targetRoamBSSID=any RSSI=-43
W/ActivityManager(  809): Permission Denial: Accessing service ComponentInfo{com.google.android.music/com.google.android.music.dial.DialMediaRouteProviderService} from pid=4959, uid=10034 that is not exported from uid 10073
W/GAV2    ( 4959): Thread[Background Blocking-1567,5,main]: dispatch call queued.  Need to call GAServiceManager.getInstance().initialize().
W/HandlerScheduledExecuto( 4959): Task does not implement UiTask. Consider using NamedUiRunnable for com.google.android.sidekick.main.h.f@36f139e6
W/HandlerScheduledExecuto( 4959): Task does not implement UiTask. Consider using NamedUiRunnable for com.google.android.sidekick.main.h.f@36f139e6
I/TrainingQuestionManager( 4959): updateFromServerResponse: no new training mode data and no pending answered questions to clear
I/PowerManagerService(  809): Going to sleep due to screen timeout (uid 1000)...
E/WifiStateMachine(  809): WifiStateMachine CMD_START_SCAN source -2 txSuccessRate=23.18 rxSuccessRate=19.82 targetRoamBSSID=any RSSI=-42
E/WifiStateMachine(  809): WifiStateMachine starting scan for "darrel"WPA_PSK with 5745,2437
I/DisplayManagerService(  809): Display device changed: DisplayDeviceInfo{"Built-in Screen": uniqueId="local:0", 1440 x 2560, 60.0 fps, supportedRefreshRates [60.0], density 560, 494.27 x 492.606 dpi, appVsyncOff 7500000, presDeadline 12666667, touch INTERNAL, rotation 0, type BUILT_IN, state OFF, FLAG_DEFAULT_DISPLAY, FLAG_ROTATES_WITH_CONTENT, FLAG_SECURE, FLAG_SUPPORTS_PROTECTED_BUFFERS}
V/ActivityManager(  809): Display changed displayId=0
D/SurfaceFlinger(  259): Set power mode=0, type=0 flinger=0xb6082000
D/qdhwcomposer(  259): hwc_setPowerMode: Setting mode 0 on display: 0
I/qdhwcomposer(  259): handle_blank_event: dpy:0 panel power state: 0
D/qdhwcomposer(  259): hwc_setPowerMode: Done setting mode 0 on display 0
D/SurfaceControl(  809): Excessive delay in setPowerMode(): 260ms
I/DreamManagerService(  809): Entering dreamland.
I/PowerManagerService(  809): Dozing...
I/DreamController(  809): Starting dream: name=ComponentInfo{com.android.systemui/com.android.systemui.doze.DozeService}, isTest=false, canDoze=true, userId=0
D/audio_hw_primary(  361): adev_set_parameters: enter: screen_state=off
D/mot_vr_audio_hw(  361): adev_set_parameters: screen_state=off
E/WifiStateMachine(  809): cancelDelayedScan -> 7778
E/native  (  809): do suspend true
I/art     (21008): Explicit concurrent mark sweep GC freed 62655(3MB) AllocSpace objects, 0(0B) LOS objects, 37% free, 26MB/42MB, paused 1.749ms total 79.931ms
D/PhoneStatusBar(29970): disable: < expand ICONS* alerts SYSTEM_INFO* back home recent clock search >
D/CordovaActivity(18891): Paused the application!
D/CordovaWebView(18891): Handle the pause
D/PhoneStatusBar(29970): disable: < expand ICONS alerts SYSTEM_INFO back HOME* RECENT* clock SEARCH* >
I/Babel   (13619): Creating RTCS
I/Babel   (13619): Destroying RTCS
I/Babel   (13619): Creating RTCS
I/art     (13619): Note: end time exceeds epoch: 
I/Babel   (13619): Destroying RTCS
E/WifiStateMachine(  809): WifiStateMachine CMD_START_SCAN source -2 txSuccessRate=0.00 rxSuccessRate=0.00 targetRoamBSSID=any RSSI=-40
E/WifiStateMachine(  809): WifiStateMachine L2Connected CMD_START_SCAN source -2 7777, 7778 -> obsolete
I/kickstart(  865): STATUS: SAHARA_HELLO: hw_info = 0x01030610, pwrup_reason = 0x00008000
I/kickstart(  865): STATUS: Wrote to /sys/power/wake_lock
E/kickstart(  865): ERROR: function: open_file:195 filename = /dev/block/platform/msm_sdcc.1/by-name/mdm1m9kefs2
I/kickstart(  865): STATUS: Opening file '/dev/block/platform/msm_sdcc.1/by-name/mdm1m9kefs2' for writing
D/WifiService(  809): Client connection lost with reason: 4
I/ActivityManager(  809): Process com.google.android.apps.maps (pid 18330) has died
I/ActivityManager(  809): Process com.google.android.apps.genie.geniewidget (pid 18605) has died
I/kickstart(  865): STATUS: Received file 'm9kefs2'
I/kickstart(  865): STATUS: 950272 bytes transferred in 0.980315 seconds
I/kickstart(  865): STATUS: Successfully downloaded files from target 
I/kickstart(  865): STATUS: Wrote to /sys/power/wake_unlock
I/kickstart(  865): STATUS: Sahara protocol completed
E/qti_sensors_hal(  809): waitForResponse: pthread_cond_timedwait() rc=110 (cond: 0)
E/qti_sensors_hal(  809): deactivateDpc: ERROR: No response from the request
I/DisplayPowerController(  809): Blocking screen on until initial contents have been drawn.
D/SurfaceFlinger(  259): Set power mode=1, type=0 flinger=0xb6082000
D/qdhwcomposer(  259): hwc_setPowerMode: Setting mode 1 on display: 0
I/DisplayManagerService(  809): Display device changed: DisplayDeviceInfo{"Built-in Screen": uniqueId="local:0", 1440 x 2560, 60.0 fps, supportedRefreshRates [60.0], density 560, 494.27 x 492.606 dpi, appVsyncOff 7500000, presDeadline 12666667, touch INTERNAL, rotation 0, type BUILT_IN, state DOZE, FLAG_DEFAULT_DISPLAY, FLAG_ROTATES_WITH_CONTENT, FLAG_SECURE, FLAG_SUPPORTS_PROTECTED_BUFFERS}
V/ActivityManager(  809): Display changed displayId=0
I/qdhwcomposer(  259): handle_blank_event: dpy:0 panel power state: 2
D/qdhwcomposer(  259): hwc_setPowerMode: Done setting mode 1 on display 0
D/SurfaceControl(  809): Excessive delay in setPowerMode(): 252ms
I/DisplayPowerController(  809): Unblocked screen on after 285 ms
I/PowerManagerService(  809): Waking up from dozing (uid 10029)...
V/KeyguardServiceDelegate(  809): onScreenTurnedOn(showListener = com.android.internal.policy.impl.PhoneWindowManager$2@2f6b2f4d)
I/DisplayManagerService(  809): Display device changed: DisplayDeviceInfo{"Built-in Screen": uniqueId="local:0", 1440 x 2560, 60.0 fps, supportedRefreshRates [60.0], density 560, 494.27 x 492.606 dpi, appVsyncOff 7500000, presDeadline 12666667, touch INTERNAL, rotation 0, type BUILT_IN, state ON, FLAG_DEFAULT_DISPLAY, FLAG_ROTATES_WITH_CONTENT, FLAG_SECURE, FLAG_SUPPORTS_PROTECTED_BUFFERS}
D/SurfaceFlinger(  259): Set power mode=2, type=0 flinger=0xb6082000
D/qdhwcomposer(  259): hwc_setPowerMode: Setting mode 2 on display: 0
I/qdhwcomposer(  259): handle_blank_event: dpy:0 panel power state: 1
D/qdhwcomposer(  259): hwc_setPowerMode: Done setting mode 2 on display 0
V/ActivityManager(  809): Display changed displayId=0
I/DreamManagerService(  809): Gently waking up from dream.
D/audio_hw_primary(  361): adev_set_parameters: enter: screen_state=on
D/mot_vr_audio_hw(  361): adev_set_parameters: screen_state=on
E/WifiStateMachine(  809): cancelDelayedScan -> 7779
E/native  (  809): do suspend false
I/DreamManagerService(  809): Leaving dreamland.
I/DreamController(  809): Stopping dream: name=ComponentInfo{com.android.systemui/com.android.systemui.doze.DozeService}, isTest=false, canDoze=true, userId=0
V/KeyguardServiceDelegate(  809): **** SHOWN CALLED ****
D/PhoneStatusBar(29970): disable: < expand ICONS alerts SYSTEM_INFO back HOME RECENT clock SEARCH >
D/PhoneStatusBar(29970): disable: < expand icons* alerts system_info* back HOME RECENT clock SEARCH >
D/BluetoothAdapter(29970): 650156838: getState() :  mService = null. Returning STATE_OFF
D/BluetoothAdapter(29970): 650156838: getState() :  mService = null. Returning STATE_OFF
D/CordovaActivity(18891): Resuming the App
V/UserPresentBroadcastReceiver(21153): Received Intent { act=android.intent.action.USER_PRESENT flg=0x24000010 cmp=com.google.android.gms/.auth.trustagent.UserPresentBroadcastReceiver }.
D/PhoneStatusBar(29970): disable: < expand icons alerts system_info back home* recent* clock search* >
W/InputMethodManagerService(  809): Window already focused, ignoring focus gain of: com.android.internal.view.IInputMethodClient$Stub$Proxy@64c105b attribute=android.view.inputmethod.EditorInfo@1cc0e0f8, token = android.os.BinderProxy@2ebed6eb
D/WifiService(  809): acquireWifiLockLocked: WifiLock{NlpWifiLock type=2 binder=android.os.BinderProxy@49f14a4}
E/WifiStateMachine(  809): WifiStateMachine CMD_START_SCAN source 10014 txSuccessRate=23.50 rxSuccessRate=24.50 targetRoamBSSID=any RSSI=-40
I/art     (  809): Explicit concurrent mark sweep GC freed 50779(2MB) AllocSpace objects, 15(1988KB) LOS objects, 19% free, 66MB/82MB, paused 3.394ms total 134.276ms
E/WifiStateMachine(  809): WifiStateMachine CMD_START_SCAN source -2 txSuccessRate=12.75 rxSuccessRate=12.75 targetRoamBSSID=any RSSI=-40
E/WifiStateMachine(  809): WifiStateMachine starting scan for "darrel"WPA_PSK with 5745,2437
D/WifiService(  809): releaseWifiLockLocked: WifiLock{NlpWifiLock type=2 binder=android.os.BinderProxy@49f14a4}
E/LocSvc_IzatApiV02(  809): E/virtual int izat_core::IzatApiV02::injectLocation(GpsExtLocation):857]: error! inject position failed
W/ResourceType(29970): No package identifier when getting value for resource number 0x00000000
W/PackageManager(29970): Failure retrieving resources for com.ionicframework.comrevivalxionicpush778226: Resource ID #0x0
I/ActivityManager(  809): START u0 {act=com.android.systemui.recents.SHOW_RECENTS flg=0x10804000 cmp=com.android.systemui/.recents.RecentsActivity} from uid 10029 on display 0
D/CordovaActivity(18891): Paused the application!
D/CordovaWebView(18891): Handle the pause
W/IInputConnectionWrapper(18891): showStatusIcon on inactive InputConnection
W/SurfaceFlinger(  259): couldn't log to binary event log: overflow.
D/CordovaActivity(18891): CordovaActivity.onDestroy()
D/CordovaWebView(18891): >>> loadUrlNow()
I/ActivityManager(  809): Killing 18891:com.ionicframework.comrevivalxionicpush778226/u0a96 (adj 11): remove task
