I/DisplayManagerService(  809): Display device changed: DisplayDeviceInfo{"Built-in Screen": uniqueId="local:0", 1440 x 2560, 60.0 fps, supportedRefreshRates [60.0], density 560, 494.27 x 492.606 dpi, appVsyncOff 7500000, presDeadline 12666667, touch INTERNAL, rotation 0, type BUILT_IN, state DOZE, FLAG_DEFAULT_DISPLAY, FLAG_ROTATES_WITH_CONTENT, FLAG_SECURE, FLAG_SUPPORTS_PROTECTED_BUFFERS}
V/ActivityManager(  809): Display changed displayId=0
I/DisplayPowerController(  809): Unblocked screen on after 282 ms
I/DisplayManagerService(  809): Display device changed: DisplayDeviceInfo{"Built-in Screen": uniqueId="local:0", 1440 x 2560, 60.0 fps, supportedRefreshRates [60.0], density 560, 494.27 x 492.606 dpi, appVsyncOff 7500000, presDeadline 12666667, touch INTERNAL, rotation 0, type BUILT_IN, state OFF, FLAG_DEFAULT_DISPLAY, FLAG_ROTATES_WITH_CONTENT, FLAG_SECURE, FLAG_SUPPORTS_PROTECTED_BUFFERS}
V/ActivityManager(  809): Display changed displayId=0
E/NetlinkEvent(  357): NetlinkEvent::FindParam(): Parameter 'INTERFACE' not found
E/NetlinkEvent(  357): NetlinkEvent::FindParam(): Parameter 'TIME_NS' not found
E/NetdConnector(  809): Error handling '613 IfaceClass active (null)': java.lang.NumberFormatException: Invalid int: "(null)"
E/NetlinkEvent(  357): NetlinkEvent::FindParam(): Parameter 'INTERFACE' not found
E/NetlinkEvent(  357): NetlinkEvent::FindParam(): Parameter 'TIME_NS' not found
E/NetdConnector(  809): Error handling '613 IfaceClass idle (null)': java.lang.NumberFormatException: Invalid int: "(null)"
D/WifiService(  809): acquireWifiLockLocked: WifiLock{NlpWifiLock type=2 binder=android.os.BinderProxy@15f6a543}
D/WifiService(  809): releaseWifiLockLocked: WifiLock{NlpWifiLock type=2 binder=android.os.BinderProxy@15f6a543}
E/NetlinkEvent(  357): NetlinkEvent::FindParam(): Parameter 'INTERFACE' not found
E/NetlinkEvent(  357): NetlinkEvent::FindParam(): Parameter 'TIME_NS' not found
E/NetdConnector(  809): Error handling '613 IfaceClass active (null)': java.lang.NumberFormatException: Invalid int: "(null)"
E/NetlinkEvent(  357): NetlinkEvent::FindParam(): Parameter 'INTERFACE' not found
E/NetlinkEvent(  357): NetlinkEvent::FindParam(): Parameter 'TIME_NS' not found
E/NetdConnector(  809): Error handling '613 IfaceClass idle (null)': java.lang.NumberFormatException: Invalid int: "(null)"
E/NetlinkEvent(  357): NetlinkEvent::FindParam(): Parameter 'INTERFACE' not found
E/NetlinkEvent(  357): NetlinkEvent::FindParam(): Parameter 'TIME_NS' not found
E/NetdConnector(  809): Error handling '613 IfaceClass active (null)': java.lang.NumberFormatException: Invalid int: "(null)"
W/ProcessStats(  809): Time val negative: -78044
W/ProcessStats(  809): Time val negative: -17794
D/WifiService(  809): acquireWifiLockLocked: WifiLock{NlpWifiLock type=2 binder=android.os.BinderProxy@15f6a543}
I/ProcessStatsService(  809): Prepared write state in 19ms
W/ProcessStats(  809): Time val negative: -78044
W/ProcessStats(  809): Time val negative: -17794
I/ProcessStatsService(  809): Prepared write state in 12ms
W/ProcessStats(  809): Time val negative: -78044
W/ProcessStats(  809): Time val negative: -17794
I/ProcessStatsService(  809): Prepared write state in 8ms
W/ProcessStats(  809): Time val negative: -78044
W/ProcessStats(  809): Time val negative: -17794
I/ProcessStatsService(  809): Prepared write state in 9ms
D/WifiService(  809): releaseWifiLockLocked: WifiLock{NlpWifiLock type=2 binder=android.os.BinderProxy@15f6a543}
E/NetlinkEvent(  357): NetlinkEvent::FindParam(): Parameter 'INTERFACE' not found
E/NetlinkEvent(  357): NetlinkEvent::FindParam(): Parameter 'TIME_NS' not found
E/NetdConnector(  809): Error handling '613 IfaceClass idle (null)': java.lang.NumberFormatException: Invalid int: "(null)"
E/NetlinkEvent(  357): NetlinkEvent::FindParam(): Parameter 'INTERFACE' not found
E/NetlinkEvent(  357): NetlinkEvent::FindParam(): Parameter 'TIME_NS' not found
E/NetdConnector(  809): Error handling '613 IfaceClass active (null)': java.lang.NumberFormatException: Invalid int: "(null)"
E/NetlinkEvent(  357): NetlinkEvent::FindParam(): Parameter 'INTERFACE' not found
E/NetlinkEvent(  357): NetlinkEvent::FindParam(): Parameter 'TIME_NS' not found
E/NetdConnector(  809): Error handling '613 IfaceClass idle (null)': java.lang.NumberFormatException: Invalid int: "(null)"
D/WifiService(  809): acquireWifiLockLocked: WifiLock{NlpWifiLock type=2 binder=android.os.BinderProxy@15f6a543}
D/WifiService(  809): releaseWifiLockLocked: WifiLock{NlpWifiLock type=2 binder=android.os.BinderProxy@15f6a543}
E/NetlinkEvent(  357): NetlinkEvent::FindParam(): Parameter 'INTERFACE' not found
E/NetlinkEvent(  357): NetlinkEvent::FindParam(): Parameter 'TIME_NS' not found
E/NetdConnector(  809): Error handling '613 IfaceClass active (null)': java.lang.NumberFormatException: Invalid int: "(null)"
E/NetlinkEvent(  357): NetlinkEvent::FindParam(): Parameter 'INTERFACE' not found
E/NetlinkEvent(  357): NetlinkEvent::FindParam(): Parameter 'TIME_NS' not found
E/NetdConnector(  809): Error handling '613 IfaceClass idle (null)': java.lang.NumberFormatException: Invalid int: "(null)"
E/NetlinkEvent(  357): NetlinkEvent::FindParam(): Parameter 'INTERFACE' not found
E/NetlinkEvent(  357): NetlinkEvent::FindParam(): Parameter 'TIME_NS' not found
E/NetdConnector(  809): Error handling '613 IfaceClass active (null)': java.lang.NumberFormatException: Invalid int: "(null)"
E/NetlinkEvent(  357): NetlinkEvent::FindParam(): Parameter 'INTERFACE' not found
E/NetlinkEvent(  357): NetlinkEvent::FindParam(): Parameter 'TIME_NS' not found
E/NetdConnector(  809): Error handling '613 IfaceClass idle (null)': java.lang.NumberFormatException: Invalid int: "(null)"
E/NetlinkEvent(  357): NetlinkEvent::FindParam(): Parameter 'INTERFACE' not found
E/NetlinkEvent(  357): NetlinkEvent::FindParam(): Parameter 'TIME_NS' not found
E/NetdConnector(  809): Error handling '613 IfaceClass active (null)': java.lang.NumberFormatException: Invalid int: "(null)"
D/WifiService(  809): acquireWifiLockLocked: WifiLock{NlpWifiLock type=2 binder=android.os.BinderProxy@15f6a543}
E/NetlinkEvent(  357): NetlinkEvent::FindParam(): Parameter 'INTERFACE' not found
E/NetlinkEvent(  357): NetlinkEvent::FindParam(): Parameter 'TIME_NS' not found
E/NetdConnector(  809): Error handling '613 IfaceClass idle (null)': java.lang.NumberFormatException: Invalid int: "(null)"
D/WifiService(  809): releaseWifiLockLocked: WifiLock{NlpWifiLock type=2 binder=android.os.BinderProxy@15f6a543}
E/NetlinkEvent(  357): NetlinkEvent::FindParam(): Parameter 'INTERFACE' not found
E/NetlinkEvent(  357): NetlinkEvent::FindParam(): Parameter 'TIME_NS' not found
E/NetdConnector(  809): Error handling '613 IfaceClass active (null)': java.lang.NumberFormatException: Invalid int: "(null)"
E/NetlinkEvent(  357): NetlinkEvent::FindParam(): Parameter 'INTERFACE' not found
E/NetlinkEvent(  357): NetlinkEvent::FindParam(): Parameter 'TIME_NS' not found
E/NetdConnector(  809): Error handling '613 IfaceClass idle (null)': java.lang.NumberFormatException: Invalid int: "(null)"
E/NetlinkEvent(  357): NetlinkEvent::FindParam(): Parameter 'INTERFACE' not found
E/NetlinkEvent(  357): NetlinkEvent::FindParam(): Parameter 'TIME_NS' not found
E/NetdConnector(  809): Error handling '613 IfaceClass active (null)': java.lang.NumberFormatException: Invalid int: "(null)"
E/NetlinkEvent(  357): NetlinkEvent::FindParam(): Parameter 'INTERFACE' not found
E/NetlinkEvent(  357): NetlinkEvent::FindParam(): Parameter 'TIME_NS' not found
E/NetdConnector(  809): Error handling '613 IfaceClass idle (null)': java.lang.NumberFormatException: Invalid int: "(null)"
D/WifiService(  809): acquireWifiLockLocked: WifiLock{NlpWifiLock type=2 binder=android.os.BinderProxy@15f6a543}
D/WifiService(  809): releaseWifiLockLocked: WifiLock{NlpWifiLock type=2 binder=android.os.BinderProxy@15f6a543}
E/NetlinkEvent(  357): NetlinkEvent::FindParam(): Parameter 'INTERFACE' not found
E/NetlinkEvent(  357): NetlinkEvent::FindParam(): Parameter 'TIME_NS' not found
E/NetdConnector(  809): Error handling '613 IfaceClass active (null)': java.lang.NumberFormatException: Invalid int: "(null)"
E/NetlinkEvent(  357): NetlinkEvent::FindParam(): Parameter 'INTERFACE' not found
E/NetlinkEvent(  357): NetlinkEvent::FindParam(): Parameter 'TIME_NS' not found
E/NetdConnector(  809): Error handling '613 IfaceClass idle (null)': java.lang.NumberFormatException: Invalid int: "(null)"
E/NetlinkEvent(  357): NetlinkEvent::FindParam(): Parameter 'INTERFACE' not found
E/NetlinkEvent(  357): NetlinkEvent::FindParam(): Parameter 'TIME_NS' not found
E/NetdConnector(  809): Error handling '613 IfaceClass active (null)': java.lang.NumberFormatException: Invalid int: "(null)"
E/NetlinkEvent(  357): NetlinkEvent::FindParam(): Parameter 'INTERFACE' not found
E/NetlinkEvent(  357): NetlinkEvent::FindParam(): Parameter 'TIME_NS' not found
E/NetdConnector(  809): Error handling '613 IfaceClass idle (null)': java.lang.NumberFormatException: Invalid int: "(null)"
D/WifiService(  809): acquireWifiLockLocked: WifiLock{NlpWifiLock type=2 binder=android.os.BinderProxy@15f6a543}
D/WifiService(  809): releaseWifiLockLocked: WifiLock{NlpWifiLock type=2 binder=android.os.BinderProxy@15f6a543}
W/ActivityManager(  809): Permission Denial: Accessing service ComponentInfo{com.google.android.music/com.google.android.music.dial.DialMediaRouteProviderService} from pid=4959, uid=10034 that is not exported from uid 10073
E/NetlinkEvent(  357): NetlinkEvent::FindParam(): Parameter 'INTERFACE' not found
E/NetlinkEvent(  357): NetlinkEvent::FindParam(): Parameter 'TIME_NS' not found
E/NetdConnector(  809): Error handling '613 IfaceClass active (null)': java.lang.NumberFormatException: Invalid int: "(null)"
D/WifiService(  809): acquireWifiLockLocked: WifiLock{NlpWifiLock type=2 binder=android.os.BinderProxy@15f6a543}
D/WifiService(  809): releaseWifiLockLocked: WifiLock{NlpWifiLock type=2 binder=android.os.BinderProxy@15f6a543}
E/NetlinkEvent(  357): NetlinkEvent::FindParam(): Parameter 'INTERFACE' not found
E/NetlinkEvent(  357): NetlinkEvent::FindParam(): Parameter 'TIME_NS' not found
E/NetdConnector(  809): Error handling '613 IfaceClass idle (null)': java.lang.NumberFormatException: Invalid int: "(null)"
E/NetlinkEvent(  357): NetlinkEvent::FindParam(): Parameter 'INTERFACE' not found
E/NetlinkEvent(  357): NetlinkEvent::FindParam(): Parameter 'TIME_NS' not found
E/NetdConnector(  809): Error handling '613 IfaceClass active (null)': java.lang.NumberFormatException: Invalid int: "(null)"
E/NetlinkEvent(  357): NetlinkEvent::FindParam(): Parameter 'INTERFACE' not found
E/NetlinkEvent(  357): NetlinkEvent::FindParam(): Parameter 'TIME_NS' not found
E/NetdConnector(  809): Error handling '613 IfaceClass idle (null)': java.lang.NumberFormatException: Invalid int: "(null)"
E/NetlinkEvent(  357): NetlinkEvent::FindParam(): Parameter 'INTERFACE' not found
E/NetlinkEvent(  357): NetlinkEvent::FindParam(): Parameter 'TIME_NS' not found
E/NetdConnector(  809): Error handling '613 IfaceClass active (null)': java.lang.NumberFormatException: Invalid int: "(null)"
E/NetlinkEvent(  357): NetlinkEvent::FindParam(): Parameter 'INTERFACE' not found
E/NetlinkEvent(  357): NetlinkEvent::FindParam(): Parameter 'TIME_NS' not found
E/NetdConnector(  809): Error handling '613 IfaceClass idle (null)': java.lang.NumberFormatException: Invalid int: "(null)"
E/NetlinkEvent(  357): NetlinkEvent::FindParam(): Parameter 'INTERFACE' not found
E/NetlinkEvent(  357): NetlinkEvent::FindParam(): Parameter 'TIME_NS' not found
E/NetdConnector(  809): Error handling '613 IfaceClass active (null)': java.lang.NumberFormatException: Invalid int: "(null)"
E/NetlinkEvent(  357): NetlinkEvent::FindParam(): Parameter 'INTERFACE' not found
E/NetlinkEvent(  357): NetlinkEvent::FindParam(): Parameter 'TIME_NS' not found
E/NetdConnector(  809): Error handling '613 IfaceClass idle (null)': java.lang.NumberFormatException: Invalid int: "(null)"
D/WifiService(  809): acquireWifiLockLocked: WifiLock{NlpWifiLock type=2 binder=android.os.BinderProxy@15f6a543}
D/WifiService(  809): releaseWifiLockLocked: WifiLock{NlpWifiLock type=2 binder=android.os.BinderProxy@15f6a543}
E/NetlinkEvent(  357): NetlinkEvent::FindParam(): Parameter 'INTERFACE' not found
E/NetlinkEvent(  357): NetlinkEvent::FindParam(): Parameter 'TIME_NS' not found
E/NetdConnector(  809): Error handling '613 IfaceClass active (null)': java.lang.NumberFormatException: Invalid int: "(null)"
E/NetlinkEvent(  357): NetlinkEvent::FindParam(): Parameter 'INTERFACE' not found
E/NetlinkEvent(  357): NetlinkEvent::FindParam(): Parameter 'TIME_NS' not found
E/NetdConnector(  809): Error handling '613 IfaceClass idle (null)': java.lang.NumberFormatException: Invalid int: "(null)"
D/WifiService(  809): acquireWifiLockLocked: WifiLock{NlpWifiLock type=2 binder=android.os.BinderProxy@15f6a543}
D/WifiService(  809): releaseWifiLockLocked: WifiLock{NlpWifiLock type=2 binder=android.os.BinderProxy@15f6a543}
E/NetlinkEvent(  357): NetlinkEvent::FindParam(): Parameter 'INTERFACE' not found
E/NetlinkEvent(  357): NetlinkEvent::FindParam(): Parameter 'TIME_NS' not found
E/NetdConnector(  809): Error handling '613 IfaceClass active (null)': java.lang.NumberFormatException: Invalid int: "(null)"
E/NetlinkEvent(  357): NetlinkEvent::FindParam(): Parameter 'INTERFACE' not found
E/NetlinkEvent(  357): NetlinkEvent::FindParam(): Parameter 'TIME_NS' not found
E/NetdConnector(  809): Error handling '613 IfaceClass idle (null)': java.lang.NumberFormatException: Invalid int: "(null)"
D/WifiService(  809): acquireWifiLockLocked: WifiLock{NlpWifiLock type=2 binder=android.os.BinderProxy@2ab60ec5}
E/NetlinkEvent(  357): NetlinkEvent::FindParam(): Parameter 'INTERFACE' not found
E/NetlinkEvent(  357): NetlinkEvent::FindParam(): Parameter 'TIME_NS' not found
E/NetdConnector(  809): Error handling '613 IfaceClass active (null)': java.lang.NumberFormatException: Invalid int: "(null)"
D/WifiService(  809): releaseWifiLockLocked: WifiLock{NlpWifiLock type=2 binder=android.os.BinderProxy@2ab60ec5}
E/NetlinkEvent(  357): NetlinkEvent::FindParam(): Parameter 'INTERFACE' not found
E/NetlinkEvent(  357): NetlinkEvent::FindParam(): Parameter 'TIME_NS' not found
E/NetdConnector(  809): Error handling '613 IfaceClass idle (null)': java.lang.NumberFormatException: Invalid int: "(null)"
E/NetlinkEvent(  357): NetlinkEvent::FindParam(): Parameter 'INTERFACE' not found
E/NetlinkEvent(  357): NetlinkEvent::FindParam(): Parameter 'TIME_NS' not found
E/NetdConnector(  809): Error handling '613 IfaceClass active (null)': java.lang.NumberFormatException: Invalid int: "(null)"
E/NetlinkEvent(  357): NetlinkEvent::FindParam(): Parameter 'INTERFACE' not found
E/NetlinkEvent(  357): NetlinkEvent::FindParam(): Parameter 'TIME_NS' not found
E/NetdConnector(  809): Error handling '613 IfaceClass idle (null)': java.lang.NumberFormatException: Invalid int: "(null)"
E/NetlinkEvent(  357): NetlinkEvent::FindParam(): Parameter 'INTERFACE' not found
E/NetlinkEvent(  357): NetlinkEvent::FindParam(): Parameter 'TIME_NS' not found
E/NetdConnector(  809): Error handling '613 IfaceClass active (null)': java.lang.NumberFormatException: Invalid int: "(null)"
E/NetlinkEvent(  357): NetlinkEvent::FindParam(): Parameter 'INTERFACE' not found
E/NetlinkEvent(  357): NetlinkEvent::FindParam(): Parameter 'TIME_NS' not found
E/NetdConnector(  809): Error handling '613 IfaceClass idle (null)': java.lang.NumberFormatException: Invalid int: "(null)"
D/WifiService(  809): acquireWifiLockLocked: WifiLock{NlpWifiLock type=2 binder=android.os.BinderProxy@15f6a543}
D/WifiService(  809): releaseWifiLockLocked: WifiLock{NlpWifiLock type=2 binder=android.os.BinderProxy@15f6a543}
E/NetlinkEvent(  357): NetlinkEvent::FindParam(): Parameter 'INTERFACE' not found
E/NetlinkEvent(  357): NetlinkEvent::FindParam(): Parameter 'TIME_NS' not found
E/NetdConnector(  809): Error handling '613 IfaceClass active (null)': java.lang.NumberFormatException: Invalid int: "(null)"
E/NetlinkEvent(  357): NetlinkEvent::FindParam(): Parameter 'INTERFACE' not found
E/NetlinkEvent(  357): NetlinkEvent::FindParam(): Parameter 'TIME_NS' not found
E/NetdConnector(  809): Error handling '613 IfaceClass idle (null)': java.lang.NumberFormatException: Invalid int: "(null)"
E/NetlinkEvent(  357): NetlinkEvent::FindParam(): Parameter 'INTERFACE' not found
E/NetlinkEvent(  357): NetlinkEvent::FindParam(): Parameter 'TIME_NS' not found
E/NetdConnector(  809): Error handling '613 IfaceClass active (null)': java.lang.NumberFormatException: Invalid int: "(null)"
D/WifiService(  809): acquireWifiLockLocked: WifiLock{NlpWifiLock type=2 binder=android.os.BinderProxy@15f6a543}
D/WifiService(  809): releaseWifiLockLocked: WifiLock{NlpWifiLock type=2 binder=android.os.BinderProxy@15f6a543}
E/NetlinkEvent(  357): NetlinkEvent::FindParam(): Parameter 'INTERFACE' not found
E/NetlinkEvent(  357): NetlinkEvent::FindParam(): Parameter 'TIME_NS' not found
E/NetdConnector(  809): Error handling '613 IfaceClass idle (null)': java.lang.NumberFormatException: Invalid int: "(null)"
E/NetlinkEvent(  357): NetlinkEvent::FindParam(): Parameter 'INTERFACE' not found
E/NetlinkEvent(  357): NetlinkEvent::FindParam(): Parameter 'TIME_NS' not found
E/NetdConnector(  809): Error handling '613 IfaceClass active (null)': java.lang.NumberFormatException: Invalid int: "(null)"
E/NetlinkEvent(  357): NetlinkEvent::FindParam(): Parameter 'INTERFACE' not found
E/NetlinkEvent(  357): NetlinkEvent::FindParam(): Parameter 'TIME_NS' not found
E/NetdConnector(  809): Error handling '613 IfaceClass idle (null)': java.lang.NumberFormatException: Invalid int: "(null)"
E/NetlinkEvent(  357): NetlinkEvent::FindParam(): Parameter 'INTERFACE' not found
E/NetlinkEvent(  357): NetlinkEvent::FindParam(): Parameter 'TIME_NS' not found
E/NetdConnector(  809): Error handling '613 IfaceClass active (null)': java.lang.NumberFormatException: Invalid int: "(null)"
E/NetlinkEvent(  357): NetlinkEvent::FindParam(): Parameter 'INTERFACE' not found
E/NetlinkEvent(  357): NetlinkEvent::FindParam(): Parameter 'TIME_NS' not found
E/NetdConnector(  809): Error handling '613 IfaceClass idle (null)': java.lang.NumberFormatException: Invalid int: "(null)"
E/NetlinkEvent(  357): NetlinkEvent::FindParam(): Parameter 'INTERFACE' not found
E/NetlinkEvent(  357): NetlinkEvent::FindParam(): Parameter 'TIME_NS' not found
E/NetdConnector(  809): Error handling '613 IfaceClass active (null)': java.lang.NumberFormatException: Invalid int: "(null)"
I/DisplayPowerController(  809): Blocking screen on until initial contents have been drawn.
I/DisplayManagerService(  809): Display device changed: DisplayDeviceInfo{"Built-in Screen": uniqueId="local:0", 1440 x 2560, 60.0 fps, supportedRefreshRates [60.0], density 560, 494.27 x 492.606 dpi, appVsyncOff 7500000, presDeadline 12666667, touch INTERNAL, rotation 0, type BUILT_IN, state DOZE, FLAG_DEFAULT_DISPLAY, FLAG_ROTATES_WITH_CONTENT, FLAG_SECURE, FLAG_SUPPORTS_PROTECTED_BUFFERS}
V/ActivityManager(  809): Display changed displayId=0
I/DisplayPowerController(  809): Unblocked screen on after 276 ms
E/NetlinkEvent(  357): NetlinkEvent::FindParam(): Parameter 'INTERFACE' not found
E/NetlinkEvent(  357): NetlinkEvent::FindParam(): Parameter 'TIME_NS' not found
E/NetdConnector(  809): Error handling '613 IfaceClass idle (null)': java.lang.NumberFormatException: Invalid int: "(null)"
I/DisplayManagerService(  809): Display device changed: DisplayDeviceInfo{"Built-in Screen": uniqueId="local:0", 1440 x 2560, 60.0 fps, supportedRefreshRates [60.0], density 560, 494.27 x 492.606 dpi, appVsyncOff 7500000, presDeadline 12666667, touch INTERNAL, rotation 0, type BUILT_IN, state OFF, FLAG_DEFAULT_DISPLAY, FLAG_ROTATES_WITH_CONTENT, FLAG_SECURE, FLAG_SUPPORTS_PROTECTED_BUFFERS}
V/ActivityManager(  809): Display changed displayId=0
I/DisplayPowerController(  809): Blocking screen on until initial contents have been drawn.
I/DisplayManagerService(  809): Display device changed: DisplayDeviceInfo{"Built-in Screen": uniqueId="local:0", 1440 x 2560, 60.0 fps, supportedRefreshRates [60.0], density 560, 494.27 x 492.606 dpi, appVsyncOff 7500000, presDeadline 12666667, touch INTERNAL, rotation 0, type BUILT_IN, state DOZE, FLAG_DEFAULT_DISPLAY, FLAG_ROTATES_WITH_CONTENT, FLAG_SECURE, FLAG_SUPPORTS_PROTECTED_BUFFERS}
V/ActivityManager(  809): Display changed displayId=0
I/DisplayPowerController(  809): Unblocked screen on after 273 ms
E/NetlinkEvent(  357): NetlinkEvent::FindParam(): Parameter 'INTERFACE' not found
E/NetlinkEvent(  357): NetlinkEvent::FindParam(): Parameter 'TIME_NS' not found
E/NetdConnector(  809): Error handling '613 IfaceClass active (null)': java.lang.NumberFormatException: Invalid int: "(null)"
I/DisplayManagerService(  809): Display device changed: DisplayDeviceInfo{"Built-in Screen": uniqueId="local:0", 1440 x 2560, 60.0 fps, supportedRefreshRates [60.0], density 560, 494.27 x 492.606 dpi, appVsyncOff 7500000, presDeadline 12666667, touch INTERNAL, rotation 0, type BUILT_IN, state OFF, FLAG_DEFAULT_DISPLAY, FLAG_ROTATES_WITH_CONTENT, FLAG_SECURE, FLAG_SUPPORTS_PROTECTED_BUFFERS}
V/ActivityManager(  809): Display changed displayId=0
I/PowerManagerService(  809): Waking up from dozing (uid 1000)...
I/DisplayPowerController(  809): Blocking screen on until initial contents have been drawn.
I/DisplayManagerService(  809): Display device changed: DisplayDeviceInfo{"Built-in Screen": uniqueId="local:0", 1440 x 2560, 60.0 fps, supportedRefreshRates [60.0], density 560, 494.27 x 492.606 dpi, appVsyncOff 7500000, presDeadline 12666667, touch INTERNAL, rotation 0, type BUILT_IN, state ON, FLAG_DEFAULT_DISPLAY, FLAG_ROTATES_WITH_CONTENT, FLAG_SECURE, FLAG_SUPPORTS_PROTECTED_BUFFERS}
V/ActivityManager(  809): Display changed displayId=0
I/DisplayPowerController(  809): Unblocked screen on after 254 ms
I/DreamManagerService(  809): Gently waking up from dream.
I/DreamManagerService(  809): Leaving dreamland.
I/DreamController(  809): Stopping dream: name=ComponentInfo{com.android.systemui/com.android.systemui.doze.DozeService}, isTest=false, canDoze=true, userId=0
E/NetlinkEvent(  357): NetlinkEvent::FindParam(): Parameter 'INTERFACE' not found
E/NetlinkEvent(  357): NetlinkEvent::FindParam(): Parameter 'TIME_NS' not found
E/NetdConnector(  809): Error handling '613 IfaceClass idle (null)': java.lang.NumberFormatException: Invalid int: "(null)"
E/NetlinkEvent(  357): NetlinkEvent::FindParam(): Parameter 'INTERFACE' not found
E/NetlinkEvent(  357): NetlinkEvent::FindParam(): Parameter 'TIME_NS' not found
E/NetdConnector(  809): Error handling '613 IfaceClass active (null)': java.lang.NumberFormatException: Invalid int: "(null)"
E/NetlinkEvent(  357): NetlinkEvent::FindParam(): Parameter 'INTERFACE' not found
E/NetlinkEvent(  357): NetlinkEvent::FindParam(): Parameter 'TIME_NS' not found
E/NetdConnector(  809): Error handling '613 IfaceClass idle (null)': java.lang.NumberFormatException: Invalid int: "(null)"
I/PowerManagerService(  809): Going to sleep due to screen timeout (uid 1000)...
I/DisplayManagerService(  809): Display device changed: DisplayDeviceInfo{"Built-in Screen": uniqueId="local:0", 1440 x 2560, 60.0 fps, supportedRefreshRates [60.0], density 560, 494.27 x 492.606 dpi, appVsyncOff 7500000, presDeadline 12666667, touch INTERNAL, rotation 0, type BUILT_IN, state OFF, FLAG_DEFAULT_DISPLAY, FLAG_ROTATES_WITH_CONTENT, FLAG_SECURE, FLAG_SUPPORTS_PROTECTED_BUFFERS}
V/ActivityManager(  809): Display changed displayId=0
I/DreamManagerService(  809): Entering dreamland.
I/PowerManagerService(  809): Dozing...
I/DreamController(  809): Starting dream: name=ComponentInfo{com.android.systemui/com.android.systemui.doze.DozeService}, isTest=false, canDoze=true, userId=0
E/NetlinkEvent(  357): NetlinkEvent::FindParam(): Parameter 'INTERFACE' not found
E/NetlinkEvent(  357): NetlinkEvent::FindParam(): Parameter 'TIME_NS' not found
E/NetdConnector(  809): Error handling '613 IfaceClass active (null)': java.lang.NumberFormatException: Invalid int: "(null)"
I/PowerManagerService(  809): Waking up from dozing (uid 1000)...
I/DisplayPowerController(  809): Blocking screen on until initial contents have been drawn.
I/DisplayManagerService(  809): Display device changed: DisplayDeviceInfo{"Built-in Screen": uniqueId="local:0", 1440 x 2560, 60.0 fps, supportedRefreshRates [60.0], density 560, 494.27 x 492.606 dpi, appVsyncOff 7500000, presDeadline 12666667, touch INTERNAL, rotation 0, type BUILT_IN, state ON, FLAG_DEFAULT_DISPLAY, FLAG_ROTATES_WITH_CONTENT, FLAG_SECURE, FLAG_SUPPORTS_PROTECTED_BUFFERS}
V/ActivityManager(  809): Display changed displayId=0
I/DisplayPowerController(  809): Unblocked screen on after 256 ms
I/DreamManagerService(  809): Gently waking up from dream.
I/DreamManagerService(  809): Leaving dreamland.
I/DreamController(  809): Stopping dream: name=ComponentInfo{com.android.systemui/com.android.systemui.doze.DozeService}, isTest=false, canDoze=true, userId=0
I/PowerManagerService(  809): Going to sleep due to power button (uid 1000)...
E/NetlinkEvent(  357): NetlinkEvent::FindParam(): Parameter 'INTERFACE' not found
E/NetlinkEvent(  357): NetlinkEvent::FindParam(): Parameter 'TIME_NS' not found
E/NetdConnector(  809): Error handling '613 IfaceClass idle (null)': java.lang.NumberFormatException: Invalid int: "(null)"
I/DisplayManagerService(  809): Display device changed: DisplayDeviceInfo{"Built-in Screen": uniqueId="local:0", 1440 x 2560, 60.0 fps, supportedRefreshRates [60.0], density 560, 494.27 x 492.606 dpi, appVsyncOff 7500000, presDeadline 12666667, touch INTERNAL, rotation 0, type BUILT_IN, state OFF, FLAG_DEFAULT_DISPLAY, FLAG_ROTATES_WITH_CONTENT, FLAG_SECURE, FLAG_SUPPORTS_PROTECTED_BUFFERS}
V/ActivityManager(  809): Display changed displayId=0
I/DreamManagerService(  809): Entering dreamland.
I/PowerManagerService(  809): Dozing...
I/DreamController(  809): Starting dream: name=ComponentInfo{com.android.systemui/com.android.systemui.doze.DozeService}, isTest=false, canDoze=true, userId=0
E/NetlinkEvent(  357): NetlinkEvent::FindParam(): Parameter 'INTERFACE' not found
E/NetlinkEvent(  357): NetlinkEvent::FindParam(): Parameter 'TIME_NS' not found
E/NetdConnector(  809): Error handling '613 IfaceClass active (null)': java.lang.NumberFormatException: Invalid int: "(null)"
E/NetlinkEvent(  357): NetlinkEvent::FindParam(): Parameter 'INTERFACE' not found
E/NetlinkEvent(  357): NetlinkEvent::FindParam(): Parameter 'TIME_NS' not found
E/NetdConnector(  809): Error handling '613 IfaceClass idle (null)': java.lang.NumberFormatException: Invalid int: "(null)"
E/NetlinkEvent(  357): NetlinkEvent::FindParam(): Parameter 'INTERFACE' not found
E/NetlinkEvent(  357): NetlinkEvent::FindParam(): Parameter 'TIME_NS' not found
E/NetdConnector(  809): Error handling '613 IfaceClass active (null)': java.lang.NumberFormatException: Invalid int: "(null)"
E/NetlinkEvent(  357): NetlinkEvent::FindParam(): Parameter 'INTERFACE' not found
E/NetlinkEvent(  357): NetlinkEvent::FindParam(): Parameter 'TIME_NS' not found
E/NetdConnector(  809): Error handling '613 IfaceClass idle (null)': java.lang.NumberFormatException: Invalid int: "(null)"
E/NetlinkEvent(  357): NetlinkEvent::FindParam(): Parameter 'INTERFACE' not found
E/NetlinkEvent(  357): NetlinkEvent::FindParam(): Parameter 'TIME_NS' not found
E/NetdConnector(  809): Error handling '613 IfaceClass active (null)': java.lang.NumberFormatException: Invalid int: "(null)"
E/NetlinkEvent(  357): NetlinkEvent::FindParam(): Parameter 'INTERFACE' not found
E/NetlinkEvent(  357): NetlinkEvent::FindParam(): Parameter 'TIME_NS' not found
E/NetdConnector(  809): Error handling '613 IfaceClass idle (null)': java.lang.NumberFormatException: Invalid int: "(null)"
E/NetlinkEvent(  357): NetlinkEvent::FindParam(): Parameter 'INTERFACE' not found
E/NetlinkEvent(  357): NetlinkEvent::FindParam(): Parameter 'TIME_NS' not found
E/NetdConnector(  809): Error handling '613 IfaceClass active (null)': java.lang.NumberFormatException: Invalid int: "(null)"
E/NetlinkEvent(  357): NetlinkEvent::FindParam(): Parameter 'INTERFACE' not found
E/NetlinkEvent(  357): NetlinkEvent::FindParam(): Parameter 'TIME_NS' not found
E/NetdConnector(  809): Error handling '613 IfaceClass idle (null)': java.lang.NumberFormatException: Invalid int: "(null)"
E/NetlinkEvent(  357): NetlinkEvent::FindParam(): Parameter 'INTERFACE' not found
E/NetlinkEvent(  357): NetlinkEvent::FindParam(): Parameter 'TIME_NS' not found
E/NetdConnector(  809): Error handling '613 IfaceClass active (null)': java.lang.NumberFormatException: Invalid int: "(null)"
E/NetlinkEvent(  357): NetlinkEvent::FindParam(): Parameter 'INTERFACE' not found
E/NetlinkEvent(  357): NetlinkEvent::FindParam(): Parameter 'TIME_NS' not found
E/NetdConnector(  809): Error handling '613 IfaceClass idle (null)': java.lang.NumberFormatException: Invalid int: "(null)"
E/NetlinkEvent(  357): NetlinkEvent::FindParam(): Parameter 'INTERFACE' not found
E/NetlinkEvent(  357): NetlinkEvent::FindParam(): Parameter 'TIME_NS' not found
E/NetdConnector(  809): Error handling '613 IfaceClass active (null)': java.lang.NumberFormatException: Invalid int: "(null)"
E/NetlinkEvent(  357): NetlinkEvent::FindParam(): Parameter 'INTERFACE' not found
E/NetlinkEvent(  357): NetlinkEvent::FindParam(): Parameter 'TIME_NS' not found
E/NetdConnector(  809): Error handling '613 IfaceClass idle (null)': java.lang.NumberFormatException: Invalid int: "(null)"
I/ActivityManager(  809): Killing 7615:com.google.android.apps.walletnfcrel/u0a36 (adj 15): empty for 1827s
I/ActivityManager(  809): Killing 7558:com.google.android.apps.cloudprint/u0a47 (adj 15): empty for 1827s
I/ActivityManager(  809): Killing 6688:com.google.android.apps.magazines/u0a74 (adj 15): empty for 1827s
I/ActivityManager(  809): Killing 4497:com.android.musicfx/u0a23 (adj 15): empty for 1827s
I/ActivityManager(  809): Killing 4289:android.process.acore/u0a7 (adj 10): empty for 1827s
D/CountryDetector(  809): No listener is left
I/ActivityManager(  809): Killing 7491:com.google.android.partnersetup/u0a19 (adj 15): empty for 1827s
I/ActivityManager(  809): Killing 4265:com.google.android.dialer/u0a16 (adj 10): depends on provider com.android.providers.contacts/.ContactsProvider2 in dying proc android.process.acore
I/WindowState(  809): WIN DEATH: Window{13758ceb u0 com.google.android.dialer/com.google.android.dialer.extensions.GoogleDialtactsActivity}
D/WifiService(  809): acquireWifiLockLocked: WifiLock{NlpWifiLock type=2 binder=android.os.BinderProxy@239a5c83}
I/ActivityManager(  809): Killing 8511:com.android.settings/1000 (adj 15): empty for 1800s
D/WifiService(  809): releaseWifiLockLocked: WifiLock{NlpWifiLock type=2 binder=android.os.BinderProxy@239a5c83}
E/NetlinkEvent(  357): NetlinkEvent::FindParam(): Parameter 'INTERFACE' not found
E/NetlinkEvent(  357): NetlinkEvent::FindParam(): Parameter 'TIME_NS' not found
E/NetdConnector(  809): Error handling '613 IfaceClass active (null)': java.lang.NumberFormatException: Invalid int: "(null)"
E/NetlinkEvent(  357): NetlinkEvent::FindParam(): Parameter 'INTERFACE' not found
E/NetlinkEvent(  357): NetlinkEvent::FindParam(): Parameter 'TIME_NS' not found
E/NetdConnector(  809): Error handling '613 IfaceClass idle (null)': java.lang.NumberFormatException: Invalid int: "(null)"
E/NetlinkEvent(  357): NetlinkEvent::FindParam(): Parameter 'INTERFACE' not found
E/NetlinkEvent(  357): NetlinkEvent::FindParam(): Parameter 'TIME_NS' not found
E/NetdConnector(  809): Error handling '613 IfaceClass active (null)': java.lang.NumberFormatException: Invalid int: "(null)"
E/NetlinkEvent(  357): NetlinkEvent::FindParam(): Parameter 'INTERFACE' not found
E/NetlinkEvent(  357): NetlinkEvent::FindParam(): Parameter 'TIME_NS' not found
E/NetdConnector(  809): Error handling '613 IfaceClass idle (null)': java.lang.NumberFormatException: Invalid int: "(null)"
E/NetlinkEvent(  357): NetlinkEvent::FindParam(): Parameter 'INTERFACE' not found
E/NetlinkEvent(  357): NetlinkEvent::FindParam(): Parameter 'TIME_NS' not found
E/NetdConnector(  809): Error handling '613 IfaceClass active (null)': java.lang.NumberFormatException: Invalid int: "(null)"
E/NetlinkEvent(  357): NetlinkEvent::FindParam(): Parameter 'INTERFACE' not found
E/NetlinkEvent(  357): NetlinkEvent::FindParam(): Parameter 'TIME_NS' not found
E/NetdConnector(  809): Error handling '613 IfaceClass idle (null)': java.lang.NumberFormatException: Invalid int: "(null)"
E/NetlinkEvent(  357): NetlinkEvent::FindParam(): Parameter 'INTERFACE' not found
E/NetlinkEvent(  357): NetlinkEvent::FindParam(): Parameter 'TIME_NS' not found
E/NetdConnector(  809): Error handling '613 IfaceClass active (null)': java.lang.NumberFormatException: Invalid int: "(null)"
E/NetlinkEvent(  357): NetlinkEvent::FindParam(): Parameter 'INTERFACE' not found
E/NetlinkEvent(  357): NetlinkEvent::FindParam(): Parameter 'TIME_NS' not found
E/NetdConnector(  809): Error handling '613 IfaceClass idle (null)': java.lang.NumberFormatException: Invalid int: "(null)"
E/NetlinkEvent(  357): NetlinkEvent::FindParam(): Parameter 'INTERFACE' not found
E/NetlinkEvent(  357): NetlinkEvent::FindParam(): Parameter 'TIME_NS' not found
E/NetdConnector(  809): Error handling '613 IfaceClass active (null)': java.lang.NumberFormatException: Invalid int: "(null)"
E/NetlinkEvent(  357): NetlinkEvent::FindParam(): Parameter 'INTERFACE' not found
E/NetlinkEvent(  357): NetlinkEvent::FindParam(): Parameter 'TIME_NS' not found
E/NetdConnector(  809): Error handling '613 IfaceClass idle (null)': java.lang.NumberFormatException: Invalid int: "(null)"
E/NetlinkEvent(  357): NetlinkEvent::FindParam(): Parameter 'INTERFACE' not found
E/NetlinkEvent(  357): NetlinkEvent::FindParam(): Parameter 'TIME_NS' not found
E/NetdConnector(  809): Error handling '613 IfaceClass active (null)': java.lang.NumberFormatException: Invalid int: "(null)"
E/NetlinkEvent(  357): NetlinkEvent::FindParam(): Parameter 'INTERFACE' not found
E/NetlinkEvent(  357): NetlinkEvent::FindParam(): Parameter 'TIME_NS' not found
E/NetdConnector(  809): Error handling '613 IfaceClass idle (null)': java.lang.NumberFormatException: Invalid int: "(null)"
E/NetlinkEvent(  357): NetlinkEvent::FindParam(): Parameter 'INTERFACE' not found
E/NetlinkEvent(  357): NetlinkEvent::FindParam(): Parameter 'TIME_NS' not found
E/NetdConnector(  809): Error handling '613 IfaceClass active (null)': java.lang.NumberFormatException: Invalid int: "(null)"
E/NetlinkEvent(  357): NetlinkEvent::FindParam(): Parameter 'INTERFACE' not found
E/NetlinkEvent(  357): NetlinkEvent::FindParam(): Parameter 'TIME_NS' not found
E/NetdConnector(  809): Error handling '613 IfaceClass idle (null)': java.lang.NumberFormatException: Invalid int: "(null)"
E/NetlinkEvent(  357): NetlinkEvent::FindParam(): Parameter 'INTERFACE' not found
E/NetlinkEvent(  357): NetlinkEvent::FindParam(): Parameter 'TIME_NS' not found
E/NetdConnector(  809): Error handling '613 IfaceClass active (null)': java.lang.NumberFormatException: Invalid int: "(null)"
E/NetlinkEvent(  357): NetlinkEvent::FindParam(): Parameter 'INTERFACE' not found
E/NetlinkEvent(  357): NetlinkEvent::FindParam(): Parameter 'TIME_NS' not found
E/NetdConnector(  809): Error handling '613 IfaceClass idle (null)': java.lang.NumberFormatException: Invalid int: "(null)"
E/NetlinkEvent(  357): NetlinkEvent::FindParam(): Parameter 'INTERFACE' not found
E/NetlinkEvent(  357): NetlinkEvent::FindParam(): Parameter 'TIME_NS' not found
E/NetdConnector(  809): Error handling '613 IfaceClass active (null)': java.lang.NumberFormatException: Invalid int: "(null)"
E/NetlinkEvent(  357): NetlinkEvent::FindParam(): Parameter 'INTERFACE' not found
E/NetlinkEvent(  357): NetlinkEvent::FindParam(): Parameter 'TIME_NS' not found
E/NetdConnector(  809): Error handling '613 IfaceClass idle (null)': java.lang.NumberFormatException: Invalid int: "(null)"
E/NetlinkEvent(  357): NetlinkEvent::FindParam(): Parameter 'INTERFACE' not found
E/NetlinkEvent(  357): NetlinkEvent::FindParam(): Parameter 'TIME_NS' not found
E/NetdConnector(  809): Error handling '613 IfaceClass active (null)': java.lang.NumberFormatException: Invalid int: "(null)"
E/NetlinkEvent(  357): NetlinkEvent::FindParam(): Parameter 'INTERFACE' not found
E/NetlinkEvent(  357): NetlinkEvent::FindParam(): Parameter 'TIME_NS' not found
E/NetdConnector(  809): Error handling '613 IfaceClass idle (null)': java.lang.NumberFormatException: Invalid int: "(null)"
D/WifiService(  809): acquireWifiLockLocked: WifiLock{NlpWifiLock type=2 binder=android.os.BinderProxy@239a5c83}
D/WifiService(  809): releaseWifiLockLocked: WifiLock{NlpWifiLock type=2 binder=android.os.BinderProxy@239a5c83}
E/NetlinkEvent(  357): NetlinkEvent::FindParam(): Parameter 'INTERFACE' not found
E/NetlinkEvent(  357): NetlinkEvent::FindParam(): Parameter 'TIME_NS' not found
E/NetdConnector(  809): Error handling '613 IfaceClass active (null)': java.lang.NumberFormatException: Invalid int: "(null)"
E/NetlinkEvent(  357): NetlinkEvent::FindParam(): Parameter 'INTERFACE' not found
E/NetlinkEvent(  357): NetlinkEvent::FindParam(): Parameter 'TIME_NS' not found
E/NetdConnector(  809): Error handling '613 IfaceClass idle (null)': java.lang.NumberFormatException: Invalid int: "(null)"
E/NetlinkEvent(  357): NetlinkEvent::FindParam(): Parameter 'INTERFACE' not found
E/NetlinkEvent(  357): NetlinkEvent::FindParam(): Parameter 'TIME_NS' not found
E/NetdConnector(  809): Error handling '613 IfaceClass active (null)': java.lang.NumberFormatException: Invalid int: "(null)"
E/NetlinkEvent(  357): NetlinkEvent::FindParam(): Parameter 'INTERFACE' not found
E/NetlinkEvent(  357): NetlinkEvent::FindParam(): Parameter 'TIME_NS' not found
E/NetdConnector(  809): Error handling '613 IfaceClass idle (null)': java.lang.NumberFormatException: Invalid int: "(null)"
E/NetlinkEvent(  357): NetlinkEvent::FindParam(): Parameter 'INTERFACE' not found
E/NetlinkEvent(  357): NetlinkEvent::FindParam(): Parameter 'TIME_NS' not found
E/NetdConnector(  809): Error handling '613 IfaceClass active (null)': java.lang.NumberFormatException: Invalid int: "(null)"
E/NetlinkEvent(  357): NetlinkEvent::FindParam(): Parameter 'INTERFACE' not found
E/NetlinkEvent(  357): NetlinkEvent::FindParam(): Parameter 'TIME_NS' not found
E/NetdConnector(  809): Error handling '613 IfaceClass idle (null)': java.lang.NumberFormatException: Invalid int: "(null)"
I/DisplayPowerController(  809): Blocking screen on until initial contents have been drawn.
I/DisplayManagerService(  809): Display device changed: DisplayDeviceInfo{"Built-in Screen": uniqueId="local:0", 1440 x 2560, 60.0 fps, supportedRefreshRates [60.0], density 560, 494.27 x 492.606 dpi, appVsyncOff 7500000, presDeadline 12666667, touch INTERNAL, rotation 0, type BUILT_IN, state DOZE, FLAG_DEFAULT_DISPLAY, FLAG_ROTATES_WITH_CONTENT, FLAG_SECURE, FLAG_SUPPORTS_PROTECTED_BUFFERS}
V/ActivityManager(  809): Display changed displayId=0
I/DisplayPowerController(  809): Unblocked screen on after 284 ms
I/DisplayManagerService(  809): Display device changed: DisplayDeviceInfo{"Built-in Screen": uniqueId="local:0", 1440 x 2560, 60.0 fps, supportedRefreshRates [60.0], density 560, 494.27 x 492.606 dpi, appVsyncOff 7500000, presDeadline 12666667, touch INTERNAL, rotation 0, type BUILT_IN, state OFF, FLAG_DEFAULT_DISPLAY, FLAG_ROTATES_WITH_CONTENT, FLAG_SECURE, FLAG_SUPPORTS_PROTECTED_BUFFERS}
V/ActivityManager(  809): Display changed displayId=0
D/WifiService(  809): acquireWifiLockLocked: WifiLock{NlpWifiLock type=2 binder=android.os.BinderProxy@2adc8d54}
E/NetlinkEvent(  357): NetlinkEvent::FindParam(): Parameter 'INTERFACE' not found
E/NetlinkEvent(  357): NetlinkEvent::FindParam(): Parameter 'TIME_NS' not found
E/NetdConnector(  809): Error handling '613 IfaceClass active (null)': java.lang.NumberFormatException: Invalid int: "(null)"
D/WifiService(  809): releaseWifiLockLocked: WifiLock{NlpWifiLock type=2 binder=android.os.BinderProxy@2adc8d54}
E/NetlinkEvent(  357): NetlinkEvent::FindParam(): Parameter 'INTERFACE' not found
E/NetlinkEvent(  357): NetlinkEvent::FindParam(): Parameter 'TIME_NS' not found
E/NetdConnector(  809): Error handling '613 IfaceClass idle (null)': java.lang.NumberFormatException: Invalid int: "(null)"
E/NetlinkEvent(  357): NetlinkEvent::FindParam(): Parameter 'INTERFACE' not found
E/NetlinkEvent(  357): NetlinkEvent::FindParam(): Parameter 'TIME_NS' not found
E/NetdConnector(  809): Error handling '613 IfaceClass active (null)': java.lang.NumberFormatException: Invalid int: "(null)"
E/NetlinkEvent(  357): NetlinkEvent::FindParam(): Parameter 'INTERFACE' not found
E/NetlinkEvent(  357): NetlinkEvent::FindParam(): Parameter 'TIME_NS' not found
E/NetdConnector(  809): Error handling '613 IfaceClass idle (null)': java.lang.NumberFormatException: Invalid int: "(null)"
E/NetlinkEvent(  357): NetlinkEvent::FindParam(): Parameter 'INTERFACE' not found
E/NetlinkEvent(  357): NetlinkEvent::FindParam(): Parameter 'TIME_NS' not found
E/NetdConnector(  809): Error handling '613 IfaceClass active (null)': java.lang.NumberFormatException: Invalid int: "(null)"
E/NetlinkEvent(  357): NetlinkEvent::FindParam(): Parameter 'INTERFACE' not found
E/NetlinkEvent(  357): NetlinkEvent::FindParam(): Parameter 'TIME_NS' not found
E/NetdConnector(  809): Error handling '613 IfaceClass idle (null)': java.lang.NumberFormatException: Invalid int: "(null)"
E/NetlinkEvent(  357): NetlinkEvent::FindParam(): Parameter 'INTERFACE' not found
E/NetlinkEvent(  357): NetlinkEvent::FindParam(): Parameter 'TIME_NS' not found
E/NetdConnector(  809): Error handling '613 IfaceClass active (null)': java.lang.NumberFormatException: Invalid int: "(null)"
E/NetlinkEvent(  357): NetlinkEvent::FindParam(): Parameter 'INTERFACE' not found
E/NetlinkEvent(  357): NetlinkEvent::FindParam(): Parameter 'TIME_NS' not found
E/NetdConnector(  809): Error handling '613 IfaceClass idle (null)': java.lang.NumberFormatException: Invalid int: "(null)"
E/NetlinkEvent(  357): NetlinkEvent::FindParam(): Parameter 'INTERFACE' not found
E/NetlinkEvent(  357): NetlinkEvent::FindParam(): Parameter 'TIME_NS' not found
E/NetdConnector(  809): Error handling '613 IfaceClass active (null)': java.lang.NumberFormatException: Invalid int: "(null)"
E/NetlinkEvent(  357): NetlinkEvent::FindParam(): Parameter 'INTERFACE' not found
E/NetlinkEvent(  357): NetlinkEvent::FindParam(): Parameter 'TIME_NS' not found
E/NetdConnector(  809): Error handling '613 IfaceClass idle (null)': java.lang.NumberFormatException: Invalid int: "(null)"
D/WifiService(  809): acquireWifiLockLocked: WifiLock{NlpWifiLock type=2 binder=android.os.BinderProxy@239a5c83}
D/WifiService(  809): releaseWifiLockLocked: WifiLock{NlpWifiLock type=2 binder=android.os.BinderProxy@239a5c83}
E/NetlinkEvent(  357): NetlinkEvent::FindParam(): Parameter 'INTERFACE' not found
E/NetlinkEvent(  357): NetlinkEvent::FindParam(): Parameter 'TIME_NS' not found
E/NetdConnector(  809): Error handling '613 IfaceClass active (null)': java.lang.NumberFormatException: Invalid int: "(null)"
E/NetlinkEvent(  357): NetlinkEvent::FindParam(): Parameter 'INTERFACE' not found
E/NetlinkEvent(  357): NetlinkEvent::FindParam(): Parameter 'TIME_NS' not found
E/NetdConnector(  809): Error handling '613 IfaceClass idle (null)': java.lang.NumberFormatException: Invalid int: "(null)"
E/NetlinkEvent(  357): NetlinkEvent::FindParam(): Parameter 'INTERFACE' not found
E/NetlinkEvent(  357): NetlinkEvent::FindParam(): Parameter 'TIME_NS' not found
E/NetdConnector(  809): Error handling '613 IfaceClass active (null)': java.lang.NumberFormatException: Invalid int: "(null)"
E/NetlinkEvent(  357): NetlinkEvent::FindParam(): Parameter 'INTERFACE' not found
E/NetlinkEvent(  357): NetlinkEvent::FindParam(): Parameter 'TIME_NS' not found
E/NetdConnector(  809): Error handling '613 IfaceClass idle (null)': java.lang.NumberFormatException: Invalid int: "(null)"
E/NetlinkEvent(  357): NetlinkEvent::FindParam(): Parameter 'INTERFACE' not found
E/NetlinkEvent(  357): NetlinkEvent::FindParam(): Parameter 'TIME_NS' not found
E/NetdConnector(  809): Error handling '613 IfaceClass active (null)': java.lang.NumberFormatException: Invalid int: "(null)"
E/NetlinkEvent(  357): NetlinkEvent::FindParam(): Parameter 'INTERFACE' not found
E/NetlinkEvent(  357): NetlinkEvent::FindParam(): Parameter 'TIME_NS' not found
E/NetdConnector(  809): Error handling '613 IfaceClass idle (null)': java.lang.NumberFormatException: Invalid int: "(null)"
E/NetlinkEvent(  357): NetlinkEvent::FindParam(): Parameter 'INTERFACE' not found
E/NetlinkEvent(  357): NetlinkEvent::FindParam(): Parameter 'TIME_NS' not found
E/NetdConnector(  809): Error handling '613 IfaceClass active (null)': java.lang.NumberFormatException: Invalid int: "(null)"
E/NetlinkEvent(  357): NetlinkEvent::FindParam(): Parameter 'INTERFACE' not found
E/NetlinkEvent(  357): NetlinkEvent::FindParam(): Parameter 'TIME_NS' not found
E/NetdConnector(  809): Error handling '613 IfaceClass idle (null)': java.lang.NumberFormatException: Invalid int: "(null)"
E/NetlinkEvent(  357): NetlinkEvent::FindParam(): Parameter 'INTERFACE' not found
E/NetlinkEvent(  357): NetlinkEvent::FindParam(): Parameter 'TIME_NS' not found
E/NetdConnector(  809): Error handling '613 IfaceClass active (null)': java.lang.NumberFormatException: Invalid int: "(null)"
E/NetlinkEvent(  357): NetlinkEvent::FindParam(): Parameter 'INTERFACE' not found
E/NetlinkEvent(  357): NetlinkEvent::FindParam(): Parameter 'TIME_NS' not found
E/NetdConnector(  809): Error handling '613 IfaceClass idle (null)': java.lang.NumberFormatException: Invalid int: "(null)"
E/NetlinkEvent(  357): NetlinkEvent::FindParam(): Parameter 'INTERFACE' not found
E/NetlinkEvent(  357): NetlinkEvent::FindParam(): Parameter 'TIME_NS' not found
E/NetdConnector(  809): Error handling '613 IfaceClass active (null)': java.lang.NumberFormatException: Invalid int: "(null)"
E/NetlinkEvent(  357): NetlinkEvent::FindParam(): Parameter 'INTERFACE' not found
E/NetlinkEvent(  357): NetlinkEvent::FindParam(): Parameter 'TIME_NS' not found
E/NetdConnector(  809): Error handling '613 IfaceClass idle (null)': java.lang.NumberFormatException: Invalid int: "(null)"
E/NetlinkEvent(  357): NetlinkEvent::FindParam(): Parameter 'INTERFACE' not found
E/NetlinkEvent(  357): NetlinkEvent::FindParam(): Parameter 'TIME_NS' not found
E/NetdConnector(  809): Error handling '613 IfaceClass active (null)': java.lang.NumberFormatException: Invalid int: "(null)"
E/NetlinkEvent(  357): NetlinkEvent::FindParam(): Parameter 'INTERFACE' not found
E/NetlinkEvent(  357): NetlinkEvent::FindParam(): Parameter 'TIME_NS' not found
E/NetdConnector(  809): Error handling '613 IfaceClass idle (null)': java.lang.NumberFormatException: Invalid int: "(null)"
E/NetlinkEvent(  357): NetlinkEvent::FindParam(): Parameter 'INTERFACE' not found
E/NetlinkEvent(  357): NetlinkEvent::FindParam(): Parameter 'TIME_NS' not found
E/NetdConnector(  809): Error handling '613 IfaceClass active (null)': java.lang.NumberFormatException: Invalid int: "(null)"
E/NetlinkEvent(  357): NetlinkEvent::FindParam(): Parameter 'INTERFACE' not found
E/NetlinkEvent(  357): NetlinkEvent::FindParam(): Parameter 'TIME_NS' not found
E/NetdConnector(  809): Error handling '613 IfaceClass idle (null)': java.lang.NumberFormatException: Invalid int: "(null)"
E/NetlinkEvent(  357): NetlinkEvent::FindParam(): Parameter 'INTERFACE' not found
E/NetlinkEvent(  357): NetlinkEvent::FindParam(): Parameter 'TIME_NS' not found
E/NetdConnector(  809): Error handling '613 IfaceClass active (null)': java.lang.NumberFormatException: Invalid int: "(null)"
E/NetlinkEvent(  357): NetlinkEvent::FindParam(): Parameter 'INTERFACE' not found
E/NetlinkEvent(  357): NetlinkEvent::FindParam(): Parameter 'TIME_NS' not found
E/NetdConnector(  809): Error handling '613 IfaceClass idle (null)': java.lang.NumberFormatException: Invalid int: "(null)"
E/NetlinkEvent(  357): NetlinkEvent::FindParam(): Parameter 'INTERFACE' not found
E/NetlinkEvent(  357): NetlinkEvent::FindParam(): Parameter 'TIME_NS' not found
E/NetdConnector(  809): Error handling '613 IfaceClass active (null)': java.lang.NumberFormatException: Invalid int: "(null)"
E/NetlinkEvent(  357): NetlinkEvent::FindParam(): Parameter 'INTERFACE' not found
E/NetlinkEvent(  357): NetlinkEvent::FindParam(): Parameter 'TIME_NS' not found
E/NetdConnector(  809): Error handling '613 IfaceClass idle (null)': java.lang.NumberFormatException: Invalid int: "(null)"
E/NetlinkEvent(  357): NetlinkEvent::FindParam(): Parameter 'INTERFACE' not found
E/NetlinkEvent(  357): NetlinkEvent::FindParam(): Parameter 'TIME_NS' not found
E/NetdConnector(  809): Error handling '613 IfaceClass active (null)': java.lang.NumberFormatException: Invalid int: "(null)"
I/ActivityManager(  809): Start proc 9404:com.google.android.apps.genie.geniewidget/u0a87 for broadcast com.google.android.apps.genie.geniewidget/.appwidget.NewsWeatherAppWidgetProvider
D/WifiService(  809): acquireWifiLockLocked: WifiLock{NlpWifiLock type=2 binder=android.os.BinderProxy@1e005586}
I/ActivityManager(  809): Killing 8535:com.android.bluetooth/1002 (adj 15): empty for 2677s
W/ResourcesManager( 9404): Asset path '/system/framework/com.android.media.remotedisplay.jar' does not exist or contains no resources.
