D/ConnectivityService(  809): Setting tx/rx TCP buffers to 524288,2097152,4194304,262144,524288,1048576
D/ConnectivityService(  809): notifyType AVAILABLE for NetworkAgentInfo [WIFI () - 278]
D/CSLegacyTypeTracker(  809): Sending disconnected broadcast for type 0 NetworkAgentInfo [MOBILE (LTE) - 277] isDefaultNetwork=false
D/ConnectivityService(  809): sendStickyBroadcast: action=android.net.conn.CONNECTIVITY_CHANGE_IMMEDIATE
D/ConnectivityService(  809): sendStickyBroadcast: action=android.net.conn.CONNECTIVITY_CHANGE
D/CSLegacyTypeTracker(  809): Sending connected broadcast for type 1 NetworkAgentInfo [WIFI () - 278] isDefaultNetwork=true
D/ConnectivityService(  809): sendStickyBroadcast: action=android.net.conn.CONNECTIVITY_CHANGE_IMMEDIATE
D/ConnectivityService(  809): sendStickyBroadcast: action=android.net.conn.CONNECTIVITY_CHANGE
D/ConnectivityService(  809): Validated NetworkAgentInfo [WIFI () - 278]
I/ActivityManager(  809): Killing 12532:com.google.android.apps.genie.geniewidget/u0a87 (adj 15): empty #17
D/ConnectivityService(  809): reportBadNetwork(NetworkAgentInfo [WIFI () - 278]) by 10014
I/ActivityManager(  809): Start proc 13619:com.google.android.talk/u0a20 for broadcast com.google.android.talk/com.google.android.apps.hangouts.service.NetworkStateReceiver
D/ConnectivityService(  809): setProvNotificationVisibleIntent: E visible=false networkType=0 extraInfo=null
D/ConnectivityService(  809): Validated NetworkAgentInfo [WIFI () - 278]
W/ResourcesManager(13619): Asset path '/system/framework/com.google.android.media.effects.jar' does not exist or contains no resources.
I/ActivityManager(  809): Killing 11169:com.google.android.calendar/u0a43 (adj 15): empty #17
D/ConnectivityService(  809): updateNetworkScore for NetworkAgentInfo [WIFI () - 278] to 60
D/ConnectivityService(  809): rematching NetworkAgentInfo [WIFI () - 278]
D/ConnectivityService(  809): Network NetworkAgentInfo [WIFI () - 278] was already satisfying request 1. No change.
D/ConnectivityService(  809): notifyType AVAILABLE for NetworkAgentInfo [WIFI () - 278]
I/ActivityManager(  809): Start proc 13677:com.google.android.apps.fitness/u0a58 for broadcast com.google.android.apps.fitness/.wearable.WearableSyncReceiver
I/ActivityManager(  809): Killing 12909:tv.twitch.android.viewer/u0a106 (adj 15): empty #17
E/NetlinkEvent(  357): NetlinkEvent::FindParam(): Parameter 'INTERFACE' not found
E/NetlinkEvent(  357): NetlinkEvent::FindParam(): Parameter 'TIME_NS' not found
E/NetdConnector(  809): Error handling '613 IfaceClass idle (null)': java.lang.NumberFormatException: Invalid int: "(null)"
E/NetlinkEvent(  357): NetlinkEvent::FindParam(): Parameter 'INTERFACE' not found
E/NetlinkEvent(  357): NetlinkEvent::FindParam(): Parameter 'TIME_NS' not found
E/NetdConnector(  809): Error handling '613 IfaceClass active (null)': java.lang.NumberFormatException: Invalid int: "(null)"
E/NetlinkEvent(  357): NetlinkEvent::FindParam(): Parameter 'INTERFACE' not found
E/NetlinkEvent(  357): NetlinkEvent::FindParam(): Parameter 'TIME_NS' not found
E/NetdConnector(  809): Error handling '613 IfaceClass idle (null)': java.lang.NumberFormatException: Invalid int: "(null)"
D/ConnectivityService(  809): handleLingerComplete for NetworkAgentInfo [MOBILE (LTE) - 277]
D/ConnectivityService(  809): NetworkAgentInfo [MOBILE (LTE) - 277] got DISCONNECTED, was satisfying 1
E/NetlinkEvent(  357): NetlinkEvent::FindParam(): Parameter 'INTERFACE' not found
E/NetlinkEvent(  357): NetlinkEvent::FindParam(): Parameter 'TIME_NS' not found
E/NetdConnector(  809): Error handling '613 IfaceClass active (null)': java.lang.NumberFormatException: Invalid int: "(null)"
D/ConnectivityService(  809): notifyType LOST for NetworkAgentInfo [MOBILE (LTE) - 277]
W/SoundTriggerHelper(  809): Recognition aborted
I/AlwaysOnHotwordDetector( 1240): onRecognitionPaused
E/NetlinkEvent(  357): NetlinkEvent::FindParam(): Parameter 'INTERFACE' not found
E/NetlinkEvent(  357): NetlinkEvent::FindParam(): Parameter 'TIME_NS' not found
E/NetdConnector(  809): Error handling '613 IfaceClass idle (null)': java.lang.NumberFormatException: Invalid int: "(null)"
I/ActivityManager(  809): START u0 {act=android.intent.action.MAIN cat=[android.intent.category.LAUNCHER] flg=0x10200000 pkg=com.andrewshu.android.redditdonation cmp=com.andrewshu.android.redditdonation/com.andrewshu.android.reddit.MainActivity bnds=[1143,1337][1425,1674] (has extras)} from uid 10034 on display 0
I/AlwaysOnHotwordDetector( 1240): onRecognitionResumed
D/ConnectivityService(  809): updateNetworkScore for NetworkAgentInfo [WIFI () - 278] to 56
D/ConnectivityService(  809): rematching NetworkAgentInfo [WIFI () - 278]
D/ConnectivityService(  809): Network NetworkAgentInfo [WIFI () - 278] was already satisfying request 1. No change.
D/ConnectivityService(  809): notifyType AVAILABLE for NetworkAgentInfo [WIFI () - 278]
D/ConnectivityService(  809): updateNetworkScore for NetworkAgentInfo [WIFI () - 278] to 60
D/ConnectivityService(  809): rematching NetworkAgentInfo [WIFI () - 278]
D/ConnectivityService(  809): Network NetworkAgentInfo [WIFI () - 278] was already satisfying request 1. No change.
D/ConnectivityService(  809): notifyType AVAILABLE for NetworkAgentInfo [WIFI () - 278]
D/WifiService(  809): acquireWifiLockLocked: WifiLock{NlpWifiLock type=2 binder=android.os.BinderProxy@3c4d00df}
D/WifiService(  809): releaseWifiLockLocked: WifiLock{NlpWifiLock type=2 binder=android.os.BinderProxy@3c4d00df}
V/WindowManager(  809): not Base app: Adding window Window{351ddfcf u0 http://i.imgur.com/9vWGraU.jpg} at 18 of 24
V/WindowManager(  809): not Base app: Adding window Window{22ea2348 u0 http://i.imgur.com/yYYRerD.png} at 18 of 24
V/WindowManager(  809): not Base app: Adding window Window{199fb019 u0 com.andrewshu.android.redditdonation/com.andrewshu.android.reddit.MainActivity} at 18 of 24
W/InputMethodManagerService(  809): Window already focused, ignoring focus gain of: com.android.internal.view.IInputMethodClient$Stub$Proxy@1cfbc8de attribute=null, token = android.os.BinderProxy@374d348a
I/ActivityManager(  809): START u0 {act=android.intent.action.MAIN cat=[android.intent.category.HOME] flg=0x10200000 cmp=com.google.android.googlequicksearchbox/com.google.android.launcher.GEL} from uid 1000 on display 0
W/SoundTriggerHelper(  809): Recognition aborted
I/AlwaysOnHotwordDetector( 1240): onRecognitionPaused
I/ActivityManager(  809): START u0 {act=android.intent.action.MAIN cat=[android.intent.category.LAUNCHER] flg=0x10200000 cmp=com.google.android.apps.plus/.phone.HomeActivity bnds=[15,1674][297,2011] (has extras)} from uid 10034 on display 0
V/WindowManager(  809): addAppToken: AppWindowToken{22275743 token=Token{2c8294f2 ActivityRecord{9988ffd u0 com.google.android.apps.plus/.phone.HomeActivity t1002}}} to stack=1 task=1002 at 0
V/WindowManager(  809): Adding window Window{c9bd04a u0 Starting com.google.android.apps.plus} at 18 of 24 (after Window{3e9d9afb u0 com.andrewshu.android.redditdonation/com.andrewshu.android.reddit.MainActivity})
I/AlwaysOnHotwordDetector( 1240): onRecognitionResumed
V/WindowManager(  809): Adding window Window{370dda84 u0 com.google.android.apps.plus/com.google.android.apps.plus.phone.HomeActivity} at 18 of 25 (before Window{c9bd04a u0 Starting com.google.android.apps.plus})
W/ActivityManager(  809): Permission Denial: Accessing service ComponentInfo{com.google.android.music/com.google.android.music.dial.DialMediaRouteProviderService} from pid=12311, uid=10081 that is not exported from uid 10073
I/ActivityManager(  809): START u0 {act=android.intent.action.MAIN cat=[android.intent.category.HOME] flg=0x10200000 cmp=com.google.android.googlequicksearchbox/com.google.android.launcher.GEL} from uid 1000 on display 0
W/SoundTriggerHelper(  809): Recognition aborted
I/AlwaysOnHotwordDetector( 1240): onRecognitionPaused
D/ConnectivityService(  809): updateNetworkScore for NetworkAgentInfo [WIFI () - 278] to 56
D/ConnectivityService(  809): rematching NetworkAgentInfo [WIFI () - 278]
D/ConnectivityService(  809): Network NetworkAgentInfo [WIFI () - 278] was already satisfying request 1. No change.
D/ConnectivityService(  809): notifyType AVAILABLE for NetworkAgentInfo [WIFI () - 278]
I/PowerManagerService(  809): Going to sleep due to power button (uid 1000)...
I/DisplayManagerService(  809): Display device changed: DisplayDeviceInfo{"Built-in Screen": uniqueId="local:0", 1440 x 2560, 60.0 fps, supportedRefreshRates [60.0], density 560, 494.27 x 492.606 dpi, appVsyncOff 7500000, presDeadline 12666667, touch INTERNAL, rotation 0, type BUILT_IN, state OFF, FLAG_DEFAULT_DISPLAY, FLAG_ROTATES_WITH_CONTENT, FLAG_SECURE, FLAG_SUPPORTS_PROTECTED_BUFFERS}
V/ActivityManager(  809): Display changed displayId=0
I/DreamManagerService(  809): Entering dreamland.
I/PowerManagerService(  809): Dozing...
I/DreamController(  809): Starting dream: name=ComponentInfo{com.android.systemui/com.android.systemui.doze.DozeService}, isTest=false, canDoze=true, userId=0
D/WifiService(  809): acquireWifiLockLocked: WifiLock{NlpWifiLock type=2 binder=android.os.BinderProxy@3082223f}
I/AlwaysOnHotwordDetector( 1240): onRecognitionResumed
D/TaskPersister(  809): removeObsoleteFile: deleting file=968_task.xml
D/TaskPersister(  809): removeObsoleteFile: deleting file=968_task_thumbnail.png
D/WifiService(  809): acquireWifiLockLocked: WifiLock{NlpWifiLock type=2 binder=android.os.BinderProxy@3b88b0c5}
D/WifiService(  809): releaseWifiLockLocked: WifiLock{NlpWifiLock type=2 binder=android.os.BinderProxy@3b88b0c5}
D/WifiService(  809): releaseWifiLockLocked: WifiLock{NlpWifiLock type=2 binder=android.os.BinderProxy@3082223f}
I/DisplayPowerController(  809): Blocking screen on until initial contents have been drawn.
I/DisplayManagerService(  809): Display device changed: DisplayDeviceInfo{"Built-in Screen": uniqueId="local:0", 1440 x 2560, 60.0 fps, supportedRefreshRates [60.0], density 560, 494.27 x 492.606 dpi, appVsyncOff 7500000, presDeadline 12666667, touch INTERNAL, rotation 0, type BUILT_IN, state DOZE, FLAG_DEFAULT_DISPLAY, FLAG_ROTATES_WITH_CONTENT, FLAG_SECURE, FLAG_SUPPORTS_PROTECTED_BUFFERS}
V/ActivityManager(  809): Display changed displayId=0
I/DisplayPowerController(  809): Unblocked screen on after 288 ms
I/DisplayManagerService(  809): Display device changed: DisplayDeviceInfo{"Built-in Screen": uniqueId="local:0", 1440 x 2560, 60.0 fps, supportedRefreshRates [60.0], density 560, 494.27 x 492.606 dpi, appVsyncOff 7500000, presDeadline 12666667, touch INTERNAL, rotation 0, type BUILT_IN, state OFF, FLAG_DEFAULT_DISPLAY, FLAG_ROTATES_WITH_CONTENT, FLAG_SECURE, FLAG_SUPPORTS_PROTECTED_BUFFERS}
V/ActivityManager(  809): Display changed displayId=0
D/WifiService(  809): acquireWifiLockLocked: WifiLock{NlpWifiLock type=2 binder=android.os.BinderProxy@3b88b0c5}
D/WifiService(  809): releaseWifiLockLocked: WifiLock{NlpWifiLock type=2 binder=android.os.BinderProxy@3b88b0c5}
D/WifiService(  809): acquireWifiLockLocked: WifiLock{NlpWifiLock type=2 binder=android.os.BinderProxy@3b88b0c5}
D/WifiService(  809): releaseWifiLockLocked: WifiLock{NlpWifiLock type=2 binder=android.os.BinderProxy@3b88b0c5}
D/WifiService(  809): acquireWifiLockLocked: WifiLock{NlpWifiLock type=2 binder=android.os.BinderProxy@3b88b0c5}
D/WifiService(  809): releaseWifiLockLocked: WifiLock{NlpWifiLock type=2 binder=android.os.BinderProxy@3b88b0c5}
D/WifiService(  809): acquireWifiLockLocked: WifiLock{NlpWifiLock type=2 binder=android.os.BinderProxy@3b88b0c5}
D/WifiService(  809): releaseWifiLockLocked: WifiLock{NlpWifiLock type=2 binder=android.os.BinderProxy@3b88b0c5}
D/WifiService(  809): acquireWifiLockLocked: WifiLock{NlpWifiLock type=2 binder=android.os.BinderProxy@3b88b0c5}
D/WifiService(  809): releaseWifiLockLocked: WifiLock{NlpWifiLock type=2 binder=android.os.BinderProxy@3b88b0c5}
D/WifiService(  809): acquireWifiLockLocked: WifiLock{NlpWifiLock type=2 binder=android.os.BinderProxy@3b88b0c5}
D/WifiService(  809): releaseWifiLockLocked: WifiLock{NlpWifiLock type=2 binder=android.os.BinderProxy@3b88b0c5}
D/WifiService(  809): acquireWifiLockLocked: WifiLock{NlpWifiLock type=2 binder=android.os.BinderProxy@3b88b0c5}
D/WifiService(  809): releaseWifiLockLocked: WifiLock{NlpWifiLock type=2 binder=android.os.BinderProxy@3b88b0c5}
D/WifiService(  809): acquireWifiLockLocked: WifiLock{NlpWifiLock type=2 binder=android.os.BinderProxy@3b88b0c5}
D/WifiService(  809): releaseWifiLockLocked: WifiLock{NlpWifiLock type=2 binder=android.os.BinderProxy@3b88b0c5}
I/ActivityManager(  809): Start proc 13979:com.google.android.apps.genie.geniewidget/u0a87 for broadcast com.google.android.apps.genie.geniewidget/.appwidget.NewsWeatherAppWidgetProvider
I/ActivityManager(  809): Killing 12950:com.google.android.gms:car/u0a14 (adj 15): empty #17
D/WifiService(  809): acquireWifiLockLocked: WifiLock{NlpWifiLock type=2 binder=android.os.BinderProxy@3b88b0c5}
D/WifiService(  809): releaseWifiLockLocked: WifiLock{NlpWifiLock type=2 binder=android.os.BinderProxy@3b88b0c5}
D/WifiService(  809): acquireWifiLockLocked: WifiLock{NlpWifiLock type=2 binder=android.os.BinderProxy@3b88b0c5}
D/WifiService(  809): releaseWifiLockLocked: WifiLock{NlpWifiLock type=2 binder=android.os.BinderProxy@3b88b0c5}
D/WifiService(  809): acquireWifiLockLocked: WifiLock{NlpWifiLock type=2 binder=android.os.BinderProxy@3b88b0c5}
D/WifiService(  809): releaseWifiLockLocked: WifiLock{NlpWifiLock type=2 binder=android.os.BinderProxy@3b88b0c5}
D/WifiService(  809): acquireWifiLockLocked: WifiLock{MetadataSyncService type=1 binder=android.os.BinderProxy@3c42cff2}
D/WifiService(  809): releaseWifiLockLocked: WifiLock{MetadataSyncService type=1 binder=android.os.BinderProxy@3c42cff2}
D/WifiService(  809): acquireWifiLockLocked: WifiLock{MetadataSyncService type=1 binder=android.os.BinderProxy@3d912f52}
D/WifiService(  809): releaseWifiLockLocked: WifiLock{MetadataSyncService type=1 binder=android.os.BinderProxy@3d912f52}
D/WifiService(  809): acquireWifiLockLocked: WifiLock{MetadataSyncService type=1 binder=android.os.BinderProxy@8c2beb2}
D/WifiService(  809): releaseWifiLockLocked: WifiLock{MetadataSyncService type=1 binder=android.os.BinderProxy@8c2beb2}
D/WifiService(  809): acquireWifiLockLocked: WifiLock{MetadataSyncService type=1 binder=android.os.BinderProxy@1a93ef86}
D/WifiService(  809): releaseWifiLockLocked: WifiLock{MetadataSyncService type=1 binder=android.os.BinderProxy@1a93ef86}
D/WifiService(  809): acquireWifiLockLocked: WifiLock{MetadataSyncService type=1 binder=android.os.BinderProxy@10117c5}
D/WifiService(  809): releaseWifiLockLocked: WifiLock{MetadataSyncService type=1 binder=android.os.BinderProxy@10117c5}
D/WifiService(  809): acquireWifiLockLocked: WifiLock{NlpWifiLock type=2 binder=android.os.BinderProxy@27cd82b}
D/WifiService(  809): releaseWifiLockLocked: WifiLock{NlpWifiLock type=2 binder=android.os.BinderProxy@27cd82b}
D/WifiService(  809): acquireWifiLockLocked: WifiLock{NlpWifiLock type=2 binder=android.os.BinderProxy@27cd82b}
D/WifiService(  809): releaseWifiLockLocked: WifiLock{NlpWifiLock type=2 binder=android.os.BinderProxy@27cd82b}
D/WifiService(  809): acquireWifiLockLocked: WifiLock{NlpWifiLock type=2 binder=android.os.BinderProxy@27cd82b}
D/WifiService(  809): releaseWifiLockLocked: WifiLock{NlpWifiLock type=2 binder=android.os.BinderProxy@27cd82b}
D/ConnectivityService(  809): requestNetwork for NetworkRequest [ id=193, legacyType=3, [ Transports: CELLULAR Capabilities: SUPL&NOT_RESTRICTED&TRUSTED&NOT_VPN] ]
D/ConnectivityService(  809): handleRegisterNetworkRequest checking NetworkAgentInfo [WIFI () - 278]
D/ConnectivityService(  809): sending new NetworkRequest to factories
E/NetlinkEvent(  357): NetlinkEvent::FindParam(): Parameter 'INTERFACE' not found
E/NetlinkEvent(  357): NetlinkEvent::FindParam(): Parameter 'TIME_NS' not found
E/NetdConnector(  809): Error handling '613 IfaceClass active (null)': java.lang.NumberFormatException: Invalid int: "(null)"
D/ConnectivityService(  809): setProvNotificationVisible: E visible=false networkType=0 action=com.android.internal.telephony.PROVISION0
D/ConnectivityService(  809): setProvNotificationVisibleIntent: E visible=false networkType=0 extraInfo=null
D/ConnectivityService(  809): registerNetworkAgent NetworkAgentInfo{ ni{[type: MOBILE[LTE], state: CONNECTED/CONNECTED, reason: connected, extra: nxtgenphone, roaming: false, failover: false, isAvailable: true, isConnectedToProvisioningNetwork: false]}  network{null}  lp{{InterfaceName: rmnet_data0 LinkAddresses: [10.217.204.140/29,]  Routes: [0.0.0.0/0 -> 10.217.204.141 rmnet_data0,] DnsAddresses: [172.26.38.1,172.26.38.2,] Domains: null MTU: 1410 TcpBufferSizes: 524288,1048576,8388608,262144,524288,4194304}}  nc{[ Transports: CELLULAR Capabilities: MMS&SUPL&FOTA&INTERNET&NOT_RESTRICTED&TRUSTED&NOT_VPN LinkUpBandwidth>=51200Kbps LinkDnBandwidth>=102400Kbps Specifier: <1>]}  Score{10}  everValidated{false}  lastValidated{false}  created{false}  explicitlySelected{false} }
D/ConnectivityService(  809): NetworkAgentInfo [MOBILE (LTE) - 279] EVENT_NETWORK_INFO_CHANGED, going from null to CONNECTED
D/ConnectivityService(  809): Adding iface rmnet_data0 to network 279
D/ConnectivityService(  809): Setting MTU size: rmnet_data0, 1410
D/ConnectivityService(  809): Adding Route [0.0.0.0/0 -> 10.217.204.141 rmnet_data0] to network 279
D/ConnectivityService(  809): Setting Dns servers for network 279 to [/172.26.38.1, /172.26.38.2]
D/ConnectivityService(  809): notifyType IP_CHANGED for NetworkAgentInfo [MOBILE (LTE) - 279]
D/ConnectivityService(  809): notifyType PRECHECK for NetworkAgentInfo [MOBILE (LTE) - 279]
D/ConnectivityService(  809): rematching NetworkAgentInfo [MOBILE (LTE) - 279]
D/ConnectivityService(  809):    accepting network in place of null
D/ConnectivityService(  809): notifyType AVAILABLE for NetworkAgentInfo [MOBILE (LTE) - 279]
D/CSLegacyTypeTracker(  809): Sending connected broadcast for type 3 NetworkAgentInfo [MOBILE (LTE) - 279] isDefaultNetwork=false
D/ConnectivityService(  809): sendStickyBroadcast: action=android.net.conn.CONNECTIVITY_CHANGE_IMMEDIATE
D/ConnectivityService(  809): sendStickyBroadcast: action=android.net.conn.CONNECTIVITY_CHANGE
D/ConnectivityService(  809): Adding ::/128 -> :: rmnet_data0 for interface rmnet_data0
D/ConnectivityService(  809): requestRouteToHostAddress ok=true
D/ConnectivityService(  809): setProvNotificationVisibleIntent: E visible=false networkType=0 extraInfo=null
D/ConnectivityService(  809): Validated NetworkAgentInfo [MOBILE (LTE) - 279]
D/ConnectivityService(  809): rematching NetworkAgentInfo [MOBILE (LTE) - 279]
D/ConnectivityService(  809): Network NetworkAgentInfo [MOBILE (LTE) - 279] was already satisfying request 193. No change.
D/ConnectivityService(  809): notifyType AVAILABLE for NetworkAgentInfo [MOBILE (LTE) - 279]
E/ConnectivityService(  809): Attempting to register duplicate agent for type 3: NetworkAgentInfo{ ni{[type: MOBILE[LTE], state: CONNECTED/CONNECTED, reason: connected, extra: nxtgenphone, roaming: false, failover: false, isAvailable: true, isConnectedToProvisioningNetwork: false]}  network{279}  lp{{InterfaceName: rmnet_data0 LinkAddresses: [10.217.204.140/29,]  Routes: [0.0.0.0/0 -> 10.217.204.141 rmnet_data0,] DnsAddresses: [172.26.38.1,172.26.38.2,] Domains: null MTU: 1410 TcpBufferSizes: 524288,1048576,8388608,262144,524288,4194304}}  nc{[ Transports: CELLULAR Capabilities: MMS&SUPL&FOTA&INTERNET&NOT_RESTRICTED&TRUSTED&NOT_VPN LinkUpBandwidth>=51200Kbps LinkDnBandwidth>=102400Kbps Specifier: <1>]}  Score{50}  everValidated{true}  lastValidated{true}  created{true}  explicitlySelected{false} }
D/ConnectivityService(  809): releasing NetworkRequest NetworkRequest [ id=193, legacyType=3, [ Transports: CELLULAR Capabilities: SUPL&NOT_RESTRICTED&TRUSTED&NOT_VPN] ]
D/ConnectivityService(  809):  Removing from current network NetworkAgentInfo [MOBILE (LTE) - 279], leaving 1 requests.
D/ConnectivityService(  809): no live requests for NetworkAgentInfo [MOBILE (LTE) - 279]; disconnecting
D/CSLegacyTypeTracker(  809): Sending disconnected broadcast for type 3 NetworkAgentInfo [MOBILE (LTE) - 279] isDefaultNetwork=false
D/ConnectivityService(  809): sendStickyBroadcast: action=android.net.conn.CONNECTIVITY_CHANGE_IMMEDIATE
D/ConnectivityService(  809): sendStickyBroadcast: action=android.net.conn.CONNECTIVITY_CHANGE
D/ConnectivityService(  809): NetworkAgentInfo [MOBILE (LTE) - 279] got DISCONNECTED, was satisfying 1
D/ConnectivityService(  809): notifyType LOST for NetworkAgentInfo [MOBILE (LTE) - 279]
W/ActivityManager(  809): Permission Denial: Accessing service ComponentInfo{com.google.android.music/com.google.android.music.dial.DialMediaRouteProviderService} from pid=4959, uid=10034 that is not exported from uid 10073
E/NetlinkEvent(  357): NetlinkEvent::FindParam(): Parameter 'INTERFACE' not found
E/NetlinkEvent(  357): NetlinkEvent::FindParam(): Parameter 'TIME_NS' not found
E/NetdConnector(  809): Error handling '613 IfaceClass idle (null)': java.lang.NumberFormatException: Invalid int: "(null)"
D/WifiService(  809): acquireWifiLockLocked: WifiLock{NlpWifiLock type=2 binder=android.os.BinderProxy@54e806d}
D/WifiService(  809): releaseWifiLockLocked: WifiLock{NlpWifiLock type=2 binder=android.os.BinderProxy@54e806d}
V/BackupManagerService(  809): Running a backup pass
V/BackupManagerService(  809): clearing pending backups
V/PerformBackupTask(  809): Beginning backup of 1 targets
D/PerformBackupTask(  809): invokeAgentForBackup on @pm@
I/BackupRestoreController(  809): Getting widget state for user: 0
I/PerformBackupTask(  809): no backup data written; not calling transport
D/PerformBackupTask(  809): starting agent for backup of BackupRequest{pkg=com.android.providers.settings}
D/BackupManagerService(  809): awaiting agent for ApplicationInfo{34de9ad8 com.android.providers.settings}
D/BackupManagerService(  809): agentConnected pkg=com.android.providers.settings agent=android.app.backup.BackupAgent$BackupServiceBinder@226a3c1c
I/BackupManagerService(  809): got agent android.app.backup.BackupAgent$BackupServiceBinder@226a3c1c
D/PerformBackupTask(  809): invokeAgentForBackup on com.android.providers.settings
I/BackupRestoreController(  809): Getting widget state for user: 0
I/BackupManagerService(  809): Backup pass finished.
W/ActivityManager(  809): Slow operation: 53839ms so far, now at getContentProviderImpl: after updateOomAdj
W/ActivityManager(  809): Slow operation: 53839ms so far, now at getContentProviderImpl: done!
D/WifiService(  809): acquireWifiLockLocked: WifiLock{NlpWifiLock type=2 binder=android.os.BinderProxy@54e806d}
D/WifiService(  809): acquireWifiLockLocked: WifiLock{NlpWifiLock type=2 binder=android.os.BinderProxy@11f117c6}
D/WifiService(  809): releaseWifiLockLocked: WifiLock{NlpWifiLock type=2 binder=android.os.BinderProxy@11f117c6}
D/WifiService(  809): releaseWifiLockLocked: WifiLock{NlpWifiLock type=2 binder=android.os.BinderProxy@54e806d}
D/WifiService(  809): acquireWifiLockLocked: WifiLock{NlpWifiLock type=2 binder=android.os.BinderProxy@54e806d}
D/WifiService(  809): releaseWifiLockLocked: WifiLock{NlpWifiLock type=2 binder=android.os.BinderProxy@54e806d}
I/DisplayPowerController(  809): Blocking screen on until initial contents have been drawn.
I/DisplayManagerService(  809): Display device changed: DisplayDeviceInfo{"Built-in Screen": uniqueId="local:0", 1440 x 2560, 60.0 fps, supportedRefreshRates [60.0], density 560, 494.27 x 492.606 dpi, appVsyncOff 7500000, presDeadline 12666667, touch INTERNAL, rotation 0, type BUILT_IN, state DOZE, FLAG_DEFAULT_DISPLAY, FLAG_ROTATES_WITH_CONTENT, FLAG_SECURE, FLAG_SUPPORTS_PROTECTED_BUFFERS}
V/ActivityManager(  809): Display changed displayId=0
I/DisplayPowerController(  809): Unblocked screen on after 284 ms
I/DisplayManagerService(  809): Display device changed: DisplayDeviceInfo{"Built-in Screen": uniqueId="local:0", 1440 x 2560, 60.0 fps, supportedRefreshRates [60.0], density 560, 494.27 x 492.606 dpi, appVsyncOff 7500000, presDeadline 12666667, touch INTERNAL, rotation 0, type BUILT_IN, state OFF, FLAG_DEFAULT_DISPLAY, FLAG_ROTATES_WITH_CONTENT, FLAG_SECURE, FLAG_SUPPORTS_PROTECTED_BUFFERS}
V/ActivityManager(  809): Display changed displayId=0
D/WifiService(  809): acquireWifiLockLocked: WifiLock{NlpWifiLock type=2 binder=android.os.BinderProxy@54e806d}
D/WifiService(  809): releaseWifiLockLocked: WifiLock{NlpWifiLock type=2 binder=android.os.BinderProxy@54e806d}
I/ActivityManager(  809): Start proc 14301:com.android.moto.appdirectedsms/u0a1 for service com.android.moto.appdirectedsms/.AppDirectedSmsProxy
I/ActivityManager(  809): Killing 13181:com.google.android.partnersetup/u0a19 (adj 15): empty #17
W/ResourcesManager( 1367): Asset path '/system/framework/com.google.android.media.effects.jar' does not exist or contains no resources.
I/ActivityManager(  809): Start proc 14321:android.process.acore/u0a7 for content provider com.android.providers.contacts/.ContactsProvider2
I/ValidateNoPeople(  809): Validating: 0|com.google.android.talk|0|com.google.android.talk1:client_generated:sms:1475184363426791372|10020
I/ValidateNoPeople(  809): Executing: validation for: 0|com.google.android.talk|0|com.google.android.talk1:client_generated:sms:1475184363426791372|10020
D/CountryDetector(  809): The first listener is added
I/ValidateNoPeople(  809): final affinity: 0.0
I/ActivityManager(  809): Killing 12573:com.android.providers.calendar/u0a5 (adj 15): empty #17
I/DisplayPowerController(  809): Blocking screen on until initial contents have been drawn.
I/DisplayManagerService(  809): Display device changed: DisplayDeviceInfo{"Built-in Screen": uniqueId="local:0", 1440 x 2560, 60.0 fps, supportedRefreshRates [60.0], density 560, 494.27 x 492.606 dpi, appVsyncOff 7500000, presDeadline 12666667, touch INTERNAL, rotation 0, type BUILT_IN, state DOZE, FLAG_DEFAULT_DISPLAY, FLAG_ROTATES_WITH_CONTENT, FLAG_SECURE, FLAG_SUPPORTS_PROTECTED_BUFFERS}
V/ActivityManager(  809): Display changed displayId=0
I/DisplayPowerController(  809): Unblocked screen on after 295 ms
I/DisplayManagerService(  809): Display device changed: DisplayDeviceInfo{"Built-in Screen": uniqueId="local:0", 1440 x 2560, 60.0 fps, supportedRefreshRates [60.0], density 560, 494.27 x 492.606 dpi, appVsyncOff 7500000, presDeadline 12666667, touch INTERNAL, rotation 0, type BUILT_IN, state OFF, FLAG_DEFAULT_DISPLAY, FLAG_ROTATES_WITH_CONTENT, FLAG_SECURE, FLAG_SUPPORTS_PROTECTED_BUFFERS}
V/ActivityManager(  809): Display changed displayId=0
I/DisplayPowerController(  809): Blocking screen on until initial contents have been drawn.
I/DisplayManagerService(  809): Display device changed: DisplayDeviceInfo{"Built-in Screen": uniqueId="local:0", 1440 x 2560, 60.0 fps, supportedRefreshRates [60.0], density 560, 494.27 x 492.606 dpi, appVsyncOff 7500000, presDeadline 12666667, touch INTERNAL, rotation 0, type BUILT_IN, state DOZE, FLAG_DEFAULT_DISPLAY, FLAG_ROTATES_WITH_CONTENT, FLAG_SECURE, FLAG_SUPPORTS_PROTECTED_BUFFERS}
V/ActivityManager(  809): Display changed displayId=0
I/DisplayPowerController(  809): Unblocked screen on after 75 ms
I/DisplayManagerService(  809): Display device changed: DisplayDeviceInfo{"Built-in Screen": uniqueId="local:0", 1440 x 2560, 60.0 fps, supportedRefreshRates [60.0], density 560, 494.27 x 492.606 dpi, appVsyncOff 7500000, presDeadline 12666667, touch INTERNAL, rotation 0, type BUILT_IN, state OFF, FLAG_DEFAULT_DISPLAY, FLAG_ROTATES_WITH_CONTENT, FLAG_SECURE, FLAG_SUPPORTS_PROTECTED_BUFFERS}
V/ActivityManager(  809): Display changed displayId=0
I/DisplayPowerController(  809): Blocking screen on until initial contents have been drawn.
I/DisplayManagerService(  809): Display device changed: DisplayDeviceInfo{"Built-in Screen": uniqueId="local:0", 1440 x 2560, 60.0 fps, supportedRefreshRates [60.0], density 560, 494.27 x 492.606 dpi, appVsyncOff 7500000, presDeadline 12666667, touch INTERNAL, rotation 0, type BUILT_IN, state DOZE, FLAG_DEFAULT_DISPLAY, FLAG_ROTATES_WITH_CONTENT, FLAG_SECURE, FLAG_SUPPORTS_PROTECTED_BUFFERS}
V/ActivityManager(  809): Display changed displayId=0
I/PowerManagerService(  809): Waking up from dozing (uid 1000)...
I/DisplayManagerService(  809): Display device changed: DisplayDeviceInfo{"Built-in Screen": uniqueId="local:0", 1440 x 2560, 60.0 fps, supportedRefreshRates [60.0], density 560, 494.27 x 492.606 dpi, appVsyncOff 7500000, presDeadline 12666667, touch INTERNAL, rotation 0, type BUILT_IN, state ON, FLAG_DEFAULT_DISPLAY, FLAG_ROTATES_WITH_CONTENT, FLAG_SECURE, FLAG_SUPPORTS_PROTECTED_BUFFERS}
V/ActivityManager(  809): Display changed displayId=0
I/DisplayPowerController(  809): Unblocked screen on after 287 ms
I/DreamManagerService(  809): Gently waking up from dream.
I/DreamManagerService(  809): Leaving dreamland.
I/DreamController(  809): Stopping dream: name=ComponentInfo{com.android.systemui/com.android.systemui.doze.DozeService}, isTest=false, canDoze=true, userId=0
I/PowerManagerService(  809): Going to sleep due to power button (uid 1000)...
D/ConnectivityService(  809): updateNetworkScore for NetworkAgentInfo [WIFI () - 278] to 60
D/ConnectivityService(  809): rematching NetworkAgentInfo [WIFI () - 278]
D/ConnectivityService(  809): Network NetworkAgentInfo [WIFI () - 278] was already satisfying request 1. No change.
D/ConnectivityService(  809): notifyType AVAILABLE for NetworkAgentInfo [WIFI () - 278]
I/DisplayManagerService(  809): Display device changed: DisplayDeviceInfo{"Built-in Screen": uniqueId="local:0", 1440 x 2560, 60.0 fps, supportedRefreshRates [60.0], density 560, 494.27 x 492.606 dpi, appVsyncOff 7500000, presDeadline 12666667, touch INTERNAL, rotation 0, type BUILT_IN, state OFF, FLAG_DEFAULT_DISPLAY, FLAG_ROTATES_WITH_CONTENT, FLAG_SECURE, FLAG_SUPPORTS_PROTECTED_BUFFERS}
V/ActivityManager(  809): Display changed displayId=0
I/DreamManagerService(  809): Entering dreamland.
I/PowerManagerService(  809): Dozing...
I/DreamController(  809): Starting dream: name=ComponentInfo{com.android.systemui/com.android.systemui.doze.DozeService}, isTest=false, canDoze=true, userId=0
D/WifiService(  809): acquireWifiLockLocked: WifiLock{NlpWifiLock type=2 binder=android.os.BinderProxy@2f99d3ca}
D/WifiService(  809): acquireWifiLockLocked: WifiLock{pocketcasts_update_wifi_lock type=3 binder=android.os.BinderProxy@3b42e93b}
D/WifiService(  809): releaseWifiLockLocked: WifiLock{NlpWifiLock type=2 binder=android.os.BinderProxy@2f99d3ca}
D/WifiService(  809): releaseWifiLockLocked: WifiLock{pocketcasts_update_wifi_lock type=3 binder=android.os.BinderProxy@3b42e93b}
I/ActivityManager(  809): Start proc 14414:com.android.providers.calendar/u0a5 for content provider com.android.providers.calendar/.CalendarProvider2
W/ResourcesManager(14414): Asset path '/system/framework/android.test.runner.jar' does not exist or contains no resources.
I/ActivityManager(  809): Start proc 14433:com.google.android.calendar/u0a43 for broadcast com.google.android.calendar/com.android.calendar.alerts.AlertReceiver
I/ActivityManager(  809): Killing 13424:com.android.settings/1000 (adj 15): empty #17
I/ActivityManager(  809): Killing 13471:com.android.bluetooth/1002 (adj 15): empty #17
D/WifiService(  809): acquireWifiLockLocked: WifiLock{NlpWifiLock type=2 binder=android.os.BinderProxy@2f99d3ca}
D/WifiService(  809): releaseWifiLockLocked: WifiLock{NlpWifiLock type=2 binder=android.os.BinderProxy@2f99d3ca}
D/WifiService(  809): acquireWifiLockLocked: WifiLock{NlpWifiLock type=2 binder=android.os.BinderProxy@2af586da}
D/WifiService(  809): releaseWifiLockLocked: WifiLock{NlpWifiLock type=2 binder=android.os.BinderProxy@2af586da}
W/ActivityManager(  809): Permission Denial: Accessing service ComponentInfo{com.google.android.music/com.google.android.music.dial.DialMediaRouteProviderService} from pid=4959, uid=10034 that is not exported from uid 10073
I/ValidateNoPeople(  809): skipping global notification
I/PowerManagerService(  809): Waking up from dozing (uid 1000)...
I/DisplayPowerController(  809): Blocking screen on until initial contents have been drawn.
I/DisplayManagerService(  809): Display device changed: DisplayDeviceInfo{"Built-in Screen": uniqueId="local:0", 1440 x 2560, 60.0 fps, supportedRefreshRates [60.0], density 560, 494.27 x 492.606 dpi, appVsyncOff 7500000, presDeadline 12666667, touch INTERNAL, rotation 0, type BUILT_IN, state ON, FLAG_DEFAULT_DISPLAY, FLAG_ROTATES_WITH_CONTENT, FLAG_SECURE, FLAG_SUPPORTS_PROTECTED_BUFFERS}
V/ActivityManager(  809): Display changed displayId=0
I/EntropyMixer(  809): Writing entropy...
I/DisplayPowerController(  809): Unblocked screen on after 80 ms
D/WifiService(  809): acquireWifiLockLocked: WifiLock{NlpWifiLock type=2 binder=android.os.BinderProxy@2e7d4324}
I/DreamManagerService(  809): Gently waking up from dream.
I/DreamManagerService(  809): Leaving dreamland.
I/DreamController(  809): Stopping dream: name=ComponentInfo{com.android.systemui/com.android.systemui.doze.DozeService}, isTest=false, canDoze=true, userId=0
I/ActivityManager(  809): Start proc 14538:com.google.android.partnersetup/u0a19 for content provider com.google.android.partnersetup/.RlzAppProvider
D/WifiService(  809): releaseWifiLockLocked: WifiLock{NlpWifiLock type=2 binder=android.os.BinderProxy@2e7d4324}
W/InputMethodManagerService(  809): Window already focused, ignoring focus gain of: com.android.internal.view.IInputMethodClient$Stub$Proxy@36bc83ee attribute=android.view.inputmethod.EditorInfo@368ae08f, token = android.os.BinderProxy@4d3b3
W/SoundTriggerHelper(  809): Recognition aborted
I/AlwaysOnHotwordDetector( 1240): onRecognitionPaused
I/AlwaysOnHotwordDetector( 1240): onRecognitionResumed
I/ActivityManager(  809): START u0 {act=android.intent.action.MAIN cat=[android.intent.category.LAUNCHER] flg=0x10200000 cmp=com.android.settings/.Settings (has extras)} from uid 10034 on display 0
V/WindowManager(  809): addAppToken: AppWindowToken{162b0b7f token=Token{1fc7c49e ActivityRecord{21f342d9 u0 com.android.settings/.Settings t1003}}} to stack=1 task=1003 at 0
V/WindowManager(  809): Adding window Window{3cb3e4 u0 Starting com.android.settings} at 19 of 25 (after Window{370dda84 u0 com.google.android.apps.plus/com.google.android.apps.plus.phone.HomeActivity})
I/ActivityManager(  809): Start proc 14586:com.android.settings/1000 for activity com.android.settings/.Settings
I/ActivityManager(  809): Start proc 14604:com.android.cellbroadcastreceiver/u0a6 for content provider com.android.cellbroadcastreceiver/.CellBroadcastSearchIndexableProvider
V/WindowManager(  809): Adding window Window{350d34b2 u0 com.android.settings/com.android.settings.Settings} at 19 of 26 (before Window{3cb3e4 u0 Starting com.android.settings})
I/ActivityManager(  809): Killing 13677:com.google.android.apps.fitness/u0a58 (adj 15): empty #17
I/ActivityManager(  809): START u0 {act=android.intent.action.MAIN cmp=com.android.settings/.SubSettings (has extras)} from uid 1000 on display 0
V/WindowManager(  809): addAppToken: AppWindowToken{3edf2075 token=Token{17d7dbac ActivityRecord{3294355f u0 com.android.settings/.SubSettings t1003}}} to stack=1 task=1003 at 1
V/WindowManager(  809): Adding window Window{d82e62 u0 com.android.settings/com.android.settings.SubSettings} at 20 of 26 (after Window{350d34b2 u0 com.android.settings/com.android.settings.Settings})
I/NotificationService(  809): cancelToast pkg=com.android.settings callback=android.app.ITransientNotification$Stub$Proxy@2bb2f674
I/NotificationService(  809): cancelToast pkg=com.android.settings callback=android.app.ITransientNotification$Stub$Proxy@793f099
I/NotificationService(  809): cancelToast pkg=com.android.settings callback=android.app.ITransientNotification$Stub$Proxy@2202a00c
I/NotificationService(  809): cancelToast pkg=com.android.settings callback=android.app.ITransientNotification$Stub$Proxy@644205b
I/ActivityManager(  809): START u0 {act=android.intent.action.MAIN cmp=com.android.settings/.SubSettings (has extras)} from uid 1000 on display 0
V/WindowManager(  809): addAppToken: AppWindowToken{2b1d8c27 token=Token{28f6bee6 ActivityRecord{2f441941 u0 com.android.settings/.SubSettings t1003}}} to stack=1 task=1003 at 1
D/WifiService(  809): New client listening to asynchronous messages
D/BackupManagerService(  809): Now staging backup of com.android.providers.settings
V/WindowManager(  809): Adding window Window{227146c u0 com.android.settings/com.android.settings.SubSettings} at 20 of 27 (after Window{350d34b2 u0 com.android.settings/com.android.settings.Settings})
V/WindowManager(  809): not Base app: Adding window Window{1b010aed u0 com.android.settings/com.android.settings.SubSettings} at 21 of 27
W/InputMethodManagerService(  809): Window already focused, ignoring focus gain of: com.android.internal.view.IInputMethodClient$Stub$Proxy@3d7068e9 attribute=null, token = android.os.BinderProxy@1fadd91f
I/ValidateNoPeople(  809): skipping global notification
I/ActivityManager(  809): Killing 13979:com.google.android.apps.genie.geniewidget/u0a87 (adj 15): empty #17
I/EntropyMixer(  809): Writing entropy...
D/UsbDebuggingManager(  809): Received public key: QAAAAN87++fhvxvm6PwvephMO8diDqe4HCPdRbS90DweYgfk3IPKYc5CJw+89hWg0eGrR4IE3lqlokwHjkb9Orrtg2zgyuo2gYNSjFvTVOwwaWrJE5R47hn6YRI63Axdt5Ca15mwMBWvsuUrMLw8odUfHi+iOnQn5UBLsgqq0FWfZIJQfOJfU8uuhhiEh9OpDtKDY5M/fEaqvsA3BFXn727TZAM7AdvWzPlsDGhQMQ8hR9qd3V5767RHC6AkVVxahgWhgNlq+SNiv2DsWbJazsesn3vLOO1Uwya+Zom/8/pS6cMeYYbwhWsg7vYycEBWG7yx1pnybS37Wmdn4kP/v9pW14+4AfHW5tDd79MgoCn8E5yGixRU/a1xCjcsOQSRZrq7jYSO7HJ/B9PpWhpyitqTuPcqxdI9A9mope/LvOC+oXdhC5ReMdBHV5hS2RwZ9LtlWJAYIV4gW1o0QIzrNt+1svyk9THY6mzkyT+qVnqEsIXz7hSkXKKdPGDkKjD/ORF9gevnf07/8khC/sZeYSDXbE2Nq+pBsykaeNuXKB+DfA2Uknfdf/IRi8vjgoiYNaHaHPxglU+PQNB2zJfaBFO+Odyhok6KHdwCJBZsdQzIoXHYDgkQ8qnbXUbuNlGq/lIv5XruO++J5Wa1J1uxSLMQ1HaByTnoqWjURelKpQVsGNms1jwwQQEAAQA= unknown@unknown
W/ContextImpl(  809): Calling a method in the system process without a qualified user: android.app.ContextImpl.startActivity:1224 com.android.server.usb.UsbDebuggingManager.startConfirmationActivity:282 com.android.server.usb.UsbDebuggingManager.startConfirmation:264 com.android.server.usb.UsbDebuggingManager.access$900:49 com.android.server.usb.UsbDebuggingManager$UsbDebuggingHandler.handleMessage:216 
W/ContextImpl(  809): Calling a method in the system process without a qualified user: android.app.ContextImpl.startActivity:1236 android.app.ContextImpl.startActivity:1225 com.android.server.usb.UsbDebuggingManager.startConfirmationActivity:282 com.android.server.usb.UsbDebuggingManager.startConfirmation:264 com.android.server.usb.UsbDebuggingManager.access$900:49 
I/ActivityManager(  809): START u0 {flg=0x10000000 cmp=com.android.systemui/.usb.UsbDebuggingActivity (has extras)} from uid 1000 on display 0
V/WindowManager(  809): addAppToken: AppWindowToken{220661da token=Token{27595f85 ActivityRecord{3a866cfc u0 com.android.systemui/.usb.UsbDebuggingActivity t1004}}} to stack=1 task=1004 at 0
V/WindowManager(  809): Adding window Window{1ccf37e7 u0 com.android.systemui/com.android.systemui.usb.UsbDebuggingActivity} at 21 of 27 (after Window{227146c u0 com.android.settings/com.android.settings.SubSettings})
I/PowerManagerService(  809): Going to sleep due to power button (uid 1000)...
I/DisplayManagerService(  809): Display device changed: DisplayDeviceInfo{"Built-in Screen": uniqueId="local:0", 1440 x 2560, 60.0 fps, supportedRefreshRates [60.0], density 560, 494.27 x 492.606 dpi, appVsyncOff 7500000, presDeadline 12666667, touch INTERNAL, rotation 0, type BUILT_IN, state OFF, FLAG_DEFAULT_DISPLAY, FLAG_ROTATES_WITH_CONTENT, FLAG_SECURE, FLAG_SUPPORTS_PROTECTED_BUFFERS}
V/ActivityManager(  809): Display changed displayId=0
I/DreamManagerService(  809): Entering dreamland.
I/PowerManagerService(  809): Dozing...
I/DreamController(  809): Starting dream: name=ComponentInfo{com.android.systemui/com.android.systemui.doze.DozeService}, isTest=false, canDoze=true, userId=0
I/PowerManagerService(  809): Waking up from dozing (uid 1000)...
I/DisplayPowerController(  809): Blocking screen on until initial contents have been drawn.
I/DisplayManagerService(  809): Display device changed: DisplayDeviceInfo{"Built-in Screen": uniqueId="local:0", 1440 x 2560, 60.0 fps, supportedRefreshRates [60.0], density 560, 494.27 x 492.606 dpi, appVsyncOff 7500000, presDeadline 12666667, touch INTERNAL, rotation 0, type BUILT_IN, state ON, FLAG_DEFAULT_DISPLAY, FLAG_ROTATES_WITH_CONTENT, FLAG_SECURE, FLAG_SUPPORTS_PROTECTED_BUFFERS}
V/ActivityManager(  809): Display changed displayId=0
I/DisplayPowerController(  809): Unblocked screen on after 280 ms
I/DreamManagerService(  809): Gently waking up from dream.
I/DreamManagerService(  809): Leaving dreamland.
I/DreamController(  809): Stopping dream: name=ComponentInfo{com.android.systemui/com.android.systemui.doze.DozeService}, isTest=false, canDoze=true, userId=0
W/InputMethodManagerService(  809): Window already focused, ignoring focus gain of: com.android.internal.view.IInputMethodClient$Stub$Proxy@2c60adaf attribute=android.view.inputmethod.EditorInfo@1e6f75bc, token = android.os.BinderProxy@1fadd91f
I/PowerManagerService(  809): Going to sleep due to power button (uid 1000)...
I/DisplayManagerService(  809): Display device changed: DisplayDeviceInfo{"Built-in Screen": uniqueId="local:0", 1440 x 2560, 60.0 fps, supportedRefreshRates [60.0], density 560, 494.27 x 492.606 dpi, appVsyncOff 7500000, presDeadline 12666667, touch INTERNAL, rotation 0, type BUILT_IN, state OFF, FLAG_DEFAULT_DISPLAY, FLAG_ROTATES_WITH_CONTENT, FLAG_SECURE, FLAG_SUPPORTS_PROTECTED_BUFFERS}
V/ActivityManager(  809): Display changed displayId=0
I/DreamManagerService(  809): Entering dreamland.
I/PowerManagerService(  809): Dozing...
I/DreamController(  809): Starting dream: name=ComponentInfo{com.android.systemui/com.android.systemui.doze.DozeService}, isTest=false, canDoze=true, userId=0
W/ProcessStats(  809): Time val negative: -89312
W/ProcessStats(  809): Time val negative: -84398
W/ProcessStats(  809): Time val negative: -79484
I/ProcessStatsService(  809): Prepared write state in 20ms
W/ProcessStats(  809): Time val negative: -89312
W/ProcessStats(  809): Time val negative: -84398
W/ProcessStats(  809): Time val negative: -79484
I/ProcessStatsService(  809): Prepared write state in 7ms
D/WifiService(  809): acquireWifiLockLocked: WifiLock{NlpWifiLock type=2 binder=android.os.BinderProxy@83c2799}
I/ActivityManager(  809): Start proc 14746:com.google.android.gms:snet/u0a14 for service com.google.android.gms/.security.snet.SnetLaunchService
W/ResourcesManager(14746): Asset path '/system/framework/com.android.media.remotedisplay.jar' does not exist or contains no resources.
W/ResourcesManager(14746): Asset path '/system/framework/com.android.location.provider.jar' does not exist or contains no resources.
D/WifiService(  809): releaseWifiLockLocked: WifiLock{NlpWifiLock type=2 binder=android.os.BinderProxy@83c2799}
D/WifiService(  809): acquireWifiLockLocked: WifiLock{NlpWifiLock type=2 binder=android.os.BinderProxy@83c2799}
D/WifiService(  809): releaseWifiLockLocked: WifiLock{NlpWifiLock type=2 binder=android.os.BinderProxy@83c2799}
I/UsageStatsService(  809): User[0] Flushing usage stats to disk
D/WifiService(  809): acquireWifiLockLocked: WifiLock{NlpWifiLock type=2 binder=android.os.BinderProxy@83c2799}
D/WifiService(  809): releaseWifiLockLocked: WifiLock{NlpWifiLock type=2 binder=android.os.BinderProxy@83c2799}
I/ValidateNoPeople(  809): Validating: 0|com.google.android.talk|0|com.google.android.talk1:client_generated:sms:2890432523351394622|10020
I/ValidateNoPeople(  809): Executing: validation for: 0|com.google.android.talk|0|com.google.android.talk1:client_generated:sms:2890432523351394622|10020
I/ValidateNoPeople(  809): final affinity: 0.5
I/DisplayPowerController(  809): Blocking screen on until initial contents have been drawn.
I/DisplayManagerService(  809): Display device changed: DisplayDeviceInfo{"Built-in Screen": uniqueId="local:0", 1440 x 2560, 60.0 fps, supportedRefreshRates [60.0], density 560, 494.27 x 492.606 dpi, appVsyncOff 7500000, presDeadline 12666667, touch INTERNAL, rotation 0, type BUILT_IN, state DOZE, FLAG_DEFAULT_DISPLAY, FLAG_ROTATES_WITH_CONTENT, FLAG_SECURE, FLAG_SUPPORTS_PROTECTED_BUFFERS}
V/ActivityManager(  809): Display changed displayId=0
I/DisplayPowerController(  809): Unblocked screen on after 282 ms
I/DisplayManagerService(  809): Display device changed: DisplayDeviceInfo{"Built-in Screen": uniqueId="local:0", 1440 x 2560, 60.0 fps, supportedRefreshRates [60.0], density 560, 494.27 x 492.606 dpi, appVsyncOff 7500000, presDeadline 12666667, touch INTERNAL, rotation 0, type BUILT_IN, state OFF, FLAG_DEFAULT_DISPLAY, FLAG_ROTATES_WITH_CONTENT, FLAG_SECURE, FLAG_SUPPORTS_PROTECTED_BUFFERS}
V/ActivityManager(  809): Display changed displayId=0
I/DisplayPowerController(  809): Blocking screen on until initial contents have been drawn.
I/DisplayManagerService(  809): Display device changed: DisplayDeviceInfo{"Built-in Screen": uniqueId="local:0", 1440 x 2560, 60.0 fps, supportedRefreshRates [60.0], density 560, 494.27 x 492.606 dpi, appVsyncOff 7500000, presDeadline 12666667, touch INTERNAL, rotation 0, type BUILT_IN, state DOZE, FLAG_DEFAULT_DISPLAY, FLAG_ROTATES_WITH_CONTENT, FLAG_SECURE, FLAG_SUPPORTS_PROTECTED_BUFFERS}
V/ActivityManager(  809): Display changed displayId=0
I/DisplayPowerController(  809): Unblocked screen on after 301 ms
I/DisplayManagerService(  809): Display device changed: DisplayDeviceInfo{"Built-in Screen": uniqueId="local:0", 1440 x 2560, 60.0 fps, supportedRefreshRates [60.0], density 560, 494.27 x 492.606 dpi, appVsyncOff 7500000, presDeadline 12666667, touch INTERNAL, rotation 0, type BUILT_IN, state OFF, FLAG_DEFAULT_DISPLAY, FLAG_ROTATES_WITH_CONTENT, FLAG_SECURE, FLAG_SUPPORTS_PROTECTED_BUFFERS}
V/ActivityManager(  809): Display changed displayId=0
I/DisplayPowerController(  809): Blocking screen on until initial contents have been drawn.
I/DisplayManagerService(  809): Display device changed: DisplayDeviceInfo{"Built-in Screen": uniqueId="local:0", 1440 x 2560, 60.0 fps, supportedRefreshRates [60.0], density 560, 494.27 x 492.606 dpi, appVsyncOff 7500000, presDeadline 12666667, touch INTERNAL, rotation 0, type BUILT_IN, state DOZE, FLAG_DEFAULT_DISPLAY, FLAG_ROTATES_WITH_CONTENT, FLAG_SECURE, FLAG_SUPPORTS_PROTECTED_BUFFERS}
V/ActivityManager(  809): Display changed displayId=0
I/DisplayPowerController(  809): Unblocked screen on after 271 ms
I/DisplayManagerService(  809): Display device changed: DisplayDeviceInfo{"Built-in Screen": uniqueId="local:0", 1440 x 2560, 60.0 fps, supportedRefreshRates [60.0], density 560, 494.27 x 492.606 dpi, appVsyncOff 7500000, presDeadline 12666667, touch INTERNAL, rotation 0, type BUILT_IN, state OFF, FLAG_DEFAULT_DISPLAY, FLAG_ROTATES_WITH_CONTENT, FLAG_SECURE, FLAG_SUPPORTS_PROTECTED_BUFFERS}
V/ActivityManager(  809): Display changed displayId=0
I/DisplayPowerController(  809): Blocking screen on until initial contents have been drawn.
I/DisplayManagerService(  809): Display device changed: DisplayDeviceInfo{"Built-in Screen": uniqueId="local:0", 1440 x 2560, 60.0 fps, supportedRefreshRates [60.0], density 560, 494.27 x 492.606 dpi, appVsyncOff 7500000, presDeadline 12666667, touch INTERNAL, rotation 0, type BUILT_IN, state DOZE, FLAG_DEFAULT_DISPLAY, FLAG_ROTATES_WITH_CONTENT, FLAG_SECURE, FLAG_SUPPORTS_PROTECTED_BUFFERS}
V/ActivityManager(  809): Display changed displayId=0
I/DisplayPowerController(  809): Unblocked screen on after 282 ms
I/DisplayManagerService(  809): Display device changed: DisplayDeviceInfo{"Built-in Screen": uniqueId="local:0", 1440 x 2560, 60.0 fps, supportedRefreshRates [60.0], density 560, 494.27 x 492.606 dpi, appVsyncOff 7500000, presDeadline 12666667, touch INTERNAL, rotation 0, type BUILT_IN, state OFF, FLAG_DEFAULT_DISPLAY, FLAG_ROTATES_WITH_CONTENT, FLAG_SECURE, FLAG_SUPPORTS_PROTECTED_BUFFERS}
V/ActivityManager(  809): Display changed displayId=0
D/WifiService(  809): acquireWifiLockLocked: WifiLock{NlpWifiLock type=2 binder=android.os.BinderProxy@6f5ce53}
D/WifiService(  809): releaseWifiLockLocked: WifiLock{NlpWifiLock type=2 binder=android.os.BinderProxy@6f5ce53}
I/ActivityManager(  809): Start proc 14981:com.google.android.apps.genie.geniewidget/u0a87 for broadcast com.google.android.apps.genie.geniewidget/.appwidget.NewsWeatherAppWidgetProvider
I/ActivityManager(  809): Killing 13447:com.google.android.keep/u0a86 (adj 15): empty #17
W/ResourcesManager(14981): Asset path '/system/framework/com.android.media.remotedisplay.jar' does not exist or contains no resources.
W/ResourcesManager(14981): Asset path '/system/framework/com.android.location.provider.jar' does not exist or contains no resources.
I/ActivityManager(  809): Start proc 15019:com.google.android.apps.fitness/u0a58 for broadcast com.google.android.apps.fitness/.wearable.WearableSyncReceiver
I/ActivityManager(  809): Killing 12194:com.google.android.apps.gcs/u0a13 (adj 15): empty #17
D/WifiService(  809): acquireWifiLockLocked: WifiLock{NlpWifiLock type=2 binder=android.os.BinderProxy@17a7d6f8}
D/WifiService(  809): releaseWifiLockLocked: WifiLock{NlpWifiLock type=2 binder=android.os.BinderProxy@17a7d6f8}
D/WifiService(  809): acquireWifiLockLocked: WifiLock{NlpWifiLock type=2 binder=android.os.BinderProxy@25a2c11a}
D/WifiService(  809): releaseWifiLockLocked: WifiLock{NlpWifiLock type=2 binder=android.os.BinderProxy@25a2c11a}
