D/BluetoothAdapter(29970): 650156838: getState() :  mService = null. Returning STATE_OFF
D/BluetoothAdapter(29970): 650156838: getState() :  mService = null. Returning STATE_OFF
W/IInputConnectionWrapper(13619): getTextBeforeCursor on inactive InputConnection
E/RichInputConnection( 1260): Unable to connect to the editor to retrieve text.
W/RichInputConnection( 1260): Unable to connect to the editor. Setting caps mode without knowing text.
E/AmanattoDataUpdaterHelper( 1260): Failed to get contextual suggestions.
E/AmanattoDataUpdaterHelper( 1260): package name: com.google.android.talk
E/AmanattoDataUpdaterHelper( 1260): Error message: Disabled
I/Babel   (13619): Creating RTCS
I/Babel   (13619): Destroying RTCS
D/PhoneStatusBar(29970): disable: < expand ICONS alerts SYSTEM_INFO back HOME* RECENT* clock SEARCH* >
E/WifiStateMachine(  809): WifiStateMachine CMD_START_SCAN source -2 txSuccessRate=0.00 rxSuccessRate=0.00 targetRoamBSSID=any RSSI=-42
E/WifiStateMachine(  809): WifiStateMachine L2Connected CMD_START_SCAN source -2 7795, 7796 -> obsolete
V/BackupManagerService(  809): Running a backup pass
V/BackupManagerService(  809): Backup requested but nothing pending
V/GsmInboundSmsHandler( 1367): bindService() for carrier messaging service succeeded
V/GsmInboundSmsHandler( 1367): onFilterComplete: keepMessage is true
D/MmsService( 1367): getAutoPersisting
I/Babel   (13619): Creating RTCS
E/SQLiteLog(13619): (284) automatic index on conversation_participants_view(conversation_id)
I/Babel   (13619): Destroying RTCS
D/NuPlayerDriver(  361): reset(0xb24cfb20)
D/NuPlayerDriver(  361): notifyResetComplete(0xb24cfb20)
I/ValidateNoPeople(  809): Validating: 0|com.google.android.talk|0|com.google.android.talk1:client_generated:sms:3907295378355778916|10020
I/ValidateNoPeople(  809): final affinity: 0.0
E/SQLiteLog(13619): (284) automatic index on conversation_participants_view(conversation_id)
E/SQLiteLog(13619): (284) automatic index on conversation_participants_view(conversation_id)
E/MediaPlayer(29970): Should have subtitle controller already set
I/MediaFocusControl(  809):  AudioFocus  requestAudioFocus() from android.media.AudioManager@10accb39 req=3flags=0x0
D/AudioManager( 7973): AudioManager dispatching onAudioFocusChange(-3) for android.media.AudioManager@257796afau.com.shiftyjelly.pocketcasts.audio.a@1e2eaabc
D/NuPlayerDriver(  361): start(0xb24cfdc0)
I/GenericSource(  361): start
E/MediaPlayer(29970): Should have subtitle controller already set
D/audio_hw_primary(  361): out_set_parameters: enter: usecase(1: low-latency-playback) kvpairs: routing=4194304
D/audio_hw_primary(  361): select_devices: out_snd_device(4: speaker-safe) in_snd_device(0: none)
D/msm8974_platform(  361): platform_send_audio_calibration: sending audio calibration for snd_device(4) acdb_id(15)
E/ACDB-LOADER(  361): Error: ACDB AFE returned = -19
D/audio_hw_primary(  361): enable_snd_device: snd_device(4: speaker-safe)
D/audio_hw_primary(  361): enable_audio_route: apply and update mixer path: low-latency-playback speaker
E/qti_sensors_hal(  809): waitForResponse: pthread_cond_timedwait() rc=110 (cond: 0)
E/qti_sensors_hal(  809): deactivateDpc: ERROR: No response from the request
I/DisplayPowerController(  809): Blocking screen on until initial contents have been drawn.
D/SurfaceFlinger(  259): Set power mode=1, type=0 flinger=0xb6082000
D/qdhwcomposer(  259): hwc_setPowerMode: Setting mode 1 on display: 0
I/DisplayManagerService(  809): Display device changed: DisplayDeviceInfo{"Built-in Screen": uniqueId="local:0", 1440 x 2560, 60.0 fps, supportedRefreshRates [60.0], density 560, 494.27 x 492.606 dpi, appVsyncOff 7500000, presDeadline 12666667, touch INTERNAL, rotation 0, type BUILT_IN, state DOZE, FLAG_DEFAULT_DISPLAY, FLAG_ROTATES_WITH_CONTENT, FLAG_SECURE, FLAG_SUPPORTS_PROTECTED_BUFFERS}
V/ActivityManager(  809): Display changed displayId=0
I/qdhwcomposer(  259): handle_blank_event: dpy:0 panel power state: 2
D/qdhwcomposer(  259): hwc_setPowerMode: Done setting mode 1 on display 0
D/SurfaceControl(  809): Excessive delay in setPowerMode(): 250ms
I/DisplayPowerController(  809): Unblocked screen on after 277 ms
I/MediaFocusControl(  809):  AudioFocus  abandonAudioFocus() from android.media.AudioManager@10accb39
D/AudioManager( 7973): AudioManager dispatching onAudioFocusChange(1) for android.media.AudioManager@257796afau.com.shiftyjelly.pocketcasts.audio.a@1e2eaabc
I/PowerManagerService(  809): Waking up from dozing (uid 10029)...
I/DisplayManagerService(  809): Display device changed: DisplayDeviceInfo{"Built-in Screen": uniqueId="local:0", 1440 x 2560, 60.0 fps, supportedRefreshRates [60.0], density 560, 494.27 x 492.606 dpi, appVsyncOff 7500000, presDeadline 12666667, touch INTERNAL, rotation 0, type BUILT_IN, state ON, FLAG_DEFAULT_DISPLAY, FLAG_ROTATES_WITH_CONTENT, FLAG_SECURE, FLAG_SUPPORTS_PROTECTED_BUFFERS}
D/SurfaceFlinger(  259): Set power mode=2, type=0 flinger=0xb6082000
D/qdhwcomposer(  259): hwc_setPowerMode: Setting mode 2 on display: 0
V/KeyguardServiceDelegate(  809): onScreenTurnedOn(showListener = com.android.internal.policy.impl.PhoneWindowManager$2@2f6b2f4d)
V/ActivityManager(  809): Display changed displayId=0
D/qdhwcomposer(  259): hwc_setPowerMode: Done setting mode 2 on display 0
I/qdhwcomposer(  259): handle_blank_event: dpy:0 panel power state: 1
I/DreamManagerService(  809): Gently waking up from dream.
D/audio_hw_primary(  361): adev_set_parameters: enter: screen_state=on
D/mot_vr_audio_hw(  361): adev_set_parameters: screen_state=on
E/WifiStateMachine(  809): cancelDelayedScan -> 7797
I/DreamManagerService(  809): Leaving dreamland.
I/DreamController(  809): Stopping dream: name=ComponentInfo{com.android.systemui/com.android.systemui.doze.DozeService}, isTest=false, canDoze=true, userId=0
V/KeyguardServiceDelegate(  809): **** SHOWN CALLED ****
E/native  (  809): do suspend false
E/WifiStateMachine(  809): WifiStateMachine CMD_START_SCAN source -2 txSuccessRate=3.00 rxSuccessRate=25.50 targetRoamBSSID=any RSSI=-45
E/WifiStateMachine(  809): WifiStateMachine starting scan for "darrel"WPA_PSK with 5745,2437
D/audio_hw_primary(  361): disable_audio_route: reset and update mixer path: low-latency-playback speaker
D/audio_hw_primary(  361): disable_snd_device: snd_device(4: speaker-safe)
D/StatusBar(29970): Clicked on content of 0|com.google.android.talk|0|com.google.android.talk1:client_generated:sms:3907295378355778916|10020
I/ActivityManager(  809): START u0 {act=com.google.android.apps.hangouts.phone.conversationlist cat=[android.intent.category.LAUNCHER] flg=0x1000c000 cmp=com.google.android.talk/com.google.android.apps.hangouts.phone.BabelHomeActivity} from uid 10020 on display 0
I/WindowManager(  809): Screenshot max retries 4 of Token{152e56e2 ActivityRecord{6d363ad u0 com.google.android.talk/com.google.android.apps.hangouts.phone.ConversationActivity t826 f}} appWin=Window{3d56c260 u0 com.google.android.talk/com.google.android.apps.hangouts.phone.ConversationActivity} drawState=4
V/WindowManager(  809): addAppToken: AppWindowToken{2284d1ac token=Token{34a3435f ActivityRecord{21606ffe u0 com.google.android.talk/com.google.android.apps.hangouts.phone.BabelHomeActivity t826}}} to stack=1 task=826 at 1
V/WindowManager(  809): Adding window Window{7dc3f57 u0 Starting com.google.android.talk} at 24 of 29 (after Window{3d56c260 u0 com.google.android.talk/com.google.android.apps.hangouts.phone.ConversationActivity})
I/ActivityManager(  809): START u0 {flg=0x14000000 cmp=com.google.android.talk/com.google.android.apps.hangouts.phone.ConversationActivity (has extras)} from uid 10020 on display 0
V/WindowManager(  809): addAppToken: AppWindowToken{21bbd462 token=Token{e5a672d ActivityRecord{85daa44 u0 com.google.android.talk/com.google.android.apps.hangouts.phone.ConversationActivity t826}}} to stack=1 task=826 at 2
D/NuPlayerDriver(  361): stop(0xb24cfdc0)
W/MessageQueue(29970): Handler (android.media.MediaPlayer$EventHandler) {25c5a19} sending message to a Handler on a dead thread
W/MessageQueue(29970): java.lang.IllegalStateException: Handler (android.media.MediaPlayer$EventHandler) {25c5a19} sending message to a Handler on a dead thread
W/MessageQueue(29970): 	at android.os.MessageQueue.enqueueMessage(MessageQueue.java:325)
W/MessageQueue(29970): 	at android.os.Handler.enqueueMessage(Handler.java:631)
W/MessageQueue(29970): 	at android.os.Handler.sendMessageAtTime(Handler.java:600)
W/MessageQueue(29970): 	at android.os.Handler.sendMessageDelayed(Handler.java:570)
W/MessageQueue(29970): 	at android.os.Handler.sendMessage(Handler.java:507)
W/MessageQueue(29970): 	at android.media.MediaPlayer.postEventFromNative(MediaPlayer.java:2670)
D/NuPlayerDriver(  361): reset(0xb24cfdc0)
D/NuPlayerDriver(  361): notifyResetComplete(0xb24cfdc0)
D/PhoneStatusBar(29970): disable: < expand ICONS alerts SYSTEM_INFO back HOME RECENT clock SEARCH >
D/PhoneStatusBar(29970): disable: < expand icons* alerts system_info* back HOME RECENT clock SEARCH >
D/BluetoothAdapter(29970): 650156838: getState() :  mService = null. Returning STATE_OFF
D/BluetoothAdapter(29970): 650156838: getState() :  mService = null. Returning STATE_OFF
D/PhoneStatusBar(29970): disable: < expand icons alerts system_info back HOME RECENT clock SEARCH >
V/UserPresentBroadcastReceiver(21153): Received Intent { act=android.intent.action.USER_PRESENT flg=0x24000010 cmp=com.google.android.gms/.auth.trustagent.UserPresentBroadcastReceiver }.
D/BluetoothAdapter(29970): 650156838: getState() :  mService = null. Returning STATE_OFF
D/BluetoothAdapter(29970): 650156838: getState() :  mService = null. Returning STATE_OFF
V/UserPresentBroadcastReceiver(21153): Received Intent { act=android.intent.action.USER_PRESENT flg=0x24000010 cmp=com.google.android.gms/.auth.trustagent.UserPresentBroadcastReceiver }.
D/PhoneStatusBar(29970): disable: < expand icons alerts system_info back home* recent* clock search* >
I/art     (21008): Explicit concurrent mark sweep GC freed 48377(2MB) AllocSpace objects, 0(0B) LOS objects, 37% free, 26MB/42MB, paused 1.226ms total 44.452ms
I/Babel   (13619): Skipping variant computation; already ran
I/Babel   (13619): Skipping variant computation; already ran
I/Babel   (13619): Creating RTCS
I/Babel   (13619): Start loaders for ahd{25db3895 #0 id=0x7f0900fc aou}(client_generated:sms:3907295378355778916) loader: LoaderManager{1d2adaa in ConversationActivity{3319ed9b}}
W/ResourcesManager(13619): Asset path '/system/framework/com.android.media.remotedisplay.jar' does not exist or contains no resources.
W/ResourcesManager(13619): Asset path '/system/framework/com.android.location.provider.jar' does not exist or contains no resources.
V/WindowManager(  809): Adding window Window{2476c5e3 u0 com.google.android.talk/com.google.android.apps.hangouts.phone.ConversationActivity} at 23 of 29 (after Window{3d56c260 u0 com.google.android.talk/com.google.android.apps.hangouts.phone.ConversationActivity})
I/Babel   (13619): Skipping variant computation; already ran
I/art     (  809): Explicit concurrent mark sweep GC freed 45624(2MB) AllocSpace objects, 6(96KB) LOS objects, 19% free, 67MB/83MB, paused 1.824ms total 80.958ms
I/ActivityManager(  809): Displayed com.google.android.talk/com.google.android.apps.hangouts.phone.ConversationActivity: +447ms
I/Babel   (13619): Destroying RTCS
I/Babel   (13619): Skipping variant computation; already ran
I/Babel   (13619): Creating RTCS
I/Babel   (13619): Skipping variant computation; already ran
I/Babel   (13619): Starting variant engine for ahd{25db3895 #0 id=0x7f0900fc aou} loader: LoaderManager{1d2adaa in ConversationActivity{3319ed9b}}
I/Babel   (13619): Skipping variant computation; already ran
I/Babel   (13619): gv/filtered nullfalse;false;true;true;true;
I/Babel   (13619): Destroying RTCS
I/Babel   (13619): Creating RTCS
I/Babel   (13619): Destroying RTCS
I/Babel   (13619): Skipping variant computation; already ran
I/LatinIME( 1260): Starting input. Cursor position = 0,0
I/LatinIME:LogUtils( 1260): Dictionary info: dictionary = ContextualDictionary.en_US ; version = 1428428294 ; date = ?
E/AmanattoDataUpdaterHelper( 1260): Failed to get contextual suggestions.
E/AmanattoDataUpdaterHelper( 1260): package name: com.google.android.talk
E/AmanattoDataUpdaterHelper( 1260): Error message: Disabled
I/PowerManagerService(  809): Going to sleep due to power button (uid 1000)...
I/DisplayManagerService(  809): Display device changed: DisplayDeviceInfo{"Built-in Screen": uniqueId="local:0", 1440 x 2560, 60.0 fps, supportedRefreshRates [60.0], density 560, 494.27 x 492.606 dpi, appVsyncOff 7500000, presDeadline 12666667, touch INTERNAL, rotation 0, type BUILT_IN, state OFF, FLAG_DEFAULT_DISPLAY, FLAG_ROTATES_WITH_CONTENT, FLAG_SECURE, FLAG_SUPPORTS_PROTECTED_BUFFERS}
D/SurfaceFlinger(  259): Set power mode=0, type=0 flinger=0xb6082000
D/qdhwcomposer(  259): hwc_setPowerMode: Setting mode 0 on display: 0
V/ActivityManager(  809): Display changed displayId=0
I/qdhwcomposer(  259): handle_blank_event: dpy:0 panel power state: 0
D/qdhwcomposer(  259): hwc_setPowerMode: Done setting mode 0 on display 0
D/SurfaceControl(  809): Excessive delay in setPowerMode(): 248ms
I/DreamManagerService(  809): Entering dreamland.
I/PowerManagerService(  809): Dozing...
I/DreamController(  809): Starting dream: name=ComponentInfo{com.android.systemui/com.android.systemui.doze.DozeService}, isTest=false, canDoze=true, userId=0
D/audio_hw_primary(  361): adev_set_parameters: enter: screen_state=off
D/mot_vr_audio_hw(  361): adev_set_parameters: screen_state=off
I/LatinIME( 1260): Starting input. Cursor position = 0,0
W/IInputConnectionWrapper(13619): getSelectedText on inactive InputConnection
W/IInputConnectionWrapper(13619): requestCursorAnchorInfo on inactive InputConnection
W/IInputConnectionWrapper(13619): getTextBeforeCursor on inactive InputConnection
E/RichInputConnection( 1260): Unable to connect to the editor to retrieve text.
D/RichInputConnection( 1260): Will try to retrieve text later.
E/WifiStateMachine(  809): cancelDelayedScan -> 7800
E/native  (  809): do suspend true
W/IInputConnectionWrapper(13619): getTextBeforeCursor on inactive InputConnection
E/RichInputConnection( 1260): Unable to connect to the editor to retrieve text.
W/RichInputConnection( 1260): Unable to connect to the editor. Setting caps mode without knowing text.
D/PhoneStatusBar(29970): disable: < expand ICONS* alerts SYSTEM_INFO* back home recent clock search >
I/LatinIME:LogUtils( 1260): Dictionary info: dictionary = ContextualDictionary.en_US ; version = 1428428304 ; date = ?
D/BluetoothAdapter(29970): 650156838: getState() :  mService = null. Returning STATE_OFF
D/BluetoothAdapter(29970): 650156838: getState() :  mService = null. Returning STATE_OFF
W/IInputConnectionWrapper(13619): getTextBeforeCursor on inactive InputConnection
E/RichInputConnection( 1260): Unable to connect to the editor to retrieve text.
D/RichInputConnection( 1260): Will try to retrieve text later.
W/IInputConnectionWrapper(13619): getTextBeforeCursor on inactive InputConnection
E/RichInputConnection( 1260): Unable to connect to the editor to retrieve text.
D/RichInputConnection( 1260): Will try to retrieve text later.
W/IInputConnectionWrapper(13619): getTextBeforeCursor on inactive InputConnection
E/RichInputConnection( 1260): Unable to connect to the editor to retrieve text.
D/RichInputConnection( 1260): Will try to retrieve text later.
W/IInputConnectionWrapper(13619): getTextBeforeCursor on inactive InputConnection
E/RichInputConnection( 1260): Unable to connect to the editor to retrieve text.
D/RichInputConnection( 1260): Will try to retrieve text later.
W/IInputConnectionWrapper(13619): getTextBeforeCursor on inactive InputConnection
E/RichInputConnection( 1260): Unable to connect to the editor to retrieve text.
D/RichInputConnection( 1260): Will try to retrieve text later.
W/IInputConnectionWrapper(13619): getTextBeforeCursor on inactive InputConnection
E/RichInputConnection( 1260): Unable to connect to the editor to retrieve text.
D/RichInputConnection( 1260): Will try to retrieve text later.
D/BluetoothAdapter(29970): 650156838: getState() :  mService = null. Returning STATE_OFF
D/BluetoothAdapter(29970): 650156838: getState() :  mService = null. Returning STATE_OFF
W/IInputConnectionWrapper(13619): getTextBeforeCursor on inactive InputConnection
W/IInputConnectionWrapper(13619): getSelectedText on inactive InputConnection
W/IInputConnectionWrapper(13619): getTextBeforeCursor on inactive InputConnection
E/RichInputConnection( 1260): Unable to connect to the editor to retrieve text.
W/RichInputConnection( 1260): Unable to connect to the editor. Setting caps mode without knowing text.
E/AmanattoDataUpdaterHelper( 1260): Failed to get contextual suggestions.
E/AmanattoDataUpdaterHelper( 1260): package name: com.google.android.talk
E/AmanattoDataUpdaterHelper( 1260): Error message: Disabled
I/Babel   (13619): Creating RTCS
I/Babel   (13619): Destroying RTCS
D/PhoneStatusBar(29970): disable: < expand ICONS alerts SYSTEM_INFO back HOME* RECENT* clock SEARCH* >
E/WifiStateMachine(  809): WifiStateMachine CMD_START_SCAN source -2 txSuccessRate=0.00 rxSuccessRate=0.00 targetRoamBSSID=any RSSI=-41
E/WifiStateMachine(  809): WifiStateMachine L2Connected CMD_START_SCAN source -2 7799, 7800 -> obsolete
I/PowerManagerService(  809): Waking up from dozing (uid 1000)...
V/KeyguardServiceDelegate(  809): onScreenTurnedOn(showListener = com.android.internal.policy.impl.PhoneWindowManager$2@2f6b2f4d)
I/DisplayPowerController(  809): Blocking screen on until initial contents have been drawn.
D/SurfaceFlinger(  259): Set power mode=2, type=0 flinger=0xb6082000
D/qdhwcomposer(  259): hwc_setPowerMode: Setting mode 2 on display: 0
D/audio_hw_primary(  361): adev_set_parameters: enter: screen_state=on
I/DisplayManagerService(  809): Display device changed: DisplayDeviceInfo{"Built-in Screen": uniqueId="local:0", 1440 x 2560, 60.0 fps, supportedRefreshRates [60.0], density 560, 494.27 x 492.606 dpi, appVsyncOff 7500000, presDeadline 12666667, touch INTERNAL, rotation 0, type BUILT_IN, state ON, FLAG_DEFAULT_DISPLAY, FLAG_ROTATES_WITH_CONTENT, FLAG_SECURE, FLAG_SUPPORTS_PROTECTED_BUFFERS}
D/mot_vr_audio_hw(  361): adev_set_parameters: screen_state=on
V/ActivityManager(  809): Display changed displayId=0
E/WifiStateMachine(  809): cancelDelayedScan -> 7801
E/native  (  809): do suspend false
I/art     (  809): Explicit concurrent mark sweep GC freed 48663(2MB) AllocSpace objects, 4(1812KB) LOS objects, 19% free, 67MB/83MB, paused 1.154ms total 116.349ms
V/KeyguardServiceDelegate(  809): **** SHOWN CALLED ****
D/LocationFilter(21153): Forcing stable location. Original location:Location[fused 38.911620,-92.341521 acc=49 et=+11d23h12m56s91ms] because SMD didn't trigger.
I/GCoreUlr(21153): Successfully inserted location
I/qdhwcomposer(  259): handle_blank_event: dpy:0 panel power state: 1
I/GCoreUlr(21153): Not calling LocationReporter, hasMoved: false, elapsed millis: 1351726, request: Stationary(3600000)
D/qdhwcomposer(  259): hwc_setPowerMode: Done setting mode 2 on display 0
D/SurfaceControl(  809): Excessive delay in setPowerMode(): 237ms
I/DisplayPowerController(  809): Unblocked screen on after 248 ms
I/DreamManagerService(  809): Gently waking up from dream.
I/DreamManagerService(  809): Leaving dreamland.
I/DreamController(  809): Stopping dream: name=ComponentInfo{com.android.systemui/com.android.systemui.doze.DozeService}, isTest=false, canDoze=true, userId=0
E/WifiStateMachine(  809): WifiStateMachine CMD_START_SCAN source -2 txSuccessRate=0.00 rxSuccessRate=0.00 targetRoamBSSID=any RSSI=-40
D/PhoneStatusBar(29970): disable: < expand ICONS alerts SYSTEM_INFO back HOME RECENT clock SEARCH >
D/PhoneStatusBar(29970): disable: < expand icons* alerts system_info* back HOME RECENT clock SEARCH >
D/BluetoothAdapter(29970): 650156838: getState() :  mService = null. Returning STATE_OFF
D/BluetoothAdapter(29970): 650156838: getState() :  mService = null. Returning STATE_OFF
V/UserPresentBroadcastReceiver(21153): Received Intent { act=android.intent.action.USER_PRESENT flg=0x24000010 cmp=com.google.android.gms/.auth.trustagent.UserPresentBroadcastReceiver }.
D/PhoneStatusBar(29970): disable: < expand icons alerts system_info back home* recent* clock search* >
I/Babel   (13619): Skipping variant computation; already ran
W/InputMethodManagerService(  809): Window already focused, ignoring focus gain of: com.android.internal.view.IInputMethodClient$Stub$Proxy@10562593 attribute=android.view.inputmethod.EditorInfo@16d2f9d0, token = android.os.BinderProxy@32061a12
I/Babel   (13619): Creating RTCS
I/Babel   (13619): Skipping variant computation; already ran
I/Babel   (13619): Destroying RTCS
I/Babel   (13619): Skipping variant computation; already ran
I/LatinIME( 1260): Starting input. Cursor position = 0,0
I/LatinIME:LogUtils( 1260): Dictionary info: dictionary = ContextualDictionary.en_US ; version = 1428428311 ; date = ?
E/AmanattoDataUpdaterHelper( 1260): Failed to get contextual suggestions.
E/AmanattoDataUpdaterHelper( 1260): package name: com.google.android.talk
E/AmanattoDataUpdaterHelper( 1260): Error message: Disabled
I/art     (  809): Explicit concurrent mark sweep GC freed 41379(1705KB) AllocSpace objects, 5(1828KB) LOS objects, 19% free, 65MB/81MB, paused 2.458ms total 131.121ms
I/art     ( 1367): Explicit concurrent mark sweep GC freed 59200(3MB) AllocSpace objects, 163(4MB) LOS objects, 34% free, 29MB/45MB, paused 1.398ms total 48.307ms
E/WifiStateMachine(  809): WifiStateMachine CMD_START_SCAN source -2 txSuccessRate=0.86 rxSuccessRate=1.64 targetRoamBSSID=any RSSI=-41
E/WifiStateMachine(  809): WifiStateMachine starting scan for "darrel"WPA_PSK with 5745,2437
W/ProcessStats(  809): Time val negative: -89312
W/ProcessStats(  809): Time val negative: -18755
W/ProcessStats(  809): Time val negative: -168928
W/ProcessStats(  809): Time val negative: -105510
W/ProcessStats(  809): Time val negative: -42092
I/ProcessStatsService(  809): Prepared write state in 17ms
I/ProcessStatsService(  809): Pruning old procstats: /data/system/procstats/state-2015-04-06-01-42-36.bin.ci
D/GCM     (21008): Message class com.google.f.a.a.i
I/Babel   (13619): Creating RTCS
I/LatinIME( 1260): Starting input. Cursor position = 95,95
W/ResourcesManager(13619): Asset path '/system/framework/com.android.media.remotedisplay.jar' does not exist or contains no resources.
W/ResourcesManager(13619): Asset path '/system/framework/com.android.location.provider.jar' does not exist or contains no resources.
I/art     (  809): Explicit concurrent mark sweep GC freed 48023(1977KB) AllocSpace objects, 6(150KB) LOS objects, 19% free, 65MB/81MB, paused 1.287ms total 92.224ms
I/Babel   (13619): Destroying RTCS
I/LatinIME:LogUtils( 1260): Dictionary info: dictionary = ContextualDictionary.en_US ; version = 1428428339 ; date = ?
I/Babel   (13619): Skipping variant computation; already ran
E/AmanattoDataUpdaterHelper( 1260): Failed to get contextual suggestions.
E/AmanattoDataUpdaterHelper( 1260): package name: com.google.android.talk
E/AmanattoDataUpdaterHelper( 1260): Error message: Disabled
I/Babel   (13619): Skipping variant computation; already ran
I/Babel   (13619): Creating RTCS
I/Babel   (13619): Skipping variant computation; already ran
E/SQLiteLog(13619): (284) automatic index on conversation_participants_view(conversation_id)
I/Babel   (13619): Destroying RTCS
E/SQLiteLog(13619): (284) automatic index on conversation_participants_view(conversation_id)
E/SQLiteLog(13619): (284) automatic index on conversation_participants_view(conversation_id)
I/PowerManagerService(  809): Going to sleep due to power button (uid 1000)...
I/Babel   (13619): Skipping variant computation; already ran
D/MmsService( 1367): getAutoPersisting
W/ResourcesManager( 1367): Asset path '/system/framework/com.google.android.media.effects.jar' does not exist or contains no resources.
I/Babel   (13619): Creating RTCS
I/art     (13619): Note: end time exceeds epoch: 
I/Babel   (13619): Destroying RTCS
I/Babel   (13619): Skipping variant computation; already ran
I/DisplayManagerService(  809): Display device changed: DisplayDeviceInfo{"Built-in Screen": uniqueId="local:0", 1440 x 2560, 60.0 fps, supportedRefreshRates [60.0], density 560, 494.27 x 492.606 dpi, appVsyncOff 7500000, presDeadline 12666667, touch INTERNAL, rotation 0, type BUILT_IN, state OFF, FLAG_DEFAULT_DISPLAY, FLAG_ROTATES_WITH_CONTENT, FLAG_SECURE, FLAG_SUPPORTS_PROTECTED_BUFFERS}
D/SurfaceFlinger(  259): Set power mode=0, type=0 flinger=0xb6082000
D/qdhwcomposer(  259): hwc_setPowerMode: Setting mode 0 on display: 0
V/ActivityManager(  809): Display changed displayId=0
I/qdhwcomposer(  259): handle_blank_event: dpy:0 panel power state: 0
D/qdhwcomposer(  259): hwc_setPowerMode: Done setting mode 0 on display 0
D/SurfaceControl(  809): Excessive delay in setPowerMode(): 256ms
I/DreamManagerService(  809): Entering dreamland.
I/PowerManagerService(  809): Dozing...
I/DreamController(  809): Starting dream: name=ComponentInfo{com.android.systemui/com.android.systemui.doze.DozeService}, isTest=false, canDoze=true, userId=0
D/audio_hw_primary(  361): adev_set_parameters: enter: screen_state=off
D/mot_vr_audio_hw(  361): adev_set_parameters: screen_state=off
I/LatinIME( 1260): Starting input. Cursor position = 0,0
E/WifiStateMachine(  809): cancelDelayedScan -> 7805
W/IInputConnectionWrapper(13619): getSelectedText on inactive InputConnection
W/IInputConnectionWrapper(13619): requestCursorAnchorInfo on inactive InputConnection
W/IInputConnectionWrapper(13619): getTextBeforeCursor on inactive InputConnection
E/native  (  809): do suspend true
E/RichInputConnection( 1260): Unable to connect to the editor to retrieve text.
D/RichInputConnection( 1260): Will try to retrieve text later.
W/IInputConnectionWrapper(13619): getTextBeforeCursor on inactive InputConnection
E/RichInputConnection( 1260): Unable to connect to the editor to retrieve text.
W/RichInputConnection( 1260): Unable to connect to the editor. Setting caps mode without knowing text.
D/PhoneStatusBar(29970): disable: < expand ICONS* alerts SYSTEM_INFO* back home recent clock search >
I/LatinIME:LogUtils( 1260): Dictionary info: dictionary = ContextualDictionary.en_US ; version = 1428428340 ; date = ?
D/BluetoothAdapter(29970): 650156838: getState() :  mService = null. Returning STATE_OFF
D/BluetoothAdapter(29970): 650156838: getState() :  mService = null. Returning STATE_OFF
W/IInputConnectionWrapper(13619): getTextBeforeCursor on inactive InputConnection
E/RichInputConnection( 1260): Unable to connect to the editor to retrieve text.
D/RichInputConnection( 1260): Will try to retrieve text later.
W/IInputConnectionWrapper(13619): getTextBeforeCursor on inactive InputConnection
E/RichInputConnection( 1260): Unable to connect to the editor to retrieve text.
D/RichInputConnection( 1260): Will try to retrieve text later.
W/IInputConnectionWrapper(13619): getTextBeforeCursor on inactive InputConnection
E/RichInputConnection( 1260): Unable to connect to the editor to retrieve text.
D/RichInputConnection( 1260): Will try to retrieve text later.
W/IInputConnectionWrapper(13619): getTextBeforeCursor on inactive InputConnection
E/RichInputConnection( 1260): Unable to connect to the editor to retrieve text.
D/RichInputConnection( 1260): Will try to retrieve text later.
W/IInputConnectionWrapper(13619): getTextBeforeCursor on inactive InputConnection
E/RichInputConnection( 1260): Unable to connect to the editor to retrieve text.
D/RichInputConnection( 1260): Will try to retrieve text later.
W/IInputConnectionWrapper(13619): getTextBeforeCursor on inactive InputConnection
E/RichInputConnection( 1260): Unable to connect to the editor to retrieve text.
D/RichInputConnection( 1260): Will try to retrieve text later.
W/IInputConnectionWrapper(13619): getTextBeforeCursor on inactive InputConnection
W/IInputConnectionWrapper(13619): getSelectedText on inactive InputConnection
W/IInputConnectionWrapper(13619): getTextBeforeCursor on inactive InputConnection
E/RichInputConnection( 1260): Unable to connect to the editor to retrieve text.
W/RichInputConnection( 1260): Unable to connect to the editor. Setting caps mode without knowing text.
D/BluetoothAdapter(29970): 650156838: getState() :  mService = null. Returning STATE_OFF
D/BluetoothAdapter(29970): 650156838: getState() :  mService = null. Returning STATE_OFF
E/AmanattoDataUpdaterHelper( 1260): Failed to get contextual suggestions.
E/AmanattoDataUpdaterHelper( 1260): package name: com.google.android.talk
E/AmanattoDataUpdaterHelper( 1260): Error message: Disabled
I/Babel   (13619): Creating RTCS
I/Babel   (13619): Destroying RTCS
D/PhoneStatusBar(29970): disable: < expand ICONS alerts SYSTEM_INFO back HOME* RECENT* clock SEARCH* >
E/WifiStateMachine(  809): WifiStateMachine CMD_START_SCAN source -2 txSuccessRate=0.00 rxSuccessRate=0.00 targetRoamBSSID=any RSSI=-42
E/WifiStateMachine(  809): WifiStateMachine L2Connected CMD_START_SCAN source -2 7804, 7805 -> obsolete
I/art     (21008): Explicit concurrent mark sweep GC freed 33403(1637KB) AllocSpace objects, 0(0B) LOS objects, 37% free, 26MB/42MB, paused 1.312ms total 110.852ms
V/GsmInboundSmsHandler( 1367): bindService() for carrier messaging service succeeded
V/GsmInboundSmsHandler( 1367): onFilterComplete: keepMessage is true
D/MmsService( 1367): getAutoPersisting
I/Babel   (13619): Creating RTCS
E/SQLiteLog(13619): (284) automatic index on conversation_participants_view(conversation_id)
I/Babel   (13619): Destroying RTCS
D/NuPlayerDriver(  361): reset(0xb24cfee0)
D/NuPlayerDriver(  361): notifyResetComplete(0xb24cfee0)
I/ValidateNoPeople(  809): Validating: 0|com.google.android.talk|0|com.google.android.talk1:client_generated:sms:3907295378355778916|10020
I/ValidateNoPeople(  809): final affinity: 0.0
E/SQLiteLog(13619): (284) automatic index on conversation_participants_view(conversation_id)
E/SQLiteLog(13619): (284) automatic index on conversation_participants_view(conversation_id)
E/MediaPlayer(29970): Should have subtitle controller already set
I/MediaFocusControl(  809):  AudioFocus  requestAudioFocus() from android.media.AudioManager@7f093ab req=3flags=0x0
D/AudioManager( 7973): AudioManager dispatching onAudioFocusChange(-3) for android.media.AudioManager@257796afau.com.shiftyjelly.pocketcasts.audio.a@1e2eaabc
D/NuPlayerDriver(  361): start(0xb24cf880)
I/GenericSource(  361): start
E/MediaPlayer(29970): Should have subtitle controller already set
D/audio_hw_primary(  361): out_set_parameters: enter: usecase(1: low-latency-playback) kvpairs: routing=4194304
D/audio_hw_primary(  361): select_devices: out_snd_device(4: speaker-safe) in_snd_device(0: none)
D/msm8974_platform(  361): platform_send_audio_calibration: sending audio calibration for snd_device(4) acdb_id(15)
E/ACDB-LOADER(  361): Error: ACDB AFE returned = -19
D/audio_hw_primary(  361): enable_snd_device: snd_device(4: speaker-safe)
D/audio_hw_primary(  361): enable_audio_route: apply and update mixer path: low-latency-playback speaker
E/qti_sensors_hal(  809): waitForResponse: pthread_cond_timedwait() rc=110 (cond: 0)
E/qti_sensors_hal(  809): deactivateDpc: ERROR: No response from the request
I/DisplayPowerController(  809): Blocking screen on until initial contents have been drawn.
D/SurfaceFlinger(  259): Set power mode=1, type=0 flinger=0xb6082000
D/qdhwcomposer(  259): hwc_setPowerMode: Setting mode 1 on display: 0
I/DisplayManagerService(  809): Display device changed: DisplayDeviceInfo{"Built-in Screen": uniqueId="local:0", 1440 x 2560, 60.0 fps, supportedRefreshRates [60.0], density 560, 494.27 x 492.606 dpi, appVsyncOff 7500000, presDeadline 12666667, touch INTERNAL, rotation 0, type BUILT_IN, state DOZE, FLAG_DEFAULT_DISPLAY, FLAG_ROTATES_WITH_CONTENT, FLAG_SECURE, FLAG_SUPPORTS_PROTECTED_BUFFERS}
V/ActivityManager(  809): Display changed displayId=0
I/qdhwcomposer(  259): handle_blank_event: dpy:0 panel power state: 2
D/qdhwcomposer(  259): hwc_setPowerMode: Done setting mode 1 on display 0
D/SurfaceControl(  809): Excessive delay in setPowerMode(): 256ms
I/DisplayPowerController(  809): Unblocked screen on after 286 ms
I/MediaFocusControl(  809):  AudioFocus  abandonAudioFocus() from android.media.AudioManager@7f093ab
D/AudioManager( 7973): AudioManager dispatching onAudioFocusChange(1) for android.media.AudioManager@257796afau.com.shiftyjelly.pocketcasts.audio.a@1e2eaabc
I/PowerManagerService(  809): Waking up from dozing (uid 10029)...
D/SurfaceFlinger(  259): Set power mode=2, type=0 flinger=0xb6082000
D/qdhwcomposer(  259): hwc_setPowerMode: Setting mode 2 on display: 0
I/DisplayManagerService(  809): Display device changed: DisplayDeviceInfo{"Built-in Screen": uniqueId="local:0", 1440 x 2560, 60.0 fps, supportedRefreshRates [60.0], density 560, 494.27 x 492.606 dpi, appVsyncOff 7500000, presDeadline 12666667, touch INTERNAL, rotation 0, type BUILT_IN, state ON, FLAG_DEFAULT_DISPLAY, FLAG_ROTATES_WITH_CONTENT, FLAG_SECURE, FLAG_SUPPORTS_PROTECTED_BUFFERS}
D/qdhwcomposer(  259): hwc_setPowerMode: Done setting mode 2 on display 0
I/qdhwcomposer(  259): handle_blank_event: dpy:0 panel power state: 1
I/DreamManagerService(  809): Gently waking up from dream.
I/DreamManagerService(  809): Leaving dreamland.
I/DreamController(  809): Stopping dream: name=ComponentInfo{com.android.systemui/com.android.systemui.doze.DozeService}, isTest=false, canDoze=true, userId=0
V/KeyguardServiceDelegate(  809): onScreenTurnedOn(showListener = com.android.internal.policy.impl.PhoneWindowManager$2@2f6b2f4d)
V/ActivityManager(  809): Display changed displayId=0
D/audio_hw_primary(  361): adev_set_parameters: enter: screen_state=on
D/mot_vr_audio_hw(  361): adev_set_parameters: screen_state=on
E/WifiStateMachine(  809): cancelDelayedScan -> 7806
E/native  (  809): do suspend false
D/WifiService(  809): acquireWifiLockLocked: WifiLock{NlpWifiLock type=2 binder=android.os.BinderProxy@2548fcf0}
V/KeyguardServiceDelegate(  809): **** SHOWN CALLED ****
E/WifiStateMachine(  809): WifiStateMachine CMD_START_SCAN source 10014 txSuccessRate=1.00 rxSuccessRate=13.50 targetRoamBSSID=any RSSI=-41
D/audio_hw_primary(  361): disable_audio_route: reset and update mixer path: low-latency-playback speaker
D/audio_hw_primary(  361): disable_snd_device: snd_device(4: speaker-safe)
E/WifiStateMachine(  809): WifiStateMachine CMD_START_SCAN source -2 txSuccessRate=0.50 rxSuccessRate=6.75 targetRoamBSSID=any RSSI=-41
D/WifiService(  809): releaseWifiLockLocked: WifiLock{NlpWifiLock type=2 binder=android.os.BinderProxy@2548fcf0}
E/LocSvc_IzatApiV02(  809): E/virtual int izat_core::IzatApiV02::injectLocation(GpsExtLocation):857]: error! inject position failed
I/PowerManagerService(  809): Going to sleep due to screen timeout (uid 1000)...
I/DisplayManagerService(  809): Display device changed: DisplayDeviceInfo{"Built-in Screen": uniqueId="local:0", 1440 x 2560, 60.0 fps, supportedRefreshRates [60.0], density 560, 494.27 x 492.606 dpi, appVsyncOff 7500000, presDeadline 12666667, touch INTERNAL, rotation 0, type BUILT_IN, state OFF, FLAG_DEFAULT_DISPLAY, FLAG_ROTATES_WITH_CONTENT, FLAG_SECURE, FLAG_SUPPORTS_PROTECTED_BUFFERS}
D/SurfaceFlinger(  259): Set power mode=0, type=0 flinger=0xb6082000
D/qdhwcomposer(  259): hwc_setPowerMode: Setting mode 0 on display: 0
V/ActivityManager(  809): Display changed displayId=0
I/qdhwcomposer(  259): handle_blank_event: dpy:0 panel power state: 0
D/qdhwcomposer(  259): hwc_setPowerMode: Done setting mode 0 on display 0
D/SurfaceControl(  809): Excessive delay in setPowerMode(): 282ms
I/DreamManagerService(  809): Entering dreamland.
I/PowerManagerService(  809): Dozing...
I/DreamController(  809): Starting dream: name=ComponentInfo{com.android.systemui/com.android.systemui.doze.DozeService}, isTest=false, canDoze=true, userId=0
D/audio_hw_primary(  361): adev_set_parameters: enter: screen_state=off
D/mot_vr_audio_hw(  361): adev_set_parameters: screen_state=off
E/WifiStateMachine(  809): cancelDelayedScan -> 7809
E/native  (  809): do suspend true
D/PhoneStatusBar(29970): disable: < expand ICONS alerts SYSTEM_INFO back HOME RECENT clock SEARCH >
I/art     (  809): Explicit concurrent mark sweep GC freed 42614(2MB) AllocSpace objects, 5(80KB) LOS objects, 19% free, 67MB/83MB, paused 3.545ms total 114.861ms
E/WifiStateMachine(  809): WifiStateMachine CMD_START_SCAN source -2 txSuccessRate=0.00 rxSuccessRate=0.00 targetRoamBSSID=any RSSI=-43
E/WifiStateMachine(  809): WifiStateMachine L2Connected CMD_START_SCAN source -2 7808, 7809 -> obsolete
I/DisplayPowerController(  809): Blocking screen on until initial contents have been drawn.
D/SurfaceFlinger(  259): Set power mode=1, type=0 flinger=0xb6082000
D/qdhwcomposer(  259): hwc_setPowerMode: Setting mode 1 on display: 0
I/DisplayManagerService(  809): Display device changed: DisplayDeviceInfo{"Built-in Screen": uniqueId="local:0", 1440 x 2560, 60.0 fps, supportedRefreshRates [60.0], density 560, 494.27 x 492.606 dpi, appVsyncOff 7500000, presDeadline 12666667, touch INTERNAL, rotation 0, type BUILT_IN, state DOZE, FLAG_DEFAULT_DISPLAY, FLAG_ROTATES_WITH_CONTENT, FLAG_SECURE, FLAG_SUPPORTS_PROTECTED_BUFFERS}
V/ActivityManager(  809): Display changed displayId=0
I/qdhwcomposer(  259): handle_blank_event: dpy:0 panel power state: 2
D/qdhwcomposer(  259): hwc_setPowerMode: Done setting mode 1 on display 0
D/SurfaceControl(  809): Excessive delay in setPowerMode(): 253ms
I/DisplayPowerController(  809): Unblocked screen on after 276 ms
I/DisplayManagerService(  809): Display device changed: DisplayDeviceInfo{"Built-in Screen": uniqueId="local:0", 1440 x 2560, 60.0 fps, supportedRefreshRates [60.0], density 560, 494.27 x 492.606 dpi, appVsyncOff 7500000, presDeadline 12666667, touch INTERNAL, rotation 0, type BUILT_IN, state OFF, FLAG_DEFAULT_DISPLAY, FLAG_ROTATES_WITH_CONTENT, FLAG_SECURE, FLAG_SUPPORTS_PROTECTED_BUFFERS}
V/ActivityManager(  809): Display changed displayId=0
D/SurfaceFlinger(  259): Set power mode=0, type=0 flinger=0xb6082000
D/qdhwcomposer(  259): hwc_setPowerMode: Setting mode 0 on display: 0
I/qdhwcomposer(  259): handle_blank_event: dpy:0 panel power state: 0
D/qdhwcomposer(  259): hwc_setPowerMode: Done setting mode 0 on display 0
D/SurfaceControl(  809): Excessive delay in setPowerMode(): 263ms
I/DisplayPowerController(  809): Blocking screen on until initial contents have been drawn.
D/SurfaceFlinger(  259): Set power mode=1, type=0 flinger=0xb6082000
D/qdhwcomposer(  259): hwc_setPowerMode: Setting mode 1 on display: 0
I/DisplayManagerService(  809): Display device changed: DisplayDeviceInfo{"Built-in Screen": uniqueId="local:0", 1440 x 2560, 60.0 fps, supportedRefreshRates [60.0], density 560, 494.27 x 492.606 dpi, appVsyncOff 7500000, presDeadline 12666667, touch INTERNAL, rotation 0, type BUILT_IN, state DOZE, FLAG_DEFAULT_DISPLAY, FLAG_ROTATES_WITH_CONTENT, FLAG_SECURE, FLAG_SUPPORTS_PROTECTED_BUFFERS}
V/ActivityManager(  809): Display changed displayId=0
I/qdhwcomposer(  259): handle_blank_event: dpy:0 panel power state: 2
D/qdhwcomposer(  259): hwc_setPowerMode: Done setting mode 1 on display 0
D/SurfaceControl(  809): Excessive delay in setPowerMode(): 251ms
I/DisplayPowerController(  809): Unblocked screen on after 274 ms
I/ActivityManager(  809): Start proc 19729:com.android.providers.calendar/u0a5 for content provider com.android.providers.calendar/.CalendarProvider2
W/ResourcesManager(19729): Asset path '/system/framework/android.test.runner.jar' does not exist or contains no resources.
I/CalendarProvider2(19729): Created com.android.providers.calendar.CalendarAlarmManager@3af37154(com.android.providers.calendar.CalendarProvider2@12708fd)
I/CalendarProvider2(19729): Sending notification intent: Intent { act=android.intent.action.PROVIDER_CHANGED dat=content://com.android.calendar }
W/ContentResolver(19729): Failed to get type for: content://com.android.calendar (Unknown URL content://com.android.calendar)
I/ActivityManager(  809): Start proc 19750:com.google.android.calendar/u0a43 for broadcast com.google.android.calendar/com.android.calendar.alerts.AlertReceiver
I/art     (  372): Explicit concurrent mark sweep GC freed 706(30KB) AllocSpace objects, 0(0B) LOS objects, 40% free, 21MB/36MB, paused 442us total 16.337ms
I/art     (  372): Explicit concurrent mark sweep GC freed 5(160B) AllocSpace objects, 0(0B) LOS objects, 40% free, 21MB/36MB, paused 356us total 15.916ms
I/art     (  372): Explicit concurrent mark sweep GC freed 5(160B) AllocSpace objects, 0(0B) LOS objects, 40% free, 21MB/36MB, paused 341us total 15.202ms
E/SQLiteLog(19750): (283) recovered 44 frames from WAL file /data/data/com.google.android.calendar/databases/timelydata.db-wal
I/AnalyticsLogBase(19750): PlayLogger.onLoggerConnected
I/DisplayManagerService(  809): Display device changed: DisplayDeviceInfo{"Built-in Screen": uniqueId="local:0", 1440 x 2560, 60.0 fps, supportedRefreshRates [60.0], density 560, 494.27 x 492.606 dpi, appVsyncOff 7500000, presDeadline 12666667, touch INTERNAL, rotation 0, type BUILT_IN, state OFF, FLAG_DEFAULT_DISPLAY, FLAG_ROTATES_WITH_CONTENT, FLAG_SECURE, FLAG_SUPPORTS_PROTECTED_BUFFERS}
V/ActivityManager(  809): Display changed displayId=0
D/SurfaceFlinger(  259): Set power mode=0, type=0 flinger=0xb6082000
D/qdhwcomposer(  259): hwc_setPowerMode: Setting mode 0 on display: 0
I/qdhwcomposer(  259): handle_blank_event: dpy:0 panel power state: 0
D/qdhwcomposer(  259): hwc_setPowerMode: Done setting mode 0 on display 0
D/SurfaceControl(  809): Excessive delay in setPowerMode(): 269ms
I/GAV2    (19750): Thread[GAThread,5,main]: No campaign data found.
I/DisplayPowerController(  809): Blocking screen on until initial contents have been drawn.
D/SurfaceFlinger(  259): Set power mode=1, type=0 flinger=0xb6082000
D/qdhwcomposer(  259): hwc_setPowerMode: Setting mode 1 on display: 0
I/DisplayManagerService(  809): Display device changed: DisplayDeviceInfo{"Built-in Screen": uniqueId="local:0", 1440 x 2560, 60.0 fps, supportedRefreshRates [60.0], density 560, 494.27 x 492.606 dpi, appVsyncOff 7500000, presDeadline 12666667, touch INTERNAL, rotation 0, type BUILT_IN, state DOZE, FLAG_DEFAULT_DISPLAY, FLAG_ROTATES_WITH_CONTENT, FLAG_SECURE, FLAG_SUPPORTS_PROTECTED_BUFFERS}
V/ActivityManager(  809): Display changed displayId=0
I/qdhwcomposer(  259): handle_blank_event: dpy:0 panel power state: 2
D/qdhwcomposer(  259): hwc_setPowerMode: Done setting mode 1 on display 0
D/SurfaceControl(  809): Excessive delay in setPowerMode(): 245ms
I/DisplayPowerController(  809): Unblocked screen on after 266 ms
I/DisplayManagerService(  809): Display device changed: DisplayDeviceInfo{"Built-in Screen": uniqueId="local:0", 1440 x 2560, 60.0 fps, supportedRefreshRates [60.0], density 560, 494.27 x 492.606 dpi, appVsyncOff 7500000, presDeadline 12666667, touch INTERNAL, rotation 0, type BUILT_IN, state OFF, FLAG_DEFAULT_DISPLAY, FLAG_ROTATES_WITH_CONTENT, FLAG_SECURE, FLAG_SUPPORTS_PROTECTED_BUFFERS}
D/SurfaceFlinger(  259): Set power mode=0, type=0 flinger=0xb6082000
D/qdhwcomposer(  259): hwc_setPowerMode: Setting mode 0 on display: 0
V/ActivityManager(  809): Display changed displayId=0
I/qdhwcomposer(  259): handle_blank_event: dpy:0 panel power state: 0
D/qdhwcomposer(  259): hwc_setPowerMode: Done setting mode 0 on display 0
D/SurfaceControl(  809): Excessive delay in setPowerMode(): 281ms
D/AndroidRuntime(19789): >>>>>> START com.android.internal.os.RuntimeInit uid 2000 <<<<<<
D/AndroidRuntime(19789): CheckJNI is OFF
D/AndroidRuntime(19789): Calling main entry com.android.commands.pm.Pm
D/Finsky  (16362): [1] PackageVerificationReceiver.onReceive: Verification requested, id = 32
D/Finsky  (16362): [1] WorkerTask.onPreExecute: Verification Requested for id = 32, data=file:///data/local/tmp/MainActivity-debug.apk flags=114 fromVerificationActivity=false
I/qtaguid (16362): Failed write_ctrl(u 74) res=-1 errno=22
I/qtaguid (16362): Untagging socket 74 failed errno=-22
W/NetworkManagementSocketTagger(16362): untagSocket(74) failed with errno -22
D/Finsky  (16362): [1] 2.onResponse: Verification id=32 response=0
D/Finsky  (16362): [1] PackageVerificationReceiver.onReceive: Verification requested, id = 32
D/DefContainer(17310): Copying /data/local/tmp/MainActivity-debug.apk to base.apk
D/PackageManager(  809): Renaming /data/app/vmdl729553285.tmp to /data/app/com.ionicframework.comrevivalxionicpush778226-2
I/ActivityManager(  809): Force stopping com.ionicframework.comrevivalxionicpush778226 appid=10096 user=-1: uninstall pkg
I/ActivityManager(  809): Killing 19228:com.ionicframework.comrevivalxionicpush778226/u0a96 (adj 9): stop com.ionicframework.comrevivalxionicpush778226
I/WindowState(  809): WIN DEATH: Window{2a5af3cd u0 com.ionicframework.comrevivalxionicpush778226/com.ionicframework.comrevivalxionicpush778226.MainActivity}
I/PackageManager(  809): Package com.ionicframework.comrevivalxionicpush778226 codePath changed from /data/app/com.ionicframework.comrevivalxionicpush778226-1 to /data/app/com.ionicframework.comrevivalxionicpush778226-2; Retaining data and using new
I/PackageManager(  809): Running dexopt on: /data/app/com.ionicframework.comrevivalxionicpush778226-2/base.apk pkg=com.ionicframework.comrevivalxionicpush778226 isa=arm vmSafeMode=false
I/ActivityManager(  809):   Force finishing activity 3 ActivityRecord{3047d8e9 u0 com.ionicframework.comrevivalxionicpush778226/.MainActivity t1014}
I/dex2oat (19807): /system/bin/dex2oat --zip-fd=6 --zip-location=/data/app/com.ionicframework.comrevivalxionicpush778226-2/base.apk --oat-fd=7 --oat-location=/data/dalvik-cache/arm/data@app@com.ionicframework.comrevivalxionicpush778226-2@base.apk@classes.dex --instruction-set=arm --instruction-set-features=div --runtime-arg -Xms64m --runtime-arg -Xmx512m --swap-fd=8
W/ActivityManager(  809): Spurious death for ProcessRecord{d682e57 19228:com.ionicframework.comrevivalxionicpush778226/u0a96}, curProc for 19228: null
I/dex2oat (19807): Decided to run without swap.
I/dex2oat (19807): dex2oat took 750.401ms (threads: 4) arena alloc=93KB java alloc=1479KB native alloc=3MB free=4MB
I/ActivityManager(  809): Force stopping com.ionicframework.comrevivalxionicpush778226 appid=10096 user=-1: update pkg
W/PackageManager(  809): Code path for pkg : com.ionicframework.comrevivalxionicpush778226 changing from /data/app/com.ionicframework.comrevivalxionicpush778226-1 to /data/app/com.ionicframework.comrevivalxionicpush778226-2
W/PackageManager(  809): Resource path for pkg : com.ionicframework.comrevivalxionicpush778226 changing from /data/app/com.ionicframework.comrevivalxionicpush778226-1 to /data/app/com.ionicframework.comrevivalxionicpush778226-2
I/ActivityManager(  809): Force stopping com.ionicframework.comrevivalxionicpush778226 appid=10096 user=0: pkg removed
I/art     ( 1400): Explicit concurrent mark sweep GC freed 31082(2MB) AllocSpace objects, 9(3MB) LOS objects, 11% free, 61MB/69MB, paused 479us total 56.504ms
I/art     (16362): Explicit concurrent mark sweep GC freed 28572(1961KB) AllocSpace objects, 21(328KB) LOS objects, 11% free, 59MB/67MB, paused 622us total 69.752ms
I/InputReader(  809): Reconfiguring input devices.  changes=0x00000010
I/InputReader(  809): Reconfiguring input devices.  changes=0x00000010
D/BuaReceiver(15271): ====== got intent:Intent { act=android.intent.action.PACKAGE_REMOVED dat=package:com.ionicframework.comrevivalxionicpush778226 flg=0x4000010 cmp=com.motorola.android.buacontactadapter/.BuaReceiver (has extras) }
W/ActivityManager(  809): Permission Denial: Accessing service ComponentInfo{com.google.android.music/com.google.android.music.dial.DialMediaRouteProviderService} from pid=9214, uid=10119 that is not exported from uid 10073
W/ActivityManager(  809): Permission Denial: Accessing service ComponentInfo{com.google.android.music/com.google.android.music.dial.DialMediaRouteProviderService} from pid=9214, uid=10119 that is not exported from uid 10073
I/art     ( 4959): Explicit concurrent mark sweep GC freed 52698(1549KB) AllocSpace objects, 3(2MB) LOS objects, 11% free, 59MB/67MB, paused 720us total 106.366ms
I/InputReader(  809): Reconfiguring input devices.  changes=0x00000010
W/ActivityManager(  809): Permission Denial: Accessing service ComponentInfo{com.google.android.music/com.google.android.music.dial.DialMediaRouteProviderService} from pid=9214, uid=10119 that is not exported from uid 10073
I/art     (29970): Explicit concurrent mark sweep GC freed 141439(5MB) AllocSpace objects, 7(4MB) LOS objects, 18% free, 71MB/87MB, paused 1.303ms total 102.154ms
W/ContextImpl(18801): Calling a method in the system process without a qualified user: android.app.ContextImpl.startService:1692 android.content.ContextWrapper.startService:516 android.content.ContextWrapper.startService:516 com.android.keychain.KeyChainBroadcastReceiver.onReceive:12 android.app.ActivityThread.handleReceiver:2609 
I/ActivityManager(  809): Start proc 19814:com.google.android.apps.docs/u0a53 for broadcast com.google.android.apps.docs/.receivers.AppPackageAddRemoveReceiver
I/art     (  809): Explicit concurrent mark sweep GC freed 43547(2MB) AllocSpace objects, 13(1948KB) LOS objects, 19% free, 65MB/81MB, paused 1.911ms total 148.540ms
D/JobSchedulerService(  809): Receieved: android.intent.action.PACKAGE_REMOVED
